D/libc    (  424): , tls=0x553daf00, arg=0x529b9ee8
D/memalloc(  105): ion: Allocated buffer base:0x4171f000 size:40960 fd:62
D/memalloc(  105): ion: Allocated buffer base:0x41895000 size:4096 fd:63
D/memalloc(  424): ion: Mapped buffer base:0x52be5000 size:40960 offset:0 fd:72
D/PowerManagerService(  317): acquireWakeLock(41f930b8): PARTIAL_WAKE_LOCK , tag=RILJ, flags=0x1, pid=558, uid=1001, mUserState=0x3
I/GservicesProvider(  619): Gservices pushing to system: true; secure: true
D/memalloc(  424): ion: Mapped buffer base:0x52a18000 size:4096 offset:0 fd:74
D/PowerManagerService(  317): releaseWakeLock(41f930b8): PARTIAL_WAKE_LOCK , tag=RILJ, flags=0x1
D/BluetoothA2dpService(  317): GPS enabled = false
I/Launcher.Utilities(  583): checking configuration of com.htc.launcher: 1
D/libc    (  542): pt_debug : pthread_create->start_routine=0x40863735, tls=0x541c2f00, arg=0x4fab8170
D/libc    (  542): pt_debug : __thread_entry->func=0x40863735
D/libc    (  542): , tls=0x541c2f00, arg=0x4fab8170
I/XT9IME  (  542): [createKeyMapFactory] sFeature_QWERTYStyle = 0
D/PowerManagerService(  317): releaseWakeLock(41f58100): PARTIAL_WAKE_LOCK , tag=GpsLocationProvider, flags=0x1
D/libc    (  583): pt_debug : pthread_create->start_routine=0x40863735, tls=0x53e23f00, arg=0x529ba738
D/WIFI_ICON(  424): updateWifiState: action=android.net.wifi.WIFI_STATE_CHANGED enabled=false
D/libc    (  108): pt_debug : pthread_create->start_routine=0x40863735, tls=0x4f8a7f00, arg=0x416183f0
D/libc    (  108): pt_debug : __thread_entry->func=0x40863735
D/libc    (  108): , tls=0x4f8a7f00, arg=0x416183f0
D/libc    (  108): pt_debug : pthread_create->start_routine=0x40863735, tls=0x4f9a7f00, arg=0x531cd008
D/libc    (  108): pt_debug : __thread_entry->func=0x40863735
D/libc    (  108): , tls=0x4f9a7f00, arg=0x531cd008
D/libc    (  108): pt_debug : pthread_create->start_routine=0x40863735, tls=0x4faa7f00, arg=0x52dde1e0
D/libc    (  108): pt_debug : __thread_entry->func=0x40863735
D/libc    (  108): , tls=0x4faa7f00, arg=0x52dde1e0
I/ActivityManager(  317): Start proc android.process.acore for content provider com.android.providers.userdictionary/.UserDictionaryProvider: pid=649 uid=10016 gids={3003, 1015, 5002, 1028}
D/StatusBar.NetworkController(  424): dumpIconState[dataVisible=false dataIconId=(null) signalIconId=stat_sys_5signal_null lastIconLevel=0 wifiVisible=false wifiIconId=(null) simCardVisible=false simCardIconId=null airplaneMode=false]
D/libc    (  649): pt_debug : pthread_create->start_routine=0x40862ca5, tls=0x4f8a7f00, arg=0x4daad0d0
D/libc    (  583): pt_debug : __thread_entry->func=0x40863735
D/libc    (  583): , tls=0x53e23f00, arg=0x529ba738
D/HtcKeypadBgBtn(  567): constructor
D/libc    (  649): pt_debug : __thread_entry->func=0x40862ca5
D/libc    (  649): , tls=0x4f8a7f00, arg=0x4daad0d0
D/libc    (  649): pt_debug : pthread_create->start_routine=0x40862ca5, tls=0x4f9a7f00, arg=0x4daaca00
D/libc    (  649): pt_debug : __thread_entry->func=0x40862ca5
D/libc    (  649): , tls=0x4f9a7f00, arg=0x4daaca00
D/libc    (  649): pt_debug : pthread_create->start_routine=0x40862ca5, tls=0x4faa7f00, arg=0x52e66400
D/libc    (  583): pt_debug : pthread_create->start_routine=0x40863735, tls=0x53f23f00, arg=0x530e0ac0
D/libc    (  583): pt_debug : pthread_create->start_routine=0x400806b1, tls=0x54023f00, arg=0x529baed0
D/libc    (  583): pt_debug : __thread_entry->func=0x40863735
D/libc    (  583): , tls=0x53f23f00, arg=0x530e0ac0
D/libc    (  583): pt_debug : __thread_entry->func=0x400806b1
D/libc    (  583): , tls=0x54023f00, arg=0x529baed0
D/libc    (  649): pt_debug : __thread_entry->func=0x40862ca5
D/libc    (  649): , tls=0x4faa7f00, arg=0x52e66400
D/libc    (  649): pt_debug : pthread_create->start_routine=0x40862ca5, tls=0x5339ef00, arg=0x507370c8
D/libc    (  558): pt_debug : pthread_create->start_routine=0x40863735, tls=0x54332f00, arg=0x528dc5b0
D/libc    (  649): pt_debug : __thread_entry->func=0x40862ca5
D/libc    (  649): , tls=0x5339ef00, arg=0x507370c8
D/libc    (  649): pt_debug : pthread_create->start_routine=0x40863735, tls=0x5349ef00, arg=0x528c0008
D/libc    (  649): pt_debug : __thread_entry->func=0x40863735
D/libc    (  649): , tls=0x5349ef00, arg=0x528c0008
D/libc    (  649): pt_debug : pthread_create->start_routine=0x40863735, tls=0x5359ef00, arg=0x52c82b38
I/Choreographer(  424): Skipped 135 frames!  The application may be doing too much work on its main thread.
D/libc    (  649): pt_debug : __thread_entry->func=0x40863735
D/libc    (  649): , tls=0x5359ef00, arg=0x52c82b38
D/ScaledString(  567): string or paint is null
D/PowerUI (  424): closing low battery warning: level=100
D/PowerUI (  424): plugged = true, health = 2, mBatteryLevel = 100, mPluggedBatteryLevel = 100, mLowBatteryWarningLevel2 = 25, mshowLowChargingWarning2 = true
D/libc    (  649): pt_debug : pthread_create->start_routine=0x40863735, tls=0x5369ef00, arg=0x528d9360
D/libc    (  649): pt_debug : __thread_entry->func=0x40863735
D/libc    (  649): , tls=0x5369ef00, arg=0x528d9360
I/XT9_JNI (  542): [Java_T9_nativeLoad] Native side is already initiated.
D/HtcKeypadBgBtn(  567): constructor
D/ScaledString(  567): string or paint is null
D/libc    (  558): pt_debug : __thread_entry->func=0x40863735
D/libc    (  558): , tls=0x54332f00, arg=0x528dc5b0
D/HtcKeypadBgBtn(  567): constructor
I/XT9_JNI (  542): [Java_T9_nativeLoad] Native side is already initiated.
D/ScaledString(  567): string or paint is null
D/HtcKeypadBgBtn(  567): constructor
D/ScaledString(  567): string or paint is null
D/libc    (  649): pt_debug : pthread_create->start_routine=0x400806b1, tls=0x5399cf00, arg=0x507fc1f8
D/HtcKeypadBgBtn(  567): constructor
D/libc    (  649): pt_debug : __thread_entry->func=0x400806b1
D/libc    (  649): , tls=0x5399cf00, arg=0x507fc1f8
D/libc    (  649): pt_debug : pthread_create->start_routine=0x400806b1, tls=0x53a9cf00, arg=0x4e4d7f98
D/ScaledString(  567): string or paint is null
D/HtcKeypadBgBtn(  567): constructor
D/libc    (  649): pt_debug : __thread_entry->func=0x400806b1
D/libc    (  649): , tls=0x53a9cf00, arg=0x4e4d7f98
D/ScaledString(  567): string or paint is null
D/HtcKeypadBgBtn(  567): constructor
D/ScaledString(  567): string or paint is null
D/HtcKeypadBgBtn(  567): constructor
D/ScaledString(  567): string or paint is null
D/libc    (  518): pt_debug : pthread_create->start_routine=0x40863735, tls=0x53e9cf00, arg=0x52d84008
D/GpsLocationProvider(  317): [handleMessage] message :2
D/HtcKeypadBgBtn(  567): constructor
D/ScaledString(  567): string or paint is null
D/HtcKeypadBgBtn(  567): constructor
D/ScaledString(  567): string or paint is null
D/HtcKeypadBgBtn(  567): constructor
E/Trace   (  649): error opening trace file: No such file or directory (2)
D/ScaledString(  567): string or paint is null
D/HtcKeypadBgBtn(  567): constructor
D/ScaledString(  567): string or paint is null
D/libc    (  542): pt_debug : pthread_create->start_routine=0x40863735, tls=0x542c2f00, arg=0x52d84008
D/HtcKeypadBgBtn(  567): constructor
D/ScaledString(  567): string or paint is null
D/HtcKeypadBgBtn(  567): constructor
D/libc    (  518): pt_debug : __thread_entry->func=0x40863735
D/libc    (  518): , tls=0x53e9cf00, arg=0x52d84008
D/libc    (  542): pt_debug : __thread_entry->func=0x40863735
D/libc    (  542): , tls=0x542c2f00, arg=0x52d84008
D/ScaledString(  567): string or paint is null
D/libc    (  518): pt_debug : pthread_create->start_routine=0x40863735, tls=0x53f9cf00, arg=0x529087e8
D/HtcKeypadBgBtn(  567): constructor
D/GpsLocationProvider(  317): Gps MessageHandler. msg.what 2 msg.arg1:0 msg.arg2: 1
D/ScaledString(  567): string or paint is null
D/libc    (  518): pt_debug : __thread_entry->func=0x40863735
D/libc    (  518): , tls=0x53f9cf00, arg=0x529087e8
D/HtcKeypadBgBtn(  567): constructor
D/ScaledString(  567): string or paint is null
D/HtcKeypadBgBtn(  567): constructor
D/ScaledString(  567): string or paint is null
D/HtcKeypadBgBtn(  567): constructor
D/ScaledString(  567): string or paint is null
D/HtcKeypadBgBtn(  567): constructor
D/ScaledString(  567): string or paint is null
D/HtcKeypadBgBtn(  567): constructor
D/ScaledString(  567): string or paint is null
I/TraceConfig(  542): [load] mTracePrediction = false
D/HtcKeypadBgBtn(  567): constructor
D/ScaledString(  567): string or paint is null
D/HtcKeypadBgBtn(  567): constructor
D/ScaledString(  567): string or paint is null
I/ActivityThread(  649): Pub contacts;com.android.contacts: com.android.providers.contacts.HtcContactsProvider2
D/HtcKeypadBgBtn(  567): constructor
D/ScaledString(  567): string or paint is null
D/HtcKeypadBgBtn(  567): constructor
D/ScaledString(  567): string or paint is null
D/HtcKeypadBgBtn(  567): constructor
D/GpsLocationProvider(  317): [handleMessage] ENABLE :0
D/ScaledString(  567): string or paint is null
D/HtcKeypadBgBtn(  567): constructor
D/ScaledString(  567): string or paint is null
D/HtcKeypadBgBtn(  567): constructor
D/GpsLocationProvider(  317): handleDisable.provider_message_type: 1
D/ScaledString(  567): string or paint is null
E/WifiHW  (  317): Supplicant not running, cannot connect
D/HtcKeypadBgBtn(  567): constructor
I/ActivityThread(  619): Pub com.google.android.providers.talk: com.google.android.gsf.talk.TalkProvider
D/ScaledString(  567): string or paint is null
D/HtcKeypadBgBtn(  567): constructor
D/ScaledString(  567): string or paint is null
D/HtcKeypadBgBtn(  567): constructor
D/ScaledString(  567): string or paint is null
W/PowerManagerService(  317): Can not get flags by lock
D/HtcKeypadBgBtn(  567): constructor
D/ScaledString(  567): string or paint is null
D/libc    (  558): pt_debug : pthread_create->start_routine=0x40863735, tls=0x54332f00, arg=0x52b2aa78
D/HtcKeypadBgBtn(  567): constructor
D/libc    (  558): pt_debug : __thread_entry->func=0x40863735
D/libc    (  558): , tls=0x54332f00, arg=0x52b2aa78
D/libc    (  558): pt_debug : pthread_create->start_routine=0x40863735, tls=0x54432f00, arg=0x52bf1008
D/ScaledString(  567): string or paint is null
D/HtcKeypadBgBtn(  567): constructor
D/ScaledString(  567): string or paint is null
D/HtcKeypadBgBtn(  567): constructor
D/libc    (  558): pt_debug : __thread_entry->func=0x40863735
D/libc    (  558): , tls=0x54432f00, arg=0x52bf1008
D/ScaledString(  567): string or paint is null
D/HtcKeypadBgBtn(  567): constructor
D/ScaledString(  567): string or paint is null
D/HtcKeypadBgBtn(  567): constructor
D/ScaledString(  567): string or paint is null
D/HtcKeypadBgBtn(  567): constructor
D/ScaledString(  567): string or paint is null
D/HtcKeypadBgBtn(  567): constructor
D/PowerManagerService(  317): acquireWakeLock(41c53d40): PARTIAL_WAKE_LOCK , tag=RILJ, flags=0x1, pid=558, uid=1001, mUserState=0x3
D/CAT     (  558): CatService: CatService: is running
D/libc    (  619): pt_debug : pthread_create->start_routine=0x40863735, tls=0x540aef00, arg=0x528be008
D/ScaledString(  567): string or paint is null
D/PowerManagerService(  317): releaseWakeLock(41c53d40): PARTIAL_WAKE_LOCK , tag=RILJ, flags=0x1
D/CAT     (  558): CatService: Running CAT service. STK app installed:true
D/libc    (  619): pt_debug : __thread_entry->func=0x40863735
D/libc    (  619): , tls=0x540aef00, arg=0x528be008
D/CAT     (  558): CatService: NEW sInstance
D/HtcKeypadBgBtn(  567): constructor
D/ScaledString(  567): string or paint is null
D/HtcKeypadBgBtn(  567): constructor
D/libc    (  619): pt_debug : pthread_create->start_routine=0x40863735, tls=0x541aef00, arg=0x5073f148
D/ScaledString(  567): string or paint is null
D/libc    (  619): pt_debug : __thread_entry->func=0x40863735
D/libc    (  619): , tls=0x541aef00, arg=0x5073f148
D/Dialer_Keypad(  567): getKeypadWidth = 320
D/libc    (  619): pt_debug : pthread_create->start_routine=0x40863735, tls=0x541aef00, arg=0x5073f148
D/libc    (  619): pt_debug : __thread_entry->func=0x40863735
D/libc    (  619): , tls=0x541aef00, arg=0x5073f148
D/Dialer_Keypad(  567): getKeypadHeight = 183
D/MeasureUtils(  567): mBtnHeight = 45
D/HtcKeypadBgBtn(  567): constructor
D/NetworkLocationClient(  619): binding to Intent { act=com.google.android.location.internal.ANDROID_NLP pkg=com.google.android.location }
D/HtcKeypadBgBtn(  567): constructor
W/WindowManager(  317): Window freeze timeout expired.
W/WindowManager(  317): Force clearing orientation change: Window{4203c998 StatusBar paused=false}
D/HtcKeypadBgBtn(  567): constructor
D/HtcKeypadBgBtn(  567): constructor
D/HtcKeypadBgBtn(  567): constructor
I/XT9_CIME_J(  542): <<<<<<<<<<< Loading share library
D/HtcKeypadBgBtn(  567): constructor
W/ActivityManager(  317): Unable to start service Intent { act=com.android.internal.telephony.IWapPushManager }: not found
D/HtcKeypadBgBtn(  567): constructor
D/HtcKeypadBgBtn(  567): constructor
I/XT9_JNI (  542): [Java_T9_nativeLoad] Native side is already initiated.
D/libc    (  558): pt_debug : pthread_create->start_routine=0x40863735, tls=0x54532f00, arg=0x4fb8dde8
D/libc    (  558): pt_debug : __thread_entry->func=0x40863735
D/libc    (  558): , tls=0x54532f00, arg=0x4fb8dde8
D/libc    (  558): pt_debug : pthread_create->start_routine=0x40863735, tls=0x54632f00, arg=0x4ef10268
I/XT9_JNI (  542): [Java_T9_nativeLoad] Native side is already initiated.
D/libc    (  558): pt_debug : __thread_entry->func=0x40863735
D/libc    (  558): , tls=0x54632f00, arg=0x4ef10268
D/HtcKeypadBgBtn(  567): constructor
D/HtcKeypadBgBtn(  567): constructor
D/memalloc(  105): ion: Allocated buffer base:0x419b7000 size:40960 fd:66
D/memalloc(  105): ion: Allocated buffer base:0x41c81000 size:4096 fd:67
D/memalloc(  424): ion: Mapped buffer base:0x52d91000 size:40960 offset:0 fd:77
D/memalloc(  424): ion: Mapped buffer base:0x52a67000 size:4096 offset:0 fd:79
I/Prism.IndicatorPagedVi_(  583): IndicatorPagedView.nCapability with type count = 1 and capability = 20
E/WifiHW  (  317): Supplicant not running, cannot connect
D/HtcKeypadBgBtn(  567): constructor
D/libc    (  619): pt_debug : pthread_create->start_routine=0x40863735, tls=0x542aef00, arg=0x52908008
I/XT9_JNI (  542): [Java_T9_nativeLoad] Native side is already initiated.
I/XT9_JNI (  542): [Java_T9_nativeLoad] Native side is already initiated.
D/HtcKeypadBgBtn(  567): constructor
I/Prism.IndicatorPagedVi_(  583): IndicatorPagedView.nCapability with type count = 1 and capability = 20
D/MeasureUtils(  567): mBtnWidth = 106
D/libc    (  619): pt_debug : __thread_entry->func=0x40863735
D/libc    (  619): , tls=0x542aef00, arg=0x52908008
D/HtcKeypadBgBtn(  567): initLayout()...
D/ScaledDrawable(  567): x = 64 y = 18
D/MeasureUtils(  567): getNumberX = 53.0
D/MeasureUtils(  567): getNumberY = 14.0
D/MeasureUtils(  567): mBtnWidth = 106
D/HtcKeypadBgBtn(  567): initLayout()...
I/jni_lib_cime(  542): ####### Loading cpt9 core library, Path=/system/lib/libcpt9core.so
D/PowerManagerService(  317): acquireWakeLock(41f2b278): PARTIAL_WAKE_LOCK , tag=RILJ, flags=0x1, pid=558, uid=1001, mUserState=0x3
D/MeasureUtils(  567): getNumberX = 53.0
D/MeasureUtils(  567): getNumberY = 14.0
D/MeasureUtils(  567): mBtnWidth = 106
D/PowerManagerService(  317): releaseWakeLock(41f2b278): PARTIAL_WAKE_LOCK , tag=RILJ, flags=0x1
D/HtcKeypadBgBtn(  567): initLayout()...
D/MeasureUtils(  567): getNumberX = 53.0
D/MeasureUtils(  567): getNumberY = 14.0
D/MeasureUtils(  567): mBtnWidth = 106
D/HtcKeypadBgBtn(  567): initLayout()...
D/MeasureUtils(  567): getNumberX = 53.0
I/C_CPT9  (  542): [Java_CPT9_nativeXT9InitialV62] ET9CPSysInit FINISH! Status=0
D/MeasureUtils(  567): getNumberY = 14.0
D/MeasureUtils(  567): mBtnWidth = 106
D/HtcKeypadBgBtn(  567): initLayout()...
D/MeasureUtils(  567): getNumberX = 53.0
D/MeasureUtils(  567): getNumberY = 14.0
D/MeasureUtils(  567): mBtnWidth = 106
D/HtcKeypadBgBtn(  567): initLayout()...
D/MeasureUtils(  567): getNumberX = 53.0
D/MeasureUtils(  567): getNumberY = 14.0
D/MeasureUtils(  567): mBtnWidth = 106
D/HtcKeypadBgBtn(  567): initLayout()...
D/MeasureUtils(  567): getNumberX = 53.0
D/MeasureUtils(  567): getNumberY = 14.0
D/MeasureUtils(  567): mBtnWidth = 106
D/        (  558): [ApnContext:default] set reason as dataEnabled, for type default,current state IDLE
D/HtcKeypadBgBtn(  567): initLayout()...
D/MeasureUtils(  567): getNumberX = 53.0
D/MeasureUtils(  567): getNumberY = 14.0
D/        (  558): [ApnContext:default] setRetryCount: 0
D/MeasureUtils(  567): mBtnWidth = 106
D/HtcKeypadBgBtn(  567): initLayout()...
D/MeasureUtils(  567): getNumberX = 53.0
D/MeasureUtils(  567): getNumberY = 14.0
D/MeasureUtils(  567): mBtnWidth = 106
D/HtcKeypadBgBtn(  567): initLayout()...
D/ScaledDrawable(  567): x = 45 y = 14
D/ScaledDrawable(  567): x = 63 y = 22
D/MeasureUtils(  567): mBtnWidth = 106
D/Dialer_Keypad(  567): getKeypadHeight = 183
D/HtcKeypadBgBtn(  567): initLayout()...
D/ScaledDrawable(  567): x = 63 y = 17
D/MeasureUtils(  567): getNumberX = 53.0
D/MeasureUtils(  567): getNumberY = 14.0
D/MeasureUtils(  567): mBtnWidth = 106
D/Dialer_Keypad(  567): getKeypadHeight = 183
D/        (  558): [ApnContext:mms] set reason as dataEnabled, for type mms,current state IDLE
D/HtcKeypadBgBtn(  567): initLayout()...
D/ScaledDrawable(  567): x = 45 y = 10
D/ScaledDrawable(  567): x = 63 y = 22
D/MeasureUtils(  567): mBtnWidth = 106
D/Dialer_Keypad(  567): getKeypadHeight = 183
D/        (  558): [ApnContext:mms] setRetryCount: 0
D/        (  558): [ApnContext:supl] set reason as dataEnabled, for type supl,current state IDLE
D/        (  558): [ApnContext:supl] setRetryCount: 0
D/        (  558): [ApnContext:dun] set reason as dataEnabled, for type dun,current state IDLE
D/        (  558): [ApnContext:dun] setRetryCount: 0
D/        (  558): [ApnContext:hipri] set reason as dataEnabled, for type hipri,current state IDLE
D/        (  558): [ApnContext:hipri] setRetryCount: 0
D/        (  558): [ApnContext:fota] set reason as dataEnabled, for type fota,current state IDLE
D/libc    (  619): pt_debug : pthread_create->start_routine=0x40863735, tls=0x543aef00, arg=0x52f44008
D/        (  558): [ApnContext:fota] setRetryCount: 0
D/        (  558): [ApnContext:ims] set reason as dataEnabled, for type ims,current state IDLE
D/libc    (  619): pt_debug : __thread_entry->func=0x40863735
D/libc    (  619): , tls=0x543aef00, arg=0x52f44008
D/        (  558): [ApnContext:ims] setRetryCount: 0
D/libc    (  619): pt_debug : pthread_create->start_routine=0x40863735, tls=0x544aef00, arg=0x529ba738
D/        (  558): [ApnContext:httpproxy] set reason as dataEnabled, for type httpproxy,current state IDLE
D/        (  558): [ApnContext:httpproxy] setRetryCount: 0
D/        (  558): [ApnContext:admin] set reason as dataEnabled, for type admin,current state IDLE
D/libc    (  619): pt_debug : __thread_entry->func=0x40863735
D/libc    (  619): , tls=0x544aef00, arg=0x529ba738
D/libc    (  619): pt_debug : pthread_create->start_routine=0x40863735, tls=0x545aef00, arg=0x501897e8
D/libc    (  619): pt_debug : __thread_entry->func=0x40863735
D/libc    (  619): , tls=0x545aef00, arg=0x501897e8
D/libc    (  619): pt_debug : pthread_create->start_routine=0x40863735, tls=0x546aef00, arg=0x530e0618
D/        (  558): [ApnContext:admin] setRetryCount: 0
D/libc    (  619): pt_debug : __thread_entry->func=0x40863735
D/libc    (  619): , tls=0x546aef00, arg=0x530e0618
D/        (  558): [ApnContext:internet] set reason as dataEnabled, for type internet,current state IDLE
D/        (  558): [ApnContext:internet] setRetryCount: 0
D/        (  558): [ApnContext:cmmail] set reason as dataEnabled, for type cmmail,current state IDLE
D/        (  558): [ApnContext:cmmail] setRetryCount: 0
D/        (  558): [ApnContext:entitle] set reason as dataEnabled, for type entitle,current state IDLE
D/        (  558): [ApnContext:entitle] setRetryCount: 0
D/NetworkLocationService(  619): onBind(com.android.location.service.GeocodeProvider) com.google.android.location
D/        (  558): [ApnContext:bip] set reason as dataEnabled, for type bip,current state IDLE
D/        (  558): [ApnContext:bip] setRetryCount: 0
D/NetworkLocationService(  619): onBind(com.android.location.service.NetworkLocationProvider) com.google.android.location
D/MobileDataStateTracker(  317): default: default got ACTION_DATA_CONNECTION_TRACKER_MESSENGER
D/MobileDataStateTracker(  317): mms: mms got ACTION_DATA_CONNECTION_TRACKER_MESSENGER
D/MobileDataStateTracker(  317): supl: supl got ACTION_DATA_CONNECTION_TRACKER_MESSENGER
D/MobileDataStateTracker(  317): dun: dun got ACTION_DATA_CONNECTION_TRACKER_MESSENGER
D/MobileDataStateTracker(  317): hipri: hipri got ACTION_DATA_CONNECTION_TRACKER_MESSENGER
D/MobileDataStateTracker(  317): fota: fota got ACTION_DATA_CONNECTION_TRACKER_MESSENGER
D/MobileDataStateTracker(  317): ims: ims got ACTION_DATA_CONNECTION_TRACKER_MESSENGER
D/MobileDataStateTracker(  317): null: null got ACTION_DATA_CONNECTION_TRACKER_MESSENGER
D/HtcKeypadBgBtn(  567): constructor
D/HtcKeypadBgBtn(  567): constructor
D/MobileDataStateTracker(  317): httpproxy: httpproxy got ACTION_DATA_CONNECTION_TRACKER_MESSENGER
D/MobileDataStateTracker(  317): admin: admin got ACTION_DATA_CONNECTION_TRACKER_MESSENGER
D/MobileDataStateTracker(  317): internet: internet got ACTION_DATA_CONNECTION_TRACKER_MESSENGER
D/MobileDataStateTracker(  317): null: null got ACTION_DATA_CONNECTION_TRACKER_MESSENGER
D/MobileDataStateTracker(  317): cmmail: cmmail got ACTION_DATA_CONNECTION_TRACKER_MESSENGER
D/MobileDataStateTracker(  317): null: null got ACTION_DATA_CONNECTION_TRACKER_MESSENGER
D/MobileDataStateTracker(  317): cmail: cmail got ACTION_DATA_CONNECTION_TRACKER_MESSENGER
D/MobileDataStateTracker(  317): entitle: entitle got ACTION_DATA_CONNECTION_TRACKER_MESSENGER
D/MobileDataStateTracker(  317): null: null got ACTION_DATA_CONNECTION_TRACKER_MESSENGER
D/MobileDataStateTracker(  317): bip: bip got ACTION_DATA_CONNECTION_TRACKER_MESSENGER
D/MobileDataStateTracker(  317): default: MdstHandler connected
D/MobileDataStateTracker(  317): mms: MdstHandler connected
D/MobileDataStateTracker(  317): supl: MdstHandler connected
D/MobileDataStateTracker(  317): dun: MdstHandler connected
D/MobileDataStateTracker(  317): hipri: MdstHandler connected
D/MobileDataStateTracker(  317): fota: MdstHandler connected
D/MobileDataStateTracker(  317): ims: MdstHandler connected
D/MobileDataStateTracker(  317): null: MdstHandler connected
D/MobileDataStateTracker(  317): httpproxy: MdstHandler connected
D/MobileDataStateTracker(  317): admin: MdstHandler connected
D/MobileDataStateTracker(  317): internet: MdstHandler connected
D/MobileDataStateTracker(  317): null: MdstHandler connected
D/MobileDataStateTracker(  317): cmmail: MdstHandler connected
D/MobileDataStateTracker(  317): null: MdstHandler connected
D/MobileDataStateTracker(  317): cmail: MdstHandler connected
D/MobileDataStateTracker(  317): entitle: MdstHandler connected
D/SyncManager(  317): setSyncAutomatically:  provider subscribedfeeds, user 0 -> true
D/SyncManager(  317): setSyncAutomatically: already set to true, doing nothing
D/MobileDataStateTracker(  317): null: MdstHandler connected
D/libc    (  619): pt_debug : pthread_create->start_routine=0x40863735, tls=0x547aef00, arg=0x52ddeb28
D/HtcKeypadBgBtn(  567): constructor
D/libc    (  619): pt_debug : __thread_entry->func=0x40863735
D/libc    (  619): , tls=0x547aef00, arg=0x52ddeb28
D/MobileDataStateTracker(  317): bip: MdstHandler connected
D/libc    (  619): pt_debug : pthread_create->start_routine=0x400806b1, tls=0x548aef00, arg=0x52ee28f0
D/libc    (  619): pt_debug : __thread_entry->func=0x400806b1
D/libc    (  619): , tls=0x548aef00, arg=0x52ee28f0
E/WifiHW  (  317): Supplicant not running, cannot connect
D/libc    (  619): pt_debug : pthread_create->start_routine=0x400806b1, tls=0x549aef00, arg=0x52dfa798
D/libc    (  619): pt_debug : __thread_entry->func=0x400806b1
D/libc    (  619): , tls=0x549aef00, arg=0x52dfa798
D/CallManager(  558): registerPhone(1 Handler (com.android.internal.telephony.PhoneProxy) {41b5d960})
D/libc    (  583): pt_debug : pthread_create->start_routine=0x40863735, tls=0x53e23f00, arg=0x507e62e8
D/libc    (  583): pt_debug : __thread_entry->func=0x40863735
D/libc    (  583): , tls=0x53e23f00, arg=0x507e62e8
I/FeedActionBar(  583): [custom highlight]setCustomHighlightAdapter, m_feedHostManager == null
D/libc    (  558): pt_debug : pthread_create->start_routine=0x40863735, tls=0x54732f00, arg=0x50743008
D/libc    (  558): pt_debug : __thread_entry->func=0x40863735
D/libc    (  558): , tls=0x54732f00, arg=0x50743008
D/memalloc(  105): ion: Allocated buffer base:0x42151000 size:614400 fd:70
D/memalloc(  105): ion: Allocated buffer base:0x40fcb000 size:4096 fd:71
D/memalloc(  424): ion: Mapped buffer base:0x555f0000 size:614400 offset:0 fd:82
D/memalloc(  424): ion: Mapped buffer base:0x52ac2000 size:4096 offset:0 fd:84
D/libc    (  649): pt_debug : pthread_create->start_routine=0x40863735, tls=0x53f0bf00, arg=0x4fab8170
I/gmmInternalNlpService(  619): internal NLP onStart(com.google.android.location.internal.ANDROID_NLP) com.google.android.location
D/libc    (  558): pt_debug : pthread_create->start_routine=0x40863735, tls=0x54832f00, arg=0x50742168
I/Choreographer(  424): Skipped 98 frames!  The application may be doing too much work on its main thread.
D/libc    (  649): pt_debug : __thread_entry->func=0x40863735
D/libc    (  649): , tls=0x53f0bf00, arg=0x4fab8170
I/NotificationRowLayout(  424): onMeasure.refineExpand:false
D/libc    (  558): pt_debug : __thread_entry->func=0x40863735
D/libc    (  558): , tls=0x54832f00, arg=0x50742168
D/libc    (  649): pt_debug : pthread_create->start_routine=0x40863735, tls=0x5400bf00, arg=0x50743670
D/libc    (  649): pt_debug : __thread_entry->func=0x40863735
D/libc    (  649): , tls=0x5400bf00, arg=0x50743670
D/libc    (  567): pt_debug : pthread_create->start_routine=0x40863735, tls=0x53c56f00, arg=0x5074cdf0
D/libc    (  567): pt_debug : __thread_entry->func=0x40863735
D/libc    (  567): , tls=0x53c56f00, arg=0x5074cdf0
D/memalloc(  105): ion: Allocated buffer base:0x41729000 size:40960 fd:74
D/libc    (  583): pt_debug : pthread_create->start_routine=0x40863735, tls=0x54123f00, arg=0x507e75e0
D/memalloc(  105): ion: Allocated buffer base:0x41896000 size:4096 fd:75
D/memalloc(  424): ion: Mapped buffer base:0x52da7000 size:40960 offset:0 fd:86
D/memalloc(  424): ion: Mapped buffer base:0x52ac4000 size:4096 offset:0 fd:88
D/libc    (  583): pt_debug : __thread_entry->func=0x40863735
D/libc    (  583): , tls=0x54123f00, arg=0x507e75e0
I/Prism.IndicatorPagedVi_(  583): IndicatorPagedView.nCapability with type count = 1 and capability = 12
I/Prism.IndicatorPagedVi_(  583): IndicatorPagedView.nCapability with type count = 1 and capability = 4
D/NetworkLocationClient(  619): onServiceConnected to ComponentInfo{com.google.android.location/com.google.android.location.internal.server.NetworkLocationService}
I/FeedProviderManager(  583): setFeedDataChangeObserver: com.htc.launcher.feeds.FeedPageAdapter@41d585e0
D/libc    (  649): pt_debug : pthread_create->start_routine=0x40863735, tls=0x5400bf00, arg=0x50743670
E/WifiHW  (  317): Supplicant not running, cannot connect
D/libc    (  649): pt_debug : __thread_entry->func=0x40863735
D/libc    (  649): , tls=0x5400bf00, arg=0x50743670
I/FeedHostManager(  583): NightMode begin at 1, end at 7
D/Socket_Alarm(  583): registerHTCSocketMonitorCallBack
D/Socket_Alarm(  583): set mSocketMonitor
D/Socket_Alarm(  583): HTCSocketMonitorImpl::HTCSocketMonitorImpl
I/FeedHostManager(  583): scheduleNextNightModeAlarm - today's NightMode - CurrentTime: 1399557999975, BeginTime: 1399579200000, EndTime: 1399600800000
D/libc    (  649): pt_debug : pthread_create->start_routine=0x40863735, tls=0x5410bf00, arg=0x4ef10268
V/HtcTelephony(  558): ServiceManager.addService(HTCTELEPHONY_SERVICE
D/libc    (  649): pt_debug : __thread_entry->func=0x40863735
D/libc    (  649): , tls=0x5410bf00, arg=0x4ef10268
I/ActivityThread(  649): Pub com.htc.provider.settings: com.htc.provider.settings.NotificationFlashLightProvider
D/libc    (  558): pt_debug : pthread_create->start_routine=0x40863735, tls=0x54832f00, arg=0x50742168
D/libc    (  558): pt_debug : __thread_entry->func=0x40863735
D/libc    (  558): , tls=0x54832f00, arg=0x50742168
D/libc    (  583): pt_debug : pthread_create->start_routine=0x400806b1, tls=0x54123f00, arg=0x507e7028
D/libc    (  583): pt_debug : pthread_create->start_routine=0x400806b1, tls=0x54223f00, arg=0x507e73d0
D/libc    (  583): pt_debug : __thread_entry->func=0x400806b1
D/libc    (  583): , tls=0x54123f00, arg=0x507e7028
D/libc    (  583): pt_debug : __thread_entry->func=0x400806b1
D/libc    (  583): , tls=0x54223f00, arg=0x507e73d0
E/WVMExtractor(  110): Failed to open libwvm.so
I/FeedHostManager(  583): onCreate
D/libc    (  583): pt_debug : pthread_create->start_routine=0x40863735, tls=0x54323f00, arg=0x507ea600
D/libc    (  583): pt_debug : __thread_entry->func=0x40863735
D/libc    (  583): , tls=0x54323f00, arg=0x507ea600
D/libc    (  110): pt_debug : pthread_create->start_routine=0x40848691, tls=0x42ecef00, arg=0x4225c6bc
D/libc    (  583): pt_debug : pthread_create->start_routine=0x40863735, tls=0x54423f00, arg=0x507eaf40
D/libc    (  583): pt_debug : __thread_entry->func=0x40863735
D/libc    (  583): , tls=0x54423f00, arg=0x507eaf40
D/HtcDLNAServiceManager(  583): WirelessDisplayHelper[HtcTvDisplayHelper]
D/HtcDLNAServiceManager(  583): WirelessDisplayHelper[HtcTvDisplayHelper][registerReceivever]
I/WirelessDisplayHelper(  583): WirelessDisplayManager = null
D/libc    (  110): pt_debug : __thread_entry->func=0x40848691
D/libc    (  110): , tls=0x42ecef00, arg=0x4225c6bc
D/libc    (  110): pt_debug : pthread_create->start_routine=0x400176b1, tls=0x43095f00, arg=0x421f77a8
D/libc    (  110): pt_debug : pthread_create->start_routine=0x400176b1, tls=0x431b3f00, arg=0x421f7af0
D/libc    (  110): pt_debug : __thread_entry->func=0x400176b1
D/libc    (  110): , tls=0x43095f00, arg=0x421f77a8
D/libc    (  110): pt_debug : __thread_entry->func=0x400176b1
D/libc    (  110): , tls=0x431b3f00, arg=0x421f7af0
D/Socket_Alarm(  558): registerHTCSocketMonitorCallBack
E/OMXNodeInstance(  110): OMX_FreeBuffer for buffer header 0x41f464d8 successful
E/OMXNodeInstance(  110): OMX_FreeBuffer for buffer header 0x41f466e8 successful
E/OMXNodeInstance(  110): OMX_FreeBuffer for buffer header 0x41f46828 successful
E/OMXNodeInstance(  110): OMX_FreeBuffer for buffer header 0x41f46950 successful
D/libc    (  110): pt_debug : pthread_create->start_routine=0x400176b1, tls=0x432b3f00, arg=0x41f46720
D/Launcher.Model(  583): startLoader isLaunching=true
I/Launcher(  583): [filter change]m_bSocialFilterSourceChanged:false, isDeviceContentChange:0
D/libc    (  110): pt_debug : __thread_entry->func=0x400176b1
D/libc    (  110): , tls=0x432b3f00, arg=0x41f46720
D/Socket_Alarm(  558): set mSocketMonitor
D/Socket_Alarm(  558): HTCSocketMonitorImpl::HTCSocketMonitorImpl
I/ActivityThread(  649): Pub call_log: com.android.providers.contacts.CallLogProvider
E/OMXNodeInstance(  110): OMX_FreeBuffer for buffer header 0x41f46350 successful
E/OMXNodeInstance(  110): OMX_FreeBuffer for buffer header 0x41f46298 successful
E/OMXNodeInstance(  110): OMX_FreeBuffer for buffer header 0x41f461c8 successful
E/OMXNodeInstance(  110): OMX_FreeBuffer for buffer header 0x421f7f00 successful
E/OMXNodeInstance(  110): OMX_FreeBuffer for buffer header 0x41f465c0 successful
E/OMXNodeInstance(  110): OMX_FreeBuffer for buffer header 0x41f463f0 successful
E/OMXNodeInstance(  110): OMX_FreeBuffer for buffer header 0x4223bc70 successful
E/OMXNodeInstance(  110): OMX_FreeBuffer for buffer header 0x4223bf88 successful
I/FeedHostManager(  583): onResume
I/FeedProviderManager(  583): onResume
D/libc    (  583): pt_debug : pthread_create->start_routine=0x40863735, tls=0x54423f00, arg=0x507ebc58
D/libc    (  583): pt_debug : __thread_entry->func=0x40863735
D/libc    (  583): , tls=0x54423f00, arg=0x507ebc58
I/Prism.LauncherLoader(  583): [SCHEDUAL_BRIEF][1399558016.000]before Loading
I/Prism.LauncherLoader(  583): [SCHEDUAL_BRIEF][1399558016.000]try to estimate: ALL
E/WVMExtractor(  110): Failed to open libwvm.so
D/libc    (  110): pt_debug : pthread_create->start_routine=0x40848691, tls=0x42f74f00, arg=0x41f4666c
D/libc    (  110): pt_debug : __thread_entry->func=0x40848691
D/libc    (  110): , tls=0x42f74f00, arg=0x41f4666c
D/libc    (  110): pt_debug : pthread_create->start_routine=0x400176b1, tls=0x43086f00, arg=0x42238690
D/libc    (  649): pt_debug : pthread_create->start_routine=0x40863735, tls=0x5420bf00, arg=0x52ea1010
D/libc    (  110): pt_debug : pthread_create->start_routine=0x400176b1, tls=0x43253f00, arg=0x422387c0
D/libc    (  110): pt_debug : __thread_entry->func=0x400176b1
D/libc    (  110): , tls=0x43086f00, arg=0x42238690
D/libc    (  110): pt_debug : __thread_entry->func=0x400176b1
D/libc    (  110): , tls=0x43253f00, arg=0x422387c0
E/OMXNodeInstance(  110): OMX_FreeBuffer for buffer header 0x42238f58 successful
E/OMXNodeInstance(  110): OMX_FreeBuffer for buffer header 0x42239168 successful
E/OMXNodeInstance(  110): OMX_FreeBuffer for buffer header 0x422392a8 successful
E/OMXNodeInstance(  110): OMX_FreeBuffer for buffer header 0x422393d0 successful
D/libc    (  110): pt_debug : pthread_create->start_routine=0x400176b1, tls=0x43353f00, arg=0x42249b98
D/libc    (  110): pt_debug : __thread_entry->func=0x400176b1
D/libc    (  110): , tls=0x43353f00, arg=0x42249b98
D/libc    (  649): pt_debug : __thread_entry->func=0x40863735
D/libc    (  649): , tls=0x5420bf00, arg=0x52ea1010
D/libc    (  558): pt_debug : pthread_create->start_routine=0x40863735, tls=0x54932f00, arg=0x52db43a8
D/libc    (  558): pt_debug : __thread_entry->func=0x40863735
D/libc    (  558): , tls=0x54932f00, arg=0x52db43a8
D/libc    (  317): pt_debug : pthread_create->start_routine=0x400806b1, tls=0x57c32f00, arg=0x52b5bdf0
W/APKResTool(  542): can't find package: com.htc.android.inputset.xt9por
I/ActivityThread(  649): Pub com.android.voicemail: com.android.providers.contacts.VoicemailContentProvider
W/APKResTool(  542): Can't create context
D/Bluetooth HS/HF(  558): googlequicksearchbox doesn't existed
W/APKResTool(  542): can't find package: com.htc.android.inputset.xt9lav
I/ActivityThread(  649): Pub user_dictionary: com.android.providers.userdictionary.UserDictionaryProvider
W/APKResTool(  542): Can't create context
W/APKResTool(  542): can't find package: com.htc.android.inputset.xt9dan
W/APKResTool(  542): Can't create context
W/APKResTool(  542): can't find package: com.htc.android.inputset.xt9ukr
W/APKResTool(  542): Can't create context
I/Prism.LauncherLoader(  583): [SCHEDUAL_BRIEF][1399558016.000]try to estimate: WorkspaceDone
W/APKResTool(  542): can't find package: com.htc.android.inputset.xt9fin
W/APKResTool(  542): Can't create context
I/Prism.LauncherLoader(  583): [SCHEDUAL_BRIEF][1399558016.000]try to estimate: FeedDone
I/Prism.LauncherLoader(  583): [SCHEDUAL_BRIEF][1399558016.000]try to estimate: FeedBinding
W/APKResTool(  542): can't find package: com.htc.android.inputset.xt9hun
W/APKResTool(  542): Can't create context
W/APKResTool(  542): can't find package: com.htc.android.inputset.xt9fre
W/APKResTool(  542): Can't create context
D/libc    (  317): pt_debug : __thread_entry->func=0x400806b1
D/libc    (  317): , tls=0x57c32f00, arg=0x52b5bdf0
W/APKResTool(  542): can't find package: com.htc.android.inputset.xt9rus
W/asset   (  518): Copying FileAsset 0x50186cf8 (zip:/system/app/Camera.apk:/resources.arsc) to buffer size 1302796 to make it aligned.
E/OMXNodeInstance(  110): OMX_FreeBuffer for buffer header 0x42238dd0 successful
E/OMXNodeInstance(  110): OMX_FreeBuffer for buffer header 0x42238d18 successful
E/OMXNodeInstance(  110): OMX_FreeBuffer for buffer header 0x42238c48 successful
E/OMXNodeInstance(  110): OMX_FreeBuffer for buffer header 0x42238b08 successful
E/OMXNodeInstance(  110): OMX_FreeBuffer for buffer header 0x42249868 successful
E/OMXNodeInstance(  110): OMX_FreeBuffer for buffer header 0x42249740 successful
E/OMXNodeInstance(  110): OMX_FreeBuffer for buffer header 0x42249600 successful
E/OMXNodeInstance(  110): OMX_FreeBuffer for buffer header 0x422494f8 successful
W/APKResTool(  542): Can't create context
W/APKResTool(  542): can't find package: com.htc.android.inputset.xt9lit
I/Prism.LauncherLoader(  583): [SCHEDUAL_BRIEF][1399558016.000]try to estimate: FeedCustomization
I/Prism.LauncherLoader(  583): [SCHEDUAL_BRIEF][1399558016.000]try to estimate: HidePackageCustomization
W/APKResTool(  542): Can't create context
W/APKResTool(  542): can't find package: com.htc.android.inputset.xt9cze
W/APKResTool(  542): Can't create context
D/libc    (  649): pt_debug : pthread_create->start_routine=0x400806b1, tls=0x5430bf00, arg=0x52db44e0
W/APKResTool(  542): can't find package: com.htc.android.inputset.xt9ind
W/APKResTool(  542): Can't create context
W/APKResTool(  542): can't find package: com.htc.android.inputset.xt9may
W/APKResTool(  542): Can't create context
W/APKResTool(  542): can't find package: com.htc.android.inputset.xt9ita
D/libc    (  649): pt_debug : __thread_entry->func=0x400806b1
D/libc    (  649): , tls=0x5430bf00, arg=0x52db44e0
D/libc    (  649): pt_debug : pthread_create->start_routine=0x400806b1, tls=0x5440bf00, arg=0x40e0dfb8
W/Prism.CustomizationHel_(  583): module bundle found = android.content.ContentResolver$CursorWrapperInner@41d97e78
W/APKResTool(  542): Can't create context
W/APKResTool(  542): can't find package: com.htc.android.inputset.xt9slo
I/Prism.CustomizationHel_(  583): input hide appWidget bundle
W/APKResTool(  542): Can't create context
W/APKResTool(  542): can't find package: com.htc.android.inputset.xt9spa
I/Prism.CustomizationHel_(  583): input show appWidget bundle
I/Prism.CustomizationHel_(  583): input hide app bundle
I/Prism.CustomizationHel_(  583): input show app bundle
I/Prism.CustomizationHel_(  583): input hide shortcut bundle
I/Prism.CustomizationHel_(  583): input show shortcut bundle
D/libc    (  649): pt_debug : __thread_entry->func=0x400806b1
D/libc    (  649): , tls=0x5440bf00, arg=0x40e0dfb8
W/APKResTool(  542): Can't create context
I/Prism.LauncherLoader(  583): [SCHEDUAL_BRIEF][1399558016.000]try to estimate: HotSeatCustomization
W/APKResTool(  542): can't find package: com.htc.android.inputset.xt9slv
W/APKResTool(  542): Can't create context
W/APKResTool(  542): can't find package: com.htc.android.inputset.xt9srp
W/APKResTool(  542): Can't create context
D/libc    (  583): pt_debug : pthread_create->start_routine=0x40863735, tls=0x54623f00, arg=0x507f02b0
D/libc    (  583): pt_debug : __thread_entry->func=0x40863735
D/libc    (  583): , tls=0x54623f00, arg=0x507f02b0
W/APKResTool(  542): can't find package: com.htc.android.inputset.xt9nor
W/APKResTool(  542): Can't create context
W/APKResTool(  542): can't find package: com.htc.android.inputset.xt9dut
W/APKResTool(  542): Can't create context
W/APKResTool(  542): can't find package: com.htc.android.inputset.xt9tur
E/WifiHW  (  317): Supplicant not running, cannot connect
D/StateMachine(  317): handleMessage: E msg.what=147458
D/StateMachine(  317): processMsg: SupplicantStartingState
D/WifiStateMachine(  317): SupplicantStartingState{ what=147458 when=-3ms target=Handler (com.android.internal.util.StateMachine$SmHandler) {42258238} }
E/WifiStateMachine(  317): Failed to setup control channel, restart supplicant
D/StateMachine(  317): transitionTo: destState=DriverLoadedState
D/StateMachine(  317): handleMessage: new destination call exit
D/StateMachine(  317): setupTempStateStackWithStatesToEnter: X mTempStateStackCount=1,curStateInfo: state=SoftApStartedState,active=true,parent=DefaultState
D/StateMachine(  317): invokeExitMethods: SupplicantStartingState
D/StateMachine(  317): moveTempStackToStateStack: i=0,j=2
D/StateMachine(  317): moveTempStackToStateStack: X mStateStackTop=2,startingIndex=2,Top=DriverLoadedState
D/StateMachine(  317): invokeEnterMethods: DriverLoadedState
D/WifiStateMachine(  317): DriverLoadedState
D/StateMachine(  317): moveDeferredMessageAtFrontOfQueue; what=131216
D/StateMachine(  317): handleMessage: X
D/StateMachine(  317): handleMessage: E msg.what=131216
D/StateMachine(  317): processMsg: DriverLoadedState
D/WifiStateMachine(  317): DriverLoadedState{ what=131216 when=-43s525ms target=Handler (com.android.internal.util.StateMachine$SmHandler) {42258238} arg1=1 }
D/StateMachine(  317): processMsg: SoftApStartedState
D/WifiStateMachine(  317): SoftApStartedState{ what=131216 when=-43s526ms target=Handler (com.android.internal.util.StateMachine$SmHandler) {42258238} arg1=1 }
D/StateMachine(  317): processMsg: DefaultState
D/WifiStateMachine(  317): DefaultState{ what=131216 when=-43s527ms target=Handler (com.android.internal.util.StateMachine$SmHandler) {42258238} arg1=1 }
D/StateMachine(  317): handleMessage: X
I/Prism.LauncherLoader(  583): [SCHEDUAL_BRIEF][1399558016.000]try to estimate: FeedCustomization
D/libc    (  583): pt_debug : pthread_create->start_routine=0x40863735, tls=0x54723f00, arg=0x507f0cf8
D/libc    (  583): pt_debug : __thread_entry->func=0x40863735
D/libc    (  583): , tls=0x54723f00, arg=0x507f0cf8
W/APKResTool(  542): Can't create context
W/APKResTool(  542): can't find package: com.htc.android.inputset.xt9kaz
W/APKResTool(  542): Can't create context
W/APKResTool(  542): can't find package: com.htc.android.inputset.xt9ara
I/FeedProviderScanner(  583): ResolveInfo size: 2
W/APKResTool(  542): Can't create context
W/APKResTool(  542): can't find package: com.htc.android.inputset.xt9gre
W/APKResTool(  542): Can't create context
W/APKResTool(  542): can't find package: com.htc.android.inputset.xt9hrv
W/APKResTool(  542): Can't create context
W/APKResTool(  542): can't find package: com.htc.android.inputset.xt9pol
W/APKResTool(  542): Can't create context
W/APKResTool(  542): can't find package: com.htc.android.inputset.xt9rum
W/APKResTool(  542): Can't create context
W/APKResTool(  542): can't find package: com.htc.android.inputset.xt9ger
W/APKResTool(  542): Can't create context
W/APKResTool(  542): can't find package: com.htc.android.inputset.xt9swe
W/APKResTool(  542): Can't create context
W/APKResTool(  542): can't find package: com.htc.android.inputset.xt9heb
W/APKResTool(  542): Can't create context
W/APKResTool(  542): can't find package: com.htc.android.inputset.xt9bul
W/APKResTool(  542): Can't create context
W/APKResTool(  542): can't find package: com.htc.android.inputset.xt9est
W/APKResTool(  542): Can't create context
D/PowerManagerService(  317): releaseWakeLock(420a94d0): PARTIAL_WAKE_LOCK , tag=IdleScreen:event_15, flags=0x1
D/PowerManagerService(  317): releaseWakeLock(41c1c9a0): PARTIAL_WAKE_LOCK , tag=IdleScreen:command_15, flags=0x1
I/Choreographer(  518): Skipped 368 frames!  The application may be doing too much work on its main thread.
D/libc    (  542): pt_debug : pthread_create->start_routine=0x40863735, tls=0x541c2f00, arg=0x4fab8170
D/libc    (  542): pt_debug : __thread_entry->func=0x40863735
D/libc    (  542): , tls=0x541c2f00, arg=0x4fab8170
E/AudioPolicyManagerBase(  110): getOutput() IOProfile is null.
D/PowerManagerService(  317): acquireWakeLock(41c1b998): PARTIAL_WAKE_LOCK , tag=AudioOut_4, flags=0x1, pid=110, uid=1013, mUserState=0x3
D/PowerManagerService(  317): acquireWakeLock(41e6ae78): PARTIAL_WAKE_LOCK , tag=AudioOut_5, flags=0x1, pid=110, uid=1013, mUserState=0x3
E/AudioPolicyManagerBase(  110): getOutput() IOProfile is null.
E/AudioPolicyManagerBase(  110): getOutput() IOProfile is null.
D/libc    (  558): pt_debug : pthread_create->start_routine=0x400806b1, tls=0x54a32f00, arg=0x529ba2c0
D/libc    (  558): pt_debug : __thread_entry->func=0x400806b1
D/libc    (  558): , tls=0x54a32f00, arg=0x529ba2c0
D/PowerManagerService(  317): releaseWakeLock(41e6ae78): PARTIAL_WAKE_LOCK , tag=AudioOut_5, flags=0x1
D/SubtypeSwitcher(  542): Update subtype to:en_US,keyboard, from: null, keyboard
D/SubtypeSwitcher(  542): Current subtype: en_US, keyboard
D/SubtypeSwitcher(  542): Last subtype was disabled. Update to the current one.
D/SubtypeSwitcher(  542): Update subtype to:en_US,keyboard, from: en_US, keyboard
D/SubtypeSwitcher(  542): Update shortcut IME from : <null>, <null>
D/SubtypeSwitcher(  542): Update shortcut IME to : <null>, <null>
D/CallNotifier(  558): CallNotifier(), initialize the lockscreen status to false 
D/CallNotifier(  558): ClearCodes index: 48, values: 48
D/CallNotifier(  558): ClearCodes index: 7, values: 7
I/FeedProviderScanner(  583): required package not found com.htc.deals
I/FeedProviderScanner(  583): required package not found com.htc.showme
I/FeedProviderScanner(  583): required package not found com.zoodles.kidmode
W/ActivityManager(  317): Unable to start service Intent { act=com.android.ussd.IExtendedNetworkService }: not found
I/FeedProviderScanner(  583): match host.type: [{0,true,true,false,true,0,0,0,false,"Calendar","ComponentInfo{com.htc.feed.local/com.htc.feed.local.calendar.CalendarFeedProvider}"}, {0,true,true,false,true,0,0,0,false,"HTC Share","ComponentInfo{com.htc.feed.local/com.htc.feed.local.memory.MemoryFeedProvider}"}, {0,true,true,false,true,0,0,0,false,"","ComponentInfo{com.htc.feed.local/com.htc.feed.local.getstarted.GetStartedFeedProvider}"}, {0,true,true,false,true,0,0,0,false,"","ComponentInfo{com.htc.feed.socialfeedprovider/com.htc.feed.socialfeedprovider.SocialFeedProvider}"}]
D/libc    (  558): pt_debug : pthread_create->start_routine=0x40863735, tls=0x54c32f00, arg=0x528be008
D/libc    (  558): pt_debug : __thread_entry->func=0x40863735
D/libc    (  558): , tls=0x54c32f00, arg=0x528be008
D/COpenHelper(  649): onOpen E
I/Adreno200-EGL(  583): <qeglDrvAPI_eglInitialize:299>: EGL 1.4 QUALCOMM build: AU_LINUX_ANDROID_JB_REL_2.0.3_MR2.04.02.02.75.000_msm8625_JB_REL_2.0.3_CL3357771_release_AU (CL3357771)
I/Adreno200-EGL(  583): Build Date: 06/25/13 Tue
I/Adreno200-EGL(  583): Local Branch: 
I/Adreno200-EGL(  583): Remote Branch: m/jb_rel_2.0.3
I/Adreno200-EGL(  583): Local Patches: NONE
I/Adreno200-EGL(  583): Reconstruct Branch: AU_LINUX_ANDROID_JB_REL_2.0.3_MR2.04.02.02.75.000 +  NOTHING
D/CursorWindowStats(  649): Allocate Cursor Window larger than default value, size: 4194304, default:2097152
I/FeedProviderManager(  583): provider save to database: [{1,true,true,false,true,0,0,0,false,"Calendar","ComponentInfo{com.htc.feed.local/com.htc.feed.local.calendar.CalendarFeedProvider}"}, {2,true,true,false,true,0,0,0,false,"HTC Share","ComponentInfo{com.htc.feed.local/com.htc.feed.local.memory.MemoryFeedProvider}"}, {3,true,true,false,true,101,1399556341146,0,false,"","ComponentInfo{com.htc.feed.local/com.htc.feed.local.getstarted.GetStartedFeedProvider}"}, {4,true,true,false,true,1399551720011,1399551720011,0,false,"","ComponentInfo{com.htc.feed.socialfeedprovider/com.htc.feed.socialfeedprovider.SocialFeedProvider}"}]
I/FeedProviderManager(  583): registerProvider: {1,true,true,false,true,0,0,0,false,"Calendar","ComponentInfo{com.htc.feed.local/com.htc.feed.local.calendar.CalendarFeedProvider}"}
D/COpenHelper(  649): onOpen X
D/ContactsEventQueueProcessor(  649): ContactsEventQueueProcessor.run() - [sleepThread()], waiting for new request coming...
W/Utilities(  583): Can't find this package name : com.htc.calendar
D/CursorWindowStats(  649): Allocate Cursor Window larger than default value, size: 4194304, default:2097152
I/FeedProviderManager(  583): registerProvider: {2,true,true,false,true,0,0,0,false,"HTC Share","ComponentInfo{com.htc.feed.local/com.htc.feed.local.memory.MemoryFeedProvider}"}
D/libc    (  583): pt_debug : pthread_create->start_routine=0x52a1f1cd, tls=0x54623f00, arg=0x52a38f68
D/PhoneApp(  558): UMTS TTY Status: 0
I/FeedProviderManager(  583): registerProvider: {3,true,true,false,true,101,1399556341146,0,false,"","ComponentInfo{com.htc.feed.local/com.htc.feed.local.getstarted.GetStartedFeedProvider}"}
D/libc    (  583): pt_debug : __thread_entry->func=0x52a1f1cd
D/libc    (  583): , tls=0x54623f00, arg=0x52a38f68
I/FeedProviderManager(  583): registerProvider: {4,true,true,false,true,1399551720011,1399551720011,0,false,"","ComponentInfo{com.htc.feed.socialfeedprovider/com.htc.feed.socialfeedprovider.SocialFeedProvider}"}
D/memalloc(  105): ion: Allocated buffer base:0x421eb000 size:614400 fd:78
D/memalloc(  105): ion: Allocated buffer base:0x40fcc000 size:4096 fd:80
D/PowerManagerService(  317): acquireWakeLock(41baf3b8): PARTIAL_WAKE_LOCK , tag=RILJ, flags=0x1, pid=558, uid=1001, mUserState=0x3
D/TTYSetting(  558): setTTY to: tty_mode=tty_off
D/PowerManagerService(  317): releaseWakeLock(41baf3b8): PARTIAL_WAKE_LOCK , tag=RILJ, flags=0x1
D/libc    (  583): pt_debug : pthread_create->start_routine=0x40863735, tls=0x5499cf00, arg=0x52a5a008
D/memalloc(  583): ion: Mapped buffer base:0x530e1000 size:614400 offset:0 fd:79
D/memalloc(  583): ion: Mapped buffer base:0x52a5e000 size:4096 offset:0 fd:81
D/PhoneApp(  558): HAC status: 0
D/libc    (  583): pt_debug : __thread_entry->func=0x40863735
D/libc    (  583): , tls=0x5499cf00, arg=0x52a5a008
I/FeedHostManager(  583): isFullSyncAtFirst:false
I/FeedHostManager(  583): >>performSync: FIRST_LAUNCH
I/FeedScrollView(  583): onRefreshStarted
I/FeedHostManager(  583): [refresh limited] skip - CHINA sku: false, reason: FIRST_LAUNCH
I/FeedHostManager(  583):  EnableQuenePerformSync:true
I/FeedHostManager(  583): callProviderCommand:3001, bundle:Bundle[{custom_highlight_list=[com.htc.opensense.htcnews;-3, com.htc.opensense.htcnews;1681164], custom_highlight_change=0}]
I/FeedProviderManager(  583): callProviderCommand [3001]com.htc.feed.socialfeedprovider.SocialFeedProvider@41ddc320:Bundle[{custom_highlight_list=[com.htc.opensense.htcnews;-3, com.htc.opensense.htcnews;1681164], custom_highlight_change=0}]
I/SocialFeedProvider(  583): +onHostCommand
I/SocialFeedProvider(  583): RECEIVE_CUSTOMIZE_HIGHLIGHT_CHANGED,m_TopicsChange=NOCHANGE , m_CustomHighlightArray.size=2
