W/PackageManager(  317): Unknown permission com.htc.rcschat.permission.SHOW_SHARED_FILES in package com.android.htccontacts
W/PackageManager(  317): Unknown permission com.htc.rcschat.permission.BIND_SERVICE in package com.android.htccontacts
W/PackageManager(  317): Unknown permission com.htc.rcschat.permission.CHAT in package com.android.htccontacts
W/PackageManager(  317): Unknown permission htc.friendstream.renrenwebplugin.permission.SYSTEM_USE in package com.android.htccontacts
W/PackageManager(  317): Unknown permission htc.friendstream.sinaweiboplugin.permission.SYSTEM_USE in package com.android.htccontacts
W/PackageManager(  317): Unknown permission com.fusionone.android.sync.permission.READ_WRITE_PROVIDERS in package com.android.htccontacts
W/PackageManager(  317): Unknown permission com.htc.rcschat.permission.NEW_CHAT in package com.android.htccontacts
W/PackageManager(  317): Unknown permission com.htc.rcs.permission.RCS in package com.android.htccontacts
W/PackageManager(  317): Unknown permission com.htc.rcs.common in package com.android.htccontacts
W/PackageManager(  317): Unknown permission com.android.providers.syncml.permission.READ_SYNCML_PROFILE in package com.android.htccontacts
W/PackageManager(  317): Unknown permission com.htc.HTCSpeaker.ACCESS_VR in package com.android.htccontacts
W/PackageManager(  317): Unknown permission com.htc.family.read_permission in package com.android.htccontacts
W/PackageManager(  317): Unknown permission com.htc.vvm.permission.PLAY_VVM in package com.android.htccontacts
W/PackageManager(  317): Unknown permission com.android.launcher.permission.READ_SETTINGS in package com.android.settings
W/PackageManager(  317): Unknown permission com.android.launcher.permission.WRITE_SETTINGS in package com.android.settings
W/PackageManager(  317): Unknown permission com.android.updater.permission.ACCESS_UPDATER_DATA in package com.android.settings
W/PackageManager(  317): Unknown permission com.dropbox.android.provider.DROPBOX_SDK_READ in package com.android.settings
W/PackageManager(  317): Unknown permission Android.permission.MANAGE_NETWORK_POLICT in package com.android.settings
W/PackageManager(  317): Unknown permission com.htc.closeconnect.PRIVATE_ACCESS in package com.android.settings
W/PackageManager(  317): Unknown permission com.htc.permission.useHtcSoundProfileServices in package com.android.settings
W/PackageManager(  317): Unknown permission com.htc.permission.useHtcSoundProfileProvider in package com.android.settings
W/PackageManager(  317): Unknown permission com.htc.demoflo.permission.RECEIVE_DEMOFLO_STATE in package com.android.settings
W/PackageManager(  317): Unknown permission com.htc.dnatransfer.permission.RECV_RESTORE_COMPLETED in package com.android.settings
W/PackageManager(  317): Unknown permission android.permission.ACCESS_ASSISTED_GPS in package com.htc.android.locationpicker
W/PackageManager(  317): Unknown permission android.permission.ACCESS_GPS in package com.htc.android.locationpicker
W/PackageManager(  317): Unknown permission android.permission.ACCESS_LOCATION in package com.htc.android.locationpicker
W/PackageManager(  317): Unknown permission android.permission.ACCESS_NETWORK_LOCATION in package com.htc.android.locationpicker
W/PackageManager(  317): Unknown permission com.htc.laputa.permission.FOOTPRINTPICKER in package com.htc.android.locationpicker
W/PackageManager(  317): Unknown permission com.htc.laputa.permission.GEOCODER_PROVIDER in package com.htc.android.locationpicker
W/PackageManager(  317): Unknown permission com.htc.laputa.permission.LB_CONTENT_PROVIDER in package com.htc.android.locationpicker
W/PackageManager(  317): Unknown permission com.htc.socialnetwork.plurk.permission.useprovider in package com.htc.htccontactwidgets
W/PackageManager(  317): Unknown permission com.htc.feed.permission.FORCE_REFRESH in package com.htc.plugin.news
W/PackageManager(  317): Unknown permission android.permission.ACCESS_HTCDM_PROPERTY in package com.htc.CustomizationSetup
W/PackageManager(  317): Unknown permission android.webkit.permission.PLUGIN in package com.adobe.flashplayer
W/PackageManager(  317): Not granting permission android.permission.ACCOUNT_MANAGER to package com.google.android.music (protectionLevel=2 flags=0x8be65)
W/PackageManager(  317): Unknown permission com.htc.launcher.permission.LAUNCH_WIDGET_SETTINGS in package com.htc.android.WeatherLiveWallpaper
W/PackageManager(  317): Unknown permission android.permission.ACCESS_DRM in package com.android.providers.telephony
W/PackageManager(  317): Unknown permission android.permission.ADD_SYSTEM_SERVICE in package com.android.providers.telephony
W/PackageManager(  317): Unknown permission com.tmobile.driving.permission.READ_DRIVING_MODE_SETTINGS in package com.android.providers.telephony
W/PackageManager(  317): Unknown permission com.htc.permission.ACCESS_NOTES in package com.android.providers.telephony
W/PackageManager(  317): Unknown permission com.htc.socialnetwork.plurk.permission.useprovider in package com.android.providers.telephony
W/PackageManager(  317): Unknown permission htc.socialnetwork.facebook.permission.SYSTEM_USE in package com.android.providers.telephony
W/PackageManager(  317): Unknown permission com.htc.htctwitter.permission.useprovider in package com.android.providers.telephony
W/PackageManager(  317): Unknown permission htc.friendstream.permission.SYSTEM_USE in package com.android.providers.telephony
W/PackageManager(  317): Unknown permission com.tmobile.vvm.application.permission.ACCESS_PROVIDER in package com.android.providers.telephony
W/PackageManager(  317): Unknown permission com.htc.permission.SOCIAL_NETWORK in package com.android.providers.telephony
W/PackageManager(  317): Unknown permission com.htc.soundrecorder.permission.RecordingService in package com.android.providers.telephony
W/PackageManager(  317): Unknown permission htc.permission.AutoMotive.RECEIVE_BROADCAST in package com.android.providers.telephony
W/PackageManager(  317): Unknown permission com.htc.launcher.permission.UPDATE_SHORTCUT in package com.android.providers.telephony
W/PackageManager(  317): Unknown permission android.permission.ACCESS_DRM in package com.htc.sdm
W/PackageManager(  317): Unknown permission android.permission.INSTALL_DRM in package com.htc.sdm
W/PackageManager(  317): Unknown permission com.htc.framework.permission.ACCESS_CW_FOLDER in package com.htc.sdm
W/PackageManager(  317): Unknown permission com.htc.aurora.permission.LAUNCH_FROM_SETUPWIZARD in package com.htc.sdm
W/PackageManager(  317): Unknown permission android.permission.BACKUP_DATA in package com.htc.android.htcime
W/PackageManager(  317): Unknown permission com.htc.permission.WRITE_ULOG in package com.htc.android.htcime
W/PackageManager(  317): Unknown permission com.htc.HTCSpeaker.ACCESS_VR in package com.htc.android.htcime
W/PackageManager(  317): Unknown permission android.permission.INSTALL_DRM in package com.android.providers.downloads
W/PackageManager(  317): Unknown permission android.permission.ACCESS_DRM in package com.android.providers.downloads
W/PackageManager(  317): Unknown permission com.htc.stock.permission.ACCESS_STOCK_DATA in package com.htc.launcher
W/PackageManager(  317): Unknown permission com.zoodles.kidmode.permission.READ_SETTINGS in package com.htc.launcher
W/PackageManager(  317): Unknown permission com.zoodles.kidmode.permission.WRITE_SETTINGS in package com.htc.launcher
W/PackageManager(  317): Unknown permission com.zoodles.kidmode.permission.READ_HTC in package com.htc.launcher
W/PackageManager(  317): Unknown permission com.htc.deals.permission.ACCESS_PROVIDER in package com.htc.launcher
W/PackageManager(  317): Unknown permission com.htc.deals.permission.SYNC_DATA in package com.htc.launcher
W/PackageManager(  317): Unknown permission com.htc.permission.ACCESS_VIDEO_CENTER in package com.htc.launcher
W/PackageManager(  317): Unknown permission com.htc.showme.permission.ACCESS_FOR_WIDGET in package com.htc.launcher
W/PackageManager(  317): Unknown permission com.htc.sensetv_home.permission.ALLAPPS_CONTENTS in package com.htc.launcher
W/PackageManager(  317): Unknown permission com.android.providers.htccdma.Specific in package com.htc.android.htcsetupwizard
W/PackageManager(  317): Unknown permission com.orange.pushmail.Z7.permission.ACCESS_PROVIDER in package com.htc.android.htcsetupwizard
W/PackageManager(  317): Unknown permission com.dropbox.android.provider.ACCOUNT_INFO_READ in package com.htc.android.htcsetupwizard
W/PackageManager(  317): Unknown permission android.permission.HTC_APP_UPDATE in package com.htc.android.htcsetupwizard
W/PackageManager(  317): Unknown permission com.htc.aurora.permission.LAUNCH_FROM_SETUPWIZARD in package com.htc.android.htcsetupwizard
W/PackageManager(  317): Unknown permission com.htc.vzwba.permission.baplus.contactsync in package com.htc.android.htcsetupwizard
W/PackageManager(  317): Unknown permission com.android.launcher.permission.READ_SETTINGS in package com.google.android.onetimeinitializer
W/PackageManager(  317): Unknown permission com.android.launcher.permission.WRITE_SETTINGS in package com.google.android.onetimeinitializer
W/PackageManager(  317): Unknown permission com.htc.showme.permission.ACCESS_DATA in package com.htc.lmw
W/PackageManager(  317): Unknown permission com.htc.showme.permission.ACCESS_FOR_WIDGET in package com.htc.lmw
W/PackageManager(  317): Unknown permission com.htc.cloudstorage.dropbox.GET_TOKEN in package com.htc.lmw
W/PackageManager(  317): Unknown permission android.permission.ACCESS_DRM in package com.htc.ringtonetrimmer
W/PackageManager(  317): Unknown permission com.htc.cloudstorage.dropbox.GET_TOKEN in package com.htc.FilePicker
W/PackageManager(  317): Unknown permission com.htc.cloudstorage.skydrive.GET_TOKEN in package com.htc.FilePicker
W/PackageManager(  317): Unknown permission com.htc.socialnetwork.permission.useprovider in package com.htc.FilePicker
W/PackageManager(  317): Unknown permission com.htc.cloudstorage.vdisk.GET_TOKEN in package com.htc.FilePicker
W/PackageManager(  317): Unknown permission com.htc.permission.APP_SHARED in package com.htc.htcMessageUploader
W/PackageManager(  317): Unknown permission com.htc.launcher.permission.UPDATE_SHORTCUT in package com.android.stk
W/PackageManager(  317): Unknown permission com.htc.permission.SOCIAL_NETWORK in package com.htc.album
W/PackageManager(  317): Unknown permission android.permission.WRITE_OWNER_DATA in package com.htc.album
W/PackageManager(  317): Unknown permission android.permission.ACCESS_DRM in package com.htc.album
W/PackageManager(  317): Unknown permission com.htc.socialnetwork.permission.useprovider in package com.htc.album
W/PackageManager(  317): Unknown permission android.permission.BACKUP_DATA in package com.htc.album
W/PackageManager(  317): Unknown permission com.google.android.providers.gmail.permission.READ_GMAIL in package com.htc.album
W/PackageManager(  317): Unknown permission com.westtek.jcp.PRINT in package com.htc.album
W/PackageManager(  317): Unknown permission android.permission.INJECT_AUDIO_VOLUME_SETTINGS in package com.htc.album
W/PackageManager(  317): Unknown permission com.htc.flickr.permission.useprovider in package com.htc.album
W/PackageManager(  317): Unknown permission htc.socialnetwork.facebook.permission.SYSTEM_USE in package com.htc.album
W/PackageManager(  317): Unknown permission com.htc.vmm.service.permission.VMMEngineService in package com.htc.album
W/PackageManager(  317): Unknown permission com.htc.cloudstorage.dropbox.GET_TOKEN in package com.htc.album
W/PackageManager(  317): Unknown permission com.htc.cloudstorage.skydrive.GET_TOKEN in package com.htc.album
W/PackageManager(  317): Unknown permission com.htc.family.read_permission in package com.htc.album
W/PackageManager(  317): Unknown permission android.permission.READ_MEMORIES in package com.htc.album
W/PackageManager(  317): Unknown permission android.permission.RUN_MEMORIES in package com.htc.album
W/PackageManager(  317): Unknown permission com.htc.trimslow.permission.EDIT in package com.htc.album
W/PackageManager(  317): Unknown permission com.htc.aurora.permission.LAUNCH_FROM_SETUPWIZARD in package com.htc.backup
W/PackageManager(  317): Unknown permission com.htc.getstarted.permission.websettings.PROVIDER_READ in package com.htc.backup
W/PackageManager(  317): Unknown permission com.android.settings.permission.ACCESS_WIRELESS_DISPLAY in package com.htc.framework
W/PackageManager(  317): Unknown permission htc.permission.AutoMotive.RECEIVE_BROADCAST in package com.android.htcdialer
W/PackageManager(  317): Unknown permission com.htc.HTCSpeaker.ACCESS_VR in package com.android.htcdialer
W/PackageManager(  317): Unknown permission com.android.providers.htccdma.Specific in package com.android.htcdialer
W/PackageManager(  317): Unknown permission com.htc.socialnetwork.permission.useprovider in package com.android.providers.contacts
W/PackageManager(  317): Unknown permission com.htc.socialnetwork.plurk.permission.useprovider in package com.android.providers.contacts
W/PackageManager(  317): Unknown permission htc.socialnetwork.facebook.permission.SYSTEM_USE in package com.android.providers.contacts
W/PackageManager(  317): Unknown permission com.htc.htctwitter.permission.useprovider in package com.android.providers.contacts
W/PackageManager(  317): Unknown permission com.htc.cs.readwrite.database in package com.htc.home.personalize
W/PackageManager(  317): Unknown permission com.htc.csengine.readwrite.database in package com.htc.home.personalize
W/PackageManager(  317): Unknown permission com.htc.idlescreen.people.permission.SERVICE in package com.htc.home.personalize
W/PackageManager(  317): Unknown permission com.htc.idlescreen.people.permission.PREVIEW_SERVICE in package com.htc.home.personalize
W/PackageManager(  317): Unknown permission com.htc.idlescreen.people.permission.SETTINGS in package com.htc.home.personalize
W/PackageManager(  317): Unknown permission com.htc.aurora.permission.SCENE in package com.htc.home.personalize
W/PackageManager(  317): Unknown permission com.htc.launcher.permission.HOMEPERSONALIZE_LAUNCHED in package com.htc.home.personalize
W/PackageManager(  317): Unknown permission com.htc.widget.people.permission.SETTINGS in package com.htc.idlescreen.base
W/PackageManager(  317): Unknown permission com.htc.socialnetwork.permission.useprovider in package com.htc.providers.uploads
W/PackageManager(  317): Unknown permission com.htc.cloudstorage.skydrive.GET_TOKEN in package com.htc.providers.uploads
W/PackageManager(  317): Unknown permission com.htc.cloudstorage.dropbox.GET_TOKEN in package com.htc.providers.uploads
W/PackageManager(  317): Unknown permission com.htc.launcher.permission.LAUNCH_WIDGET_SETTINGS in package com.htc.widget.weatherclock
W/PackageManager(  317): Unknown permission com.android.launcher.permission.READ_SETTINGS in package com.htc.Weather
W/PackageManager(  317): Not granting permission android.permission.SEND_DOWNLOAD_COMPLETED_INTENTS to package com.android.vending (protectionLevel=2 flags=0xabec5)
W/PackageManager(  317): Unknown permission android.permission.MANAGE_USERS in package com.android.vending
W/PackageManager(  317): Unknown permission android.permission.INTERACT_ACROSS_USERS in package com.android.vending
W/PackageManager(  317): Unknown permission com.htc.memorymonitor.permission.LOW_MEMORY in package com.android.systemui
W/PackageManager(  317): Unknown permission com.htc.framework.permission.LOW_MEMORY_BROADCAST in package com.android.systemui
W/PackageManager(  317): Unknown permission com.htc.launcher.permission.LAUNCH_WIDGET_SETTINGS in package com.htc.widget.weatherclockagent
W/PackageManager(  317): Not granting permission android.permission.WRITE_MEDIA_STORAGE to package com.estrongs.android.pop (protectionLevel=18 flags=0x8be44)
W/PackageManager(  317): Unknown permission .PERMISSION in package com.estrongs.android.pop
W/PackageManager(  317): Unknown permission android.permission.INJECT_AUDIO_VOLUME_SETTINGS in package com.android.camera
W/PackageManager(  317): Unknown permission com.htc.permission.APP_PLATFORM in package com.android.camera
W/PackageManager(  317): Unknown permission com.android.email.permission.ACCESS_PROVIDER in package com.broadcom.bt.app.system
W/PackageManager(  317): Unknown permission android.permission.BACKUP_DATA in package com.htc.android.worldclock
W/PackageManager(  317): Unknown permission android.permission.ACCESS_DRM in package com.htc.android.worldclock
W/PackageManager(  317): Unknown permission htc.permission.dockmode.NEXT_ALARM in package com.htc.android.worldclock
W/PackageManager(  317): Unknown permission com.nero.htc.android.installer.ACCESS in package com.nero.android.htc.sync
W/PackageManager(  317): Unknown permission com.htc.permission.APP_MEDIA in package com.nero.android.htc.sync
W/PackageManager(  317): Unknown permission android.permission.WRITE_OWNER_DATA in package com.nero.android.htc.sync
W/PackageManager(  317): Unknown permission android.permission.READ_OWNER_DATA in package com.nero.android.htc.sync
W/PackageManager(  317): Unknown permission android.permission.READ_HISTORY_BOOKMARKS in package com.nero.android.htc.sync
W/PackageManager(  317): Unknown permission android.permission.WRITE_HISTORY_BOOKMARKS in package com.nero.android.htc.sync
W/PackageManager(  317): Unknown permission com.android.launcher.permission.READ_SETTINGS in package com.nero.android.htc.sync
W/PackageManager(  317): Unknown permission com.android.launcher.permission.WRITE_SETTINGS in package com.nero.android.htc.sync
W/PackageManager(  317): Unknown permission com.htc.permission.APP_SHARED in package com.nero.android.htc.sync
W/PackageManager(  317): Unknown permission com.htc.permission.APP_PLATFORM in package com.nero.android.htc.sync
W/PackageManager(  317): Unknown permission com.htc.permission.ACCESS_LUCY in package com.nero.android.htc.sync
W/PackageManager(  317): Unknown permission com.htc.lucy.permission.RESTORE_STATUS_UPDATE in package com.nero.android.htc.sync
W/PackageManager(  317): Unknown permission com.htc.lucy.permission.BACKUP_STATUS_UPDATE in package com.nero.android.htc.sync
W/PackageManager(  317): Unknown permission com.htc.providers.mediacollection.permission.ACCESS_MCP in package com.nero.android.htc.sync
W/PackageManager(  317): Unknown permission com.htc.permission.USB_SERIAL in package com.nero.android.htc.sync
W/PackageManager(  317): Unknown permission com.htc.flickr.permission.useprovider in package com.htc.htcdlnamiddlelayer
W/PackageManager(  317): Unknown permission htc.friendstream.permission.SYSTEM_USE in package com.htc.htcdlnamiddlelayer
W/PackageManager(  317): Unknown permission android.permission.ACCESS_DRM in package com.htc.htcdlnamiddlelayer
W/PackageManager(  317): Unknown permission com.htc.launcher.permission.UPDATE_SHORTCUT in package com.htc.task
W/PackageManager(  317): Unknown permission com.htc.adwagent.permission.RECEIVE_ADW_COMMAND in package com.htc.task
W/PackageManager(  317): Unknown permission com.htc.adwagent.permission.ACCESS_ADW_PROVIDER in package com.htc.task
W/PackageManager(  317): Unknown permission android.permission.ACCESS_ASSISTED_GPS in package com.htc.task
W/PackageManager(  317): Unknown permission android.permission.ACCESS_NETWORK_LOCATION in package com.htc.task
W/PackageManager(  317): Unknown permission android.permission.ACCESS_LOCATION in package com.htc.task
W/PackageManager(  317): Unknown permission android.permission.ACCESS_GPS in package com.htc.task
W/PackageManager(  317): Not granting permission com.htc.permission.UBLS_WRITE_LOG to package com.htc.task (protectionLevel=2 flags=0xbbe05)
D/libc    (  317): pt_debug : pthread_create->start_routine=0x40863735, tls=0x53c9cf00, arg=0x52d13008
D/libc    (  317): pt_debug : __thread_entry->func=0x40863735
D/libc    (  317): , tls=0x53c9cf00, arg=0x52d13008
D/PackageManager(  317): Couldn't find or open file /system/etc/secureproperty.xml
I/SystemServer(  317): Account Manager
D/PackageManager(  317): generateServicesMap(android.accounts.AccountAuthenticator): 7 services unchanged
D/libc    (  317): pt_debug : pthread_create->start_routine=0x40863735, tls=0x53c9cf00, arg=0x52d13008
D/libc    (  317): pt_debug : __thread_entry->func=0x40863735
D/libc    (  317): , tls=0x53c9cf00, arg=0x52d13008
I/ActivityThread(  317): Pub settings: com.android.providers.settings.SettingsProvider
I/SystemServer(  317): Content Manager
I/SystemServer(  317): System Content Providers
D/libc    (  317): pt_debug : pthread_create->start_routine=0x40863735, tls=0x54b8af00, arg=0x50743008
D/libc    (  317): pt_debug : __thread_entry->func=0x40863735
D/libc    (  317): , tls=0x54b8af00, arg=0x50743008
D/libc    (  317): pt_debug : pthread_create->start_routine=0x40863735, tls=0x55659f00, arg=0x52a19550
D/libc    (  317): pt_debug : __thread_entry->func=0x40863735
D/libc    (  317): , tls=0x55659f00, arg=0x52a19550
D/SettingsProvider(  317): cache for settings table 'secure' rows=92; fullycached=true
D/SettingsProvider(  317): cache for settings table 'system' rows=193; fullycached=true
I/SystemServer(  317): Lights Service
D/lights  (  317): [LedInfo] open_lights backlight
D/lights  (  317): [LedInfo] open_lights keyboard
D/lights  (  317): [LedInfo] open_lights buttons
D/lights  (  317): [LedInfo] open_lights battery
D/lights  (  317): [LedInfo] open_lights notifications
D/lights  (  317): [LedInfo] open_lights attention
D/lights  (  317): [LedInfo] open_lights bluetooth
E/LightsService(  317): [LedErr] get_device bluetooth is reutrn NULL
E/LightsService(  317): [LedErr] get_device wifi is reutrn NULL
E/lights  (  317): [LedErr] open_lights no mattched name bluetooth
D/lights  (  317): [LedInfo] open_lights wifi
E/lights  (  317): [LedErr] open_lights no mattched name wifi
D/lights  (  317): [LedInfo] open_lights indicator
D/lights  (  317): [LedInfo] open_lights capsfunc
D/lights  (  317): [LedInfo] open_lights jogball
D/lights  (  317): [LedInfo] open_lights portrait-buttons
D/lights  (  317): [LedInfo] open_lights landscape-buttons
D/lights  (  317): [LedInfo] open_lights portrait-amber-led
D/lights  (  317): [LedInfo] open_lights portrait-green-led
D/lights  (  317): [LedInfo] open_lights portrait-blue-led
D/lights  (  317): [LedInfo] open_lights landscape-amber-led
D/lights  (  317): [LedInfo] open_lights landscape-green-led
D/lights  (  317): [LedInfo] open_lights landscape-blue-led
D/lights  (  317): [LedInfo] open_lights sharekey
D/lights  (  317): [LedInfo] open_lights 2nd-camera-led
D/lights  (  317): [LedInfo] open_lights sharekey-backlight
D/lights  (  317): [LedInfo] open_lights sharekey-breath-brightness
D/lights  (  317): [LedInfo] open_lights charming-led
D/libc    (  317): pt_debug : pthread_create->start_routine=0x40863735, tls=0x54b8af00, arg=0x50743008
D/libc    (  317): pt_debug : __thread_entry->func=0x40863735
D/libc    (  317): , tls=0x54b8af00, arg=0x50743008
I/BatteryService(  317): read native_update done
I/SystemServer(  317): Battery Service
D/libc    (  317): pt_debug : pthread_create->start_routine=0x40863735, tls=0x55759f00, arg=0x528be810
D/libc    (  317): pt_debug : __thread_entry->func=0x40863735
D/libc    (  317): , tls=0x55759f00, arg=0x528be810
D/libc    (  317): pt_debug : pthread_create->start_routine=0x40863735, tls=0x55859f00, arg=0x52f44008
I/SystemServer(  317): Vibrator Service
I/SystemServer(  317): Hardware Service
D/libc    (  317): pt_debug : __thread_entry->func=0x40863735
D/libc    (  317): , tls=0x55859f00, arg=0x52f44008
D/libc    (  317): pt_debug : pthread_create->start_routine=0x40863735, tls=0x55b59f00, arg=0x529ba738
D/libc    (  317): pt_debug : __thread_entry->func=0x40863735
D/libc    (  317): , tls=0x55b59f00, arg=0x529ba738
D/PowerManagerService(  317): nativeSetScreenState: on=true
D/PowerManagerService(  317): nativeSetScreenState: err=0
D/PowerManagerService(  317): button light setOrientation:-1
V/LightsService(  317): setLight #0: color=#ff8e8e8e
D/lights  (  317): [ATS][enable_auto][complete]
I/SystemServer(  317): Alarm Manager
D/libc    (  317): pt_debug : pthread_create->start_routine=0x40863735, tls=0x55e59f00, arg=0x501897e8
D/libc    (  317): pt_debug : __thread_entry->func=0x40863735
D/libc    (  317): , tls=0x55e59f00, arg=0x501897e8
D/libc    (  317): pt_debug : pthread_create->start_routine=0x40863735, tls=0x55f59f00, arg=0x52dde680
D/libc    (  317): pt_debug : __thread_entry->func=0x40863735
D/libc    (  317): , tls=0x55f59f00, arg=0x52dde680
V/AlarmManager(  317): InitialAlarmEnhanceGroupingVersion version: 3
I/SystemServer(  317): Init Watchdog
I/SystemServer(  317): Window Manager
D/libc    (  317): pt_debug : pthread_create->start_routine=0x40863735, tls=0x56059f00, arg=0x52ddead0
D/libc    (  317): pt_debug : __thread_entry->func=0x40863735
D/libc    (  317): , tls=0x56059f00, arg=0x52ddead0
D/libc    (  317): pt_debug : pthread_create->start_routine=0x40863735, tls=0x56159f00, arg=0x4fab6d38
D/libc    (  317): pt_debug : __thread_entry->func=0x40863735
D/libc    (  317): , tls=0x56159f00, arg=0x4fab6d38
I/InputManager(  317): Initializing input manager
D/Socket_Alarm(  317): registerHTCSocketMonitorCallBack
D/Socket_Alarm(  317): set mSocketMonitor
D/Socket_Alarm(  317): HTCSocketMonitorImpl::HTCSocketMonitorImpl
D/StatusBarManager(  317): disable:0 pkgName=android threadName=WindowManagerPolicy token=android.os.Binder@41fc96f8
D/KeyguardViewMediator(  317): onSimStateChanged: READY
W/StatusBarManager(  317): warning: no STATUS_BAR_SERVICE
D/libc    (  317): pt_debug : pthread_create->start_routine=0x400806b1, tls=0x56259f00, arg=0x4fb8fe68
D/libc    (  317): pt_debug : pthread_create->start_routine=0x400806b1, tls=0x56359f00, arg=0x4fab1a78
D/libc    (  317): pt_debug : __thread_entry->func=0x400806b1
D/libc    (  317): , tls=0x56359f00, arg=0x4fab1a78
D/libc    (  317): pt_debug : __thread_entry->func=0x400806b1
D/libc    (  317): , tls=0x56259f00, arg=0x4fb8fe68
E/WVMExtractor(  110): Failed to open libwvm.so
D/libc    (  110): pt_debug : pthread_create->start_routine=0x40848691, tls=0x42c6df00, arg=0x410167fc
D/libc    (  110): pt_debug : __thread_entry->func=0x40848691
D/libc    (  110): , tls=0x42c6df00, arg=0x410167fc
D/libc    (  110): pt_debug : pthread_create->start_routine=0x400176b1, tls=0x42d6df00, arg=0x4225ced0
D/libc    (  110): pt_debug : __thread_entry->func=0x400176b1
D/libc    (  110): , tls=0x42d6df00, arg=0x4225ced0
D/libc    (  317): pt_debug : pthread_create->start_routine=0x40863735, tls=0x56659f00, arg=0x50739430
D/libc    (  317): pt_debug : __thread_entry->func=0x40863735
D/libc    (  317): , tls=0x56659f00, arg=0x50739430
E/Sensors (  317): Couldn't open /dev/bma150 (Permission denied)
V/HtcPhoneWindowManagerExtention(  317): initialized
D/libc    (  317): pt_debug : pthread_create->start_routine=0x400806b1, tls=0x56859f00, arg=0x5073e858
D/libc    (  317): pt_debug : pthread_create->start_routine=0x400806b1, tls=0x56959f00, arg=0x5073e8c8
I/InputManager(  317): Starting input manager
I/SystemServer(  317): Bluetooth Service
D/libc    (  317): pt_debug : pthread_create->start_routine=0x40863735, tls=0x56a59f00, arg=0x50739880
D/libc    (  317): pt_debug : __thread_entry->func=0x400806b1
D/libc    (  317): , tls=0x56959f00, arg=0x5073e8c8
E/WVMExtractor(  110): Failed to open libwvm.so
D/libc    (  317): pt_debug : __thread_entry->func=0x400806b1
D/libc    (  317): , tls=0x56859f00, arg=0x5073e858
D/libc    (  317): pt_debug : __thread_entry->func=0x40863735
D/libc    (  317): , tls=0x56a59f00, arg=0x50739880
I/BluetoothProfileState(  317): Message:Entering Stable State
D/libc    (  317): pt_debug : pthread_create->start_routine=0x40863735, tls=0x56b59f00, arg=0x4fab0650
D/libc    (  110): pt_debug : pthread_create->start_routine=0x40848691, tls=0x42d6df00, arg=0x4225c6bc
D/libc    (  317): pt_debug : __thread_entry->func=0x40863735
D/libc    (  317): , tls=0x56b59f00, arg=0x4fab0650
D/libc    (  317): pt_debug : pthread_create->start_routine=0x40863735, tls=0x56c59f00, arg=0x5019a8c0
D/libc    (  110): pt_debug : __thread_entry->func=0x40848691
D/libc    (  110): , tls=0x42d6df00, arg=0x4225c6bc
D/libc    (  317): pt_debug : __thread_entry->func=0x40863735
D/libc    (  317): , tls=0x56c59f00, arg=0x5019a8c0
I/BluetoothPanProfileHandler(  317): isBluetoothTetheringRestricted(): false
I/BluetoothProfileState(  317): Message:Entering Stable State
D/libc    (  317): pt_debug : pthread_create->start_routine=0x40863735, tls=0x56d59f00, arg=0x5019ad10
I/BluetoothProfileState(  317): Message:Entering Stable State
D/libc    (  110): pt_debug : pthread_create->start_routine=0x400176b1, tls=0x42e6df00, arg=0x41f43fc0
D/libc    (  317): pt_debug : __thread_entry->func=0x40863735
D/libc    (  317): , tls=0x56d59f00, arg=0x5019ad10
D/libc    (  110): pt_debug : __thread_entry->func=0x400176b1
D/libc    (  110): , tls=0x42e6df00, arg=0x41f43fc0
I/SystemServer(  317): [TEST] TiBtServiceLoader.loadServices++
I/SystemServer(  317): [TEST] TiBtServiceLoader temp not load
I/SystemServer(  317): [TEST] TiBtServiceLoader.loadServices--
I/SystemServer(  317): Input Method Service
W/InputMethodManagerService(  317): Couldn't create dir.: /data/system/inputmethod
E/filemap (  317): mmap(0,4096) failed: No such file or directory
E/filemap (  317): origFileName: (null), fd: 161, offset: 1075050296, length: 0
E/Trace   (  317): error opening trace file: No such file or directory (2)
I/SystemServer(  317): Accessibility Manager
I/SystemServer(  317): HTC Gesture Service
I/ActivityManager(  317): Config changed: {1.0 0mcc0mnc en_GB sw320dp w320dp h455dp nrml port ?uimode ?night finger -keyb/v/h -nav/h s.2 skin=default fontsize=3 hasNavBar=0}
I/SystemServer(  317): Mount Service
I/MountService(  317): Share_SD_only
D/MountService(  317): got storage path: /storage/sdcard0 description: SD card primary: true removable: true emulated: false mtpReserve: 100 levelId: 0 allowMassStorage: false maxFileSize: 0
D/MountService(  317): got storage path: /storage/emmc description: Internal storage primary: false removable: false emulated: true mtpReserve: 100 levelId: 0 allowMassStorage: false maxFileSize: 0
D/libc    (  317): pt_debug : pthread_create->start_routine=0x40863735, tls=0x57032f00, arg=0x528d8e28
D/libc    (  317): pt_debug : __thread_entry->func=0x40863735
D/libc    (  317): , tls=0x57032f00, arg=0x528d8e28
D/MountService(  317): got storage path: /storage/usb description: USB storage primary: false removable: true emulated: false mtpReserve: 0 levelId: 0 allowMassStorage: false maxFileSize: 0
D/libc    (  317): pt_debug : pthread_create->start_routine=0x40863735, tls=0x57132f00, arg=0x52a603c0
D/libc    (  317): pt_debug : __thread_entry->func=0x40863735
D/libc    (  317): , tls=0x57132f00, arg=0x52a603c0
I/SystemServer(  317): LockSettingsService
I/SystemServer(  317): Device Policy
D/libc    (  317): pt_debug : pthread_create->start_routine=0x40863735, tls=0x57232f00, arg=0x416ca410
D/libc    (  317): pt_debug : __thread_entry->func=0x40863735
D/libc    (  317): , tls=0x57232f00, arg=0x416ca410
D/libc    (  317): pt_debug : pthread_create->start_routine=0x40863735, tls=0x57332f00, arg=0x416ca860
D/libc    (  317): pt_debug : __thread_entry->func=0x40863735
D/libc    (  317): , tls=0x57332f00, arg=0x416ca860
I/SystemServer(  317): Status Bar
I/SystemServer(  317): Clipboard Service
D/VoldCmdListener(  103): volume list
I/SystemServer(  317): NetworkManagement Service
D/libc    (  317): pt_debug : pthread_create->start_routine=0x40863735, tls=0x57432f00, arg=0x416cb0b8
D/libc    (  317): pt_debug : __thread_entry->func=0x40863735
D/libc    (  317): , tls=0x57432f00, arg=0x416cb0b8
D/libc    (  317): pt_debug : pthread_create->start_routine=0x40863735, tls=0x57532f00, arg=0x5081ad78
I/PackageManager(  317): Updating external media status from unmounted to unmounted
D/MountService(  317): volume state changed for /storage/sdcard0 (null -> unmounted)
D/MountService(  317): volume state changed for /storage/emmc (null -> removed)
D/MountService(  317): volume state changed for /storage/usb (null -> removed)
D/VoldCmdListener(  103): share status ums
D/libc    (  317): pt_debug : __thread_entry->func=0x40863735
D/libc    (  317): , tls=0x57532f00, arg=0x5081ad78
D/MountService(  317): sharing = 0 
I/MountService(  317): mConnectedSignal.countDown()
W/MountService(  317): getSecureContainerList() called when storage not mounted
D/VoldCmdListener(  103): asec list
I/SystemServer(  317): Text Service Manager Service
I/SystemServer(  317): NetworkStats Service
D/libc    (  317): pt_debug : pthread_create->start_routine=0x40863735, tls=0x57632f00, arg=0x5081b1c8
I/PackageManager(  317): No secure containers from MountService, try App record.
D/libc    (  317): pt_debug : __thread_entry->func=0x40863735
D/libc    (  317): , tls=0x57632f00, arg=0x5081b1c8
W/MountService(  317): getSecureContainerList() called when storage not mounted
E/NetworkStats(  317): failed to get dev name for skylink: java.lang.IllegalStateException: problem get dev name for skylink
I/SystemServer(  317): NetworkPolicy Service
D/libc    (  317): pt_debug : pthread_create->start_routine=0x40863735, tls=0x57732f00, arg=0x5081b820
D/libc    (  317): pt_debug : __thread_entry->func=0x40863735
D/libc    (  317): , tls=0x57732f00, arg=0x5081b820
D/VoldCmdListener(  103): asec fspath com.kiloo.subwaysurf-1
E/Vold    (  103): Couldn't find ASEC com.kiloo.subwaysurf-1
I/SystemServer(  317): Wi-Fi P2pService
D/libc    (  317): pt_debug : pthread_create->start_routine=0x40863735, tls=0x57832f00, arg=0x5293d3d8
D/libc    (  317): pt_debug : __thread_entry->func=0x40863735
D/libc    (  317): , tls=0x57832f00, arg=0x5293d3d8
D/WifiP2pService(  317): P2pDisabledState
I/SystemServer(  317): Wi-Fi Service
I/MountService(  317): Container 'com.kiloo.subwaysurf-1' not found
W/MountService(  317): getSecureContainerList() called when storage not mounted
D/VoldCmdListener(  103): asec path com.kiloo.subwaysurf-1
E/Vold    (  103): Couldn't find ASEC com.kiloo.subwaysurf-1
D/PackageManager(  317): @@ Container : com.kiloo.subwaysurf-1 stale due to getSecureContainerPath is null
D/PackageManager(  317): @@ Stack Level: 0, java.io.File::fixSlashes from file "File.java"at line: -1)
D/PackageManager(  317): @@ Stack Level: 1, java.io.File::<init> from file "File.java"at line: -1)
D/PackageManager(  317): @@ Stack Level: 2, com.android.server.pm.PackageManagerService$AsecInstallArgs::setCachePath from file "PackageManagerService.java"at line: -1)
D/PackageManager(  317): @@ Stack Level: 3, com.android.server.pm.PackageManagerService$AsecInstallArgs::<init> from file "PackageManagerService.java"at line: -1)
D/PackageManager(  317): @@ Stack Level: 4, com.android.server.pm.PackageManagerService::updateExternalMediaStatusInner from file "PackageManagerService.java"at line: -1)
D/PackageManager(  317): @@ Stack Level: 5, com.android.server.pm.PackageManagerService::scanAvailableAsecs from file "PackageManagerService.java"at line: -1)
D/PackageManager(  317): @@ Stack Level: 6, com.android.server.MountService$2::run from file "MountService.java"at line: -1)
D/PackageManager(  317): Container:com.kiloo.subwaysurf-1is stale !
I/MountService(  317): Container 'com.kiloo.subwaysurf-1' not found
W/PackageManager(  317): Unknown permission android.permission.READ_SETTINGS in package com.htc.taskmanager
W/PackageManager(  317): Unknown permission android.permission.READ_SECURE_SETTINGS in package com.htc.taskmanager
W/PackageManager(  317): Unknown permission com.htc.feed.permission.FORCE_REFRESH in package com.htc.opensense.social
W/PackageManager(  317): Unknown permission android.permission.ADD_SYSTEM_SERVICE in package com.android.phone
W/PackageManager(  317): Unknown permission com.android.smspush.WAPPUSH_MANAGER_BIND in package com.android.phone
W/PackageManager(  317): Unknown permission com.tmobile.driving.permission.READ_DRIVING_MODE_SETTINGS in package com.android.phone
W/PackageManager(  317): Unknown permission com.htc.permission.ACCESS_NOTES in package com.android.phone
W/PackageManager(  317): Unknown permission com.htc.socialnetwork.plurk.permission.useprovider in package com.android.phone
W/PackageManager(  317): Unknown permission htc.socialnetwork.facebook.permission.SYSTEM_USE in package com.android.phone
W/PackageManager(  317): Unknown permission com.htc.htctwitter.permission.useprovider in package com.android.phone
W/PackageManager(  317): Unknown permission htc.friendstream.permission.SYSTEM_USE in package com.android.phone
W/PackageManager(  317): Unknown permission com.tmobile.vvm.application.permission.ACCESS_PROVIDER in package com.android.phone
W/PackageManager(  317): Unknown permission com.htc.permission.SOCIAL_NETWORK in package com.android.phone
W/PackageManager(  317): Unknown permission com.htc.socialnetwork.permission.useprovider in package com.android.phone
W/PackageManager(  317): Unknown permission com.htc.soundrecorder.permission.RecordingService in package com.android.phone
W/PackageManager(  317): Unknown permission com.htc.HTCSpeaker.ACCESS_VR in package com.android.phone
W/PackageManager(  317): Unknown permission htc.permission.AutoMotive.RECEIVE_BROADCAST in package com.android.phone
W/PackageManager(  317): Unknown permission com.htc.launcher.permission.UPDATE_SHORTCUT in package com.android.phone
W/PackageManager(  317): Unknown permission com.kddi.android.iida.iidahome.permission.BUBBLE_NOTIFICATION in package com.android.phone
W/PackageManager(  317): Unknown permission com.htc.fmservice.permission.FMRadioService in package com.htc.fm
W/PackageManager(  317): Unknown permission android.permission.ACCESS_DRM in package com.htc.fm
W/PackageManager(  317): Not granting permission com.htc.permission.UBLS_WRITE_LOG to package com.htc.fm (protectionLevel=2 flags=0x8be45)
W/PackageManager(  317): Unknown permission com.htc.permission.APP_PLATFORM in package com.htc.fm
W/PackageManager(  317): Unknown permission android.permission.ACCESS_DRM in package com.htc.video
W/PackageManager(  317): Unknown permission android.permission.BACKUP_DATA in package com.htc.video
W/PackageManager(  317): Unknown permission android.permission.INJECT_AUDIO_VOLUME_SETTINGS in package com.htc.video
W/PackageManager(  317): Unknown permission android.permission.WRITE_OWNER_DATA in package com.htc.video
D/libc    (  317): pt_debug : pthread_create->start_routine=0x40863735, tls=0x57932f00, arg=0x5293ee50
D/libc    (  317): pt_debug : __thread_entry->func=0x40863735
D/libc    (  317): , tls=0x57932f00, arg=0x5293ee50
W/PackageManager(  317): Unknown permission com.google.android.providers.gmail.permission.READ_GMAIL in package com.htc.video
W/PackageManager(  317): Not granting permission com.htc.album.permission.DMCInfo_RECEIVER to package com.htc.video (protectionLevel=2 flags=0x8be45)
W/PackageManager(  317): Unknown permission com.htc.dropboxplayer.permission.LAUNCH in package com.htc.video
W/PackageManager(  317): Unknown permission com.htc.permission.SOCIAL_NETWORK in package com.htc.video
W/PackageManager(  317): Unknown permission com.htc.socialnetwork.permission.useprovider in package com.htc.video
W/PackageManager(  317): Unknown permission com.htc.vmm.service.permission.VMMEngineService in package com.htc.video
W/PackageManager(  317): Unknown permission com.htc.trimslow.permission.EDIT in package com.htc.video
W/PackageManager(  317): Not granting permission android.permission.ACCESS_ALL_DOWNLOADS to package com.htc.video (protectionLevel=2 flags=0x8be45)
W/PackageManager(  317): Unknown permission com.android.vending.billing.IBillingAccountService.BIND2 in package com.google.android.gsf.login
W/PackageManager(  317): Unknown permission com.android.chrome.TOS_ACKED in package com.google.android.gsf.login
W/PackageManager(  317): Unknown permission android.permission.ACCESS_DRM in package com.android.bluetooth
W/PackageManager(  317): Unknown permission android.permission.INSTALL_DRM in package com.android.bluetooth
W/PackageManager(  317): Unknown permission com.google.android.gm.permission.READ_GMAIL in package com.android.bluetooth
W/PackageManager(  317): Unknown permission android.permission.ACCESS_DRM in package com.htc.android.mail
W/PackageManager(  317): Unknown permission android.permission.QUERY_DRM in package com.htc.android.mail
W/PackageManager(  317): Unknown permission com.htc.launcher.permission.UPDATE_SHORTCUT in package com.htc.android.mail
W/PackageManager(  317): Unknown permission com.google.android.providers.gmail.permission.READ_GMAIL in package com.htc.android.mail
W/PackageManager(  317): Unknown permission android.permission.RECEIVE_EMAIL_NOTIFICATION in package com.htc.android.mail
W/PackageManager(  317): Unknown permission com.htc.framework.permission.DPM_INTERNAL_OPERATION in package com.htc.android.mail
W/PackageManager(  317): Unknown permission com.westtek.jcp.PRINT in package com.htc.android.mail
W/PackageManager(  317): Not granting permission com.htc.permission.UBLS_WRITE_LOG to package com.htc.android.mail (protectionLevel=2 flags=0xbbe45)
W/PackageManager(  317): Unknown permission com.htc.permission.APP_PLATFORM in package com.htc.android.mail
W/PackageManager(  317): Not granting permission android.permission.SEND_DOWNLOAD_COMPLETED_INTENTS to package com.android.browser (protectionLevel=2 flags=0xbbe45)
W/PackageManager(  317): Not granting permission android.permission.SET_PREFERRED_APPLICATIONS to package com.android.browser (protectionLevel=2 flags=0xbbe45)
W/PackageManager(  317): Unknown permission com.westtek.jcp.PRINT in package com.android.browser
W/PackageManager(  317): Unknown permission com.htc.android.permission.LOCATION_PICKER in package com.android.browser
W/PackageManager(  317): Unknown permission htc.socialnetwork.facebook.permission.SYSTEM_USE in package com.android.browser
W/PackageManager(  317): Unknown permission android.permission.READ_MEMORIES in package com.htc.zeroediting
W/PackageManager(  317): Unknown permission android.permission.ACCESS_NETWORK_LOCATION in package com.htc.htclocationservice
W/PackageManager(  317): Unknown permission android.permission.ACCESS_LOCATION in package com.htc.htclocationservice
W/PackageManager(  317): Unknown permission android.permission.ACCESS_GPS in package com.htc.htclocationservice
W/PackageManager(  317): Unknown permission android.permission.ACCESS_ASSISTED_GPS in package com.htc.htclocationservice
W/PackageManager(  317): Unknown permission android.permission.READ_MEMORIES in package com.htc.MediaCacheService
W/PackageManager(  317): Unknown permission com.htc.drawingboard.permission.DRAW_CROP in package com.htc.photoenhancer
W/PackageManager(  317): Unknown permission com.htc.launcher.permission.UPDATE_SHORTCUT in package com.android.mms
W/PackageManager(  317): Unknown permission android.permission.ACCESS_DRM in package com.android.mms
W/PackageManager(  317): Unknown permission android.permission.RAISED_THREAD_PRIORITY in package com.android.mms
W/PackageManager(  317): Unknown permission com.kddi.android.iida.iidahome.permission.BUBBLE_NOTIFICATION in package com.android.mms
W/PackageManager(  317): Unknown permission android.permission.INSTALL_DRM in package com.android.mms
W/PackageManager(  317): Unknown permission android.permission.FULLSCREEN in package com.android.mms
W/PackageManager(  317): Unknown permission android.permission.BACKUP_DATA in package com.android.mms
W/PackageManager(  317): Unknown permission com.google.android.providers.gmail.permission.READ_GMAIL in package com.android.mms
W/PackageManager(  317): Unknown permission com.google.android.gm.permission.READ_GMAIL in package com.android.mms
W/PackageManager(  317): Unknown permission javax.microedition.gba.USE_GBA_SERVICE in package com.android.mms
W/PackageManager(  317): Unknown permission android.permission.ACCESS_GPS in package com.android.mms
W/PackageManager(  317): Unknown permission android.permission.ACCESS_LOCATION in package com.android.mms
W/PackageManager(  317): Unknown permission android.permission.ACCESS_ASSISTED_GPS in package com.android.mms
W/PackageManager(  317): Unknown permission android.permission.ACCESS_CELL_ID in package com.android.mms
W/PackageManager(  317): Unknown permission com.htc.android.phoneremote.permission.BROADCAST in package com.android.mms
W/PackageManager(  317): Unknown permission com.htc.android.permission.LOCATION_PICKER in package com.android.mms
W/PackageManager(  317): Unknown permission com.htc.HTCSpeaker.ACCESS_VR in package com.android.mms
W/PackageManager(  317): Unknown permission com.htc.permission.FEEDBACK_PROTECT in package com.htc.htcpowermanager
W/PackageManager(  317): Unknown permission htc.socialnetwork.facebook.permission.SYSTEM_USE in package com.htc.MediaAutoUploadSetting
W/PackageManager(  317): Unknown permission com.htc.flickr.permission.useprovider in package com.htc.MediaAutoUploadSetting
W/PackageManager(  317): Unknown permission android.permission.INTERACT_ACROSS_USERS in package com.google.android.gms
W/PackageManager(  317): Unknown permission android.permission.LOCATION_HARDWARE in package com.google.android.gms
W/PackageManager(  317): Unknown permission android.permission.GET_APP_OPS_STATS in package com.google.android.gms
W/PackageManager(  317): Unknown permission android.permission.UPDATE_APP_OPS_STATS in package com.google.android.gms
W/PackageManager(  317): Unknown permission android.permission.CAPTURE_AUDIO_HOTWORD in package com.google.android.gms
W/PackageManager(  317): Unknown permission android.permission.ACCESS_NETWORK_CONDITIONS in package com.google.android.gms
W/PackageManager(  317): Unknown permission android.permission.MANAGE_DEVICE_ADMINS in package com.google.android.gms
W/PackageManager(  317): Not granting permission android.permission.MODIFY_PHONE_STATE to package com.google.android.gms (protectionLevel=18 flags=0x83e44)
W/PackageManager(  317): Not granting permission android.permission.MANAGE_USB to package com.google.android.gms (protectionLevel=18 flags=0x83e44)
W/PackageManager(  317): Not granting permission android.permission.CALL_PRIVILEGED to package com.google.android.gms (protectionLevel=18 flags=0x83e44)
W/PackageManager(  317): Unknown permission android.permission.BLUETOOTH_PRIVILEGED in package com.google.android.gms
W/PackageManager(  317): Unknown permission android.permission.CAPTURE_AUDIO_OUTPUT in package com.google.android.gms
W/PackageManager(  317): Unknown permission android.permission.CAPTURE_VIDEO_OUTPUT in package com.google.android.gms
W/PackageManager(  317): Unknown permission android.permission.CAPTURE_SECURE_VIDEO_OUTPUT in package com.google.android.gms
W/PackageManager(  317): Not granting permission android.permission.READ_FRAME_BUFFER to package com.google.android.gms (protectionLevel=18 flags=0x83e44)
W/PackageManager(  317): Unknown permission android.permission.ACCESS_DRM in package com.android.htccontacts
W/PackageManager(  317): Unknown permission com.android.providers.im.permission.READ_ONLY in package com.android.htccontacts
W/PackageManager(  317): Unknown permission com.android.providers.im.permission.WRITE_ONLY in package com.android.htccontacts
W/PackageManager(  317): Unknown permission android.permission.ACCESS_LOCATION in package com.android.htccontacts
W/PackageManager(  317): Unknown permission android.permission.ACCESS_NETWORK_LOCATION in package com.android.htccontacts
W/PackageManager(  317): Unknown permission com.htc.socialnetwork.permission.useprovider in package com.android.htccontacts
W/PackageManager(  317): Unknown permission com.htc.htctwitter.permission.useprovider in package com.android.htccontacts
W/PackageManager(  317): Unknown permission com.htc.socialnetwork.plurk.permission.useprovider in package com.android.htccontacts
W/PackageManager(  317): Unknown permission com.htc.permission.SOCIAL_NETWORK in package com.android.htccontacts
W/PackageManager(  317): Unknown permission com.htc.launcher.permission.UPDATE_SHORTCUT in package com.android.htccontacts
W/PackageManager(  317): Unknown permission com.westtek.jcp.PRINT in package com.android.htccontacts
W/PackageManager(  317): Unknown permission com.htc.flickr.permission.useprovider in package com.android.htccontacts
W/PackageManager(  317): Unknown permission com.htc.rcschat.permission.CHAT_DATA_PROVIDER in package com.android.htccontacts
W/PackageManager(  317): Unknown permission com.htc.rcschat.permission.SHOW_SHARED_FILES in package com.android.htccontacts
W/PackageManager(  317): Unknown permission com.htc.rcschat.permission.BIND_SERVICE in package com.android.htccontacts
W/PackageManager(  317): Unknown permission com.htc.rcschat.permission.CHAT in package com.android.htccontacts
W/PackageManager(  317): Unknown permission htc.friendstream.renrenwebplugin.permission.SYSTEM_USE in package com.android.htccontacts
W/PackageManager(  317): Unknown permission htc.friendstream.sinaweiboplugin.permission.SYSTEM_USE in package com.android.htccontacts
W/PackageManager(  317): Unknown permission com.fusionone.android.sync.permission.READ_WRITE_PROVIDERS in package com.android.htccontacts
W/PackageManager(  317): Unknown permission com.htc.rcschat.permission.NEW_CHAT in package com.android.htccontacts
W/PackageManager(  317): Unknown permission com.htc.rcs.permission.RCS in package com.android.htccontacts
W/PackageManager(  317): Unknown permission com.htc.rcs.common in package com.android.htccontacts
W/PackageManager(  317): Unknown permission com.android.providers.syncml.permission.READ_SYNCML_PROFILE in package com.android.htccontacts
W/PackageManager(  317): Unknown permission com.htc.HTCSpeaker.ACCESS_VR in package com.android.htccontacts
W/PackageManager(  317): Unknown permission com.htc.family.read_permission in package com.android.htccontacts
