D/AudioService(  317): readsettings index:-1, from:volume_ring_earpiece
D/AudioService(  317): readsettings index:5, from:volume_ring_speaker
D/AudioService(  317): put device 2 speaker stream STREAM_NOTIFICATION volume setting 50 into catch
D/AudioService(  317): readsettings index:-1, from:volume_ring_headset
D/AudioService(  317): readsettings index:-1, from:volume_ring_headphone
D/AudioService(  317): readsettings index:-1, from:volume_ring_bt_sco
D/AudioService(  317): readsettings index:-1, from:volume_ring_bt_sco_hs
D/AudioService(  317): readsettings index:-1, from:volume_ring_bt_sco_carkit
D/PowerManagerService(  317): releaseWakeLock(421d2ab0): PARTIAL_WAKE_LOCK , tag=AudioOut_5, flags=0x1
D/AudioService(  317): readsettings index:-1, from:volume_ring_bt_a2dp
D/AudioService(  317): readsettings index:-1, from:volume_ring_bt_a2dp_hp
D/AudioService(  317): readsettings index:-1, from:volume_ring_bt_a2dp_spk
D/AudioService(  317): readsettings index:-1, from:volume_ring_aux_digital
D/AudioService(  317): readsettings index:-1, from:volume_ring_analog_dock
D/AudioService(  317): readsettings index:-1, from:volume_ring_digital_dock
D/AudioService(  317): readsettings index:-1, from:volume_ring_usb_accessory
D/AudioService(  317): readsettings index:-1, from:volume_ring_usb_device
D/AudioService(  317): readsettings index:-1, from:volume_ring_fm_device
D/AudioService(  317): readsettings index:-1, from:volume_ring_fm_tx_device
D/AudioService(  317): readsettings index:-1, from:volume_ring_direct_output
D/AudioService(  317): readsettings index:-1, from:volume_ring_hdmi
D/AudioService(  317): readsettings index:5, from:volume_ring
D/AudioService(  317): put device 80000  stream STREAM_NOTIFICATION volume setting 50 into catch
D/AudioService(  317): readsettings index:-1, from:volume_bluetooth_sco_earpiece
D/AudioService(  317): readsettings index:-1, from:volume_bluetooth_sco_speaker
D/AudioService(  317): readsettings index:-1, from:volume_bluetooth_sco_headset
D/AudioService(  317): readsettings index:-1, from:volume_bluetooth_sco_headphone
D/AudioService(  317): readsettings index:-1, from:volume_bluetooth_sco_bt_sco
D/AudioService(  317): readsettings index:-1, from:volume_bluetooth_sco_bt_sco_hs
D/AudioService(  317): readsettings index:-1, from:volume_bluetooth_sco_bt_sco_carkit
D/AudioService(  317): readsettings index:-1, from:volume_bluetooth_sco_bt_a2dp
D/AudioService(  317): readsettings index:-1, from:volume_bluetooth_sco_bt_a2dp_hp
D/AudioService(  317): readsettings index:-1, from:volume_bluetooth_sco_bt_a2dp_spk
D/AudioService(  317): readsettings index:-1, from:volume_bluetooth_sco_aux_digital
D/AudioService(  317): readsettings index:-1, from:volume_bluetooth_sco_analog_dock
D/AudioService(  317): readsettings index:-1, from:volume_bluetooth_sco_digital_dock
D/AudioService(  317): readsettings index:-1, from:volume_bluetooth_sco_usb_accessory
D/AudioService(  317): readsettings index:-1, from:volume_bluetooth_sco_usb_device
D/AudioService(  317): readsettings index:-1, from:volume_bluetooth_sco_fm_device
D/AudioService(  317): readsettings index:-1, from:volume_bluetooth_sco_fm_tx_device
D/AudioService(  317): readsettings index:-1, from:volume_bluetooth_sco_direct_output
D/AudioService(  317): readsettings index:-1, from:volume_bluetooth_sco_hdmi
D/AudioService(  317): readsettings index:7, from:volume_bluetooth_sco
D/AudioService(  317): put device 80000  stream STREAM_BLUETOOTH_SCO volume setting 70 into catch
D/AudioService(  317): readsettings index:-1, from:volume_ring_earpiece
D/AudioService(  317): readsettings index:5, from:volume_ring_speaker
D/AudioService(  317): put device 2 speaker stream STREAM_SYSTEM_ENFORCED volume setting 50 into catch
D/AudioService(  317): readsettings index:-1, from:volume_ring_headset
D/AudioService(  317): readsettings index:-1, from:volume_ring_headphone
D/AudioService(  317): readsettings index:-1, from:volume_ring_bt_sco
D/AudioService(  317): readsettings index:-1, from:volume_ring_bt_sco_hs
D/AudioService(  317): readsettings index:-1, from:volume_ring_bt_sco_carkit
D/AudioService(  317): readsettings index:-1, from:volume_ring_bt_a2dp
D/AudioService(  317): readsettings index:-1, from:volume_ring_bt_a2dp_hp
D/AudioService(  317): readsettings index:-1, from:volume_ring_bt_a2dp_spk
D/AudioService(  317): readsettings index:-1, from:volume_ring_aux_digital
D/AudioService(  317): readsettings index:-1, from:volume_ring_analog_dock
D/AudioService(  317): readsettings index:-1, from:volume_ring_digital_dock
D/AudioService(  317): readsettings index:-1, from:volume_ring_usb_accessory
D/AudioService(  317): readsettings index:-1, from:volume_ring_usb_device
D/AudioService(  317): readsettings index:-1, from:volume_ring_fm_device
D/AudioService(  317): readsettings index:-1, from:volume_ring_fm_tx_device
D/AudioService(  317): readsettings index:-1, from:volume_ring_direct_output
D/AudioService(  317): readsettings index:-1, from:volume_ring_hdmi
D/AudioService(  317): readsettings index:5, from:volume_ring
D/AudioService(  317): put device 80000  stream STREAM_SYSTEM_ENFORCED volume setting 50 into catch
D/AudioService(  317): readsettings index:-1, from:volume_ring_earpiece
D/AudioService(  317): readsettings index:5, from:volume_ring_speaker
D/AudioService(  317): put device 2 speaker stream STREAM_DTMF volume setting 50 into catch
D/AudioService(  317): readsettings index:-1, from:volume_ring_headset
D/AudioService(  317): readsettings index:-1, from:volume_ring_headphone
D/AudioService(  317): readsettings index:-1, from:volume_ring_bt_sco
D/AudioService(  317): readsettings index:-1, from:volume_ring_bt_sco_hs
D/AudioService(  317): readsettings index:-1, from:volume_ring_bt_sco_carkit
D/AudioService(  317): readsettings index:-1, from:volume_ring_bt_a2dp
D/AudioService(  317): readsettings index:-1, from:volume_ring_bt_a2dp_hp
D/AudioService(  317): readsettings index:-1, from:volume_ring_bt_a2dp_spk
D/AudioService(  317): readsettings index:-1, from:volume_ring_aux_digital
D/AudioService(  317): readsettings index:-1, from:volume_ring_analog_dock
D/AudioService(  317): readsettings index:-1, from:volume_ring_digital_dock
D/AudioService(  317): readsettings index:-1, from:volume_ring_usb_accessory
D/AudioService(  317): readsettings index:-1, from:volume_ring_usb_device
D/AudioService(  317): readsettings index:-1, from:volume_ring_fm_device
D/AudioService(  317): readsettings index:-1, from:volume_ring_fm_tx_device
D/AudioService(  317): readsettings index:-1, from:volume_ring_direct_output
D/AudioService(  317): readsettings index:-1, from:volume_ring_hdmi
D/AudioService(  317): readsettings index:5, from:volume_ring
D/AudioService(  317): put device 80000  stream STREAM_DTMF volume setting 50 into catch
D/AudioService(  317): readsettings index:-1, from:volume_music_earpiece
D/AudioService(  317): readsettings index:10, from:volume_music_speaker
D/AudioService(  317): put device 2 speaker stream STREAM_TTS volume setting 100 into catch
D/AudioService(  317): readsettings index:-1, from:volume_music_headset
D/AudioService(  317): readsettings index:-1, from:volume_music_headphone
D/AudioService(  317): readsettings index:-1, from:volume_music_bt_sco
D/AudioService(  317): readsettings index:-1, from:volume_music_bt_sco_hs
D/AudioService(  317): readsettings index:-1, from:volume_music_bt_sco_carkit
D/AudioService(  317): readsettings index:-1, from:volume_music_bt_a2dp
D/AudioService(  317): readsettings index:-1, from:volume_music_bt_a2dp_hp
D/AudioService(  317): readsettings index:-1, from:volume_music_bt_a2dp_spk
D/AudioService(  317): readsettings index:-1, from:volume_music_aux_digital
D/AudioService(  317): readsettings index:-1, from:volume_music_analog_dock
D/AudioService(  317): readsettings index:-1, from:volume_music_digital_dock
D/AudioService(  317): readsettings index:-1, from:volume_music_usb_accessory
D/AudioService(  317): readsettings index:-1, from:volume_music_usb_device
D/AudioService(  317): readsettings index:-1, from:volume_music_fm_device
D/AudioService(  317): readsettings index:-1, from:volume_music_fm_tx_device
D/AudioService(  317): readsettings index:-1, from:volume_music_direct_output
D/AudioService(  317): readsettings index:-1, from:volume_music_hdmi
D/AudioService(  317): readsettings index:11, from:volume_music
D/AudioService(  317): put device 80000  stream STREAM_TTS volume setting 110 into catch
D/AudioService(  317): readsettings index:-1, from:volume_music_earpiece
D/AudioService(  317): readsettings index:10, from:volume_music_speaker
D/AudioService(  317): put device 2 speaker stream STREAM_FM volume setting 100 into catch
D/AudioService(  317): readsettings index:-1, from:volume_music_headset
D/AudioService(  317): readsettings index:-1, from:volume_music_headphone
D/AudioService(  317): readsettings index:-1, from:volume_music_bt_sco
D/AudioService(  317): readsettings index:-1, from:volume_music_bt_sco_hs
D/AudioService(  317): readsettings index:-1, from:volume_music_bt_sco_carkit
D/AudioService(  317): readsettings index:-1, from:volume_music_bt_a2dp
D/AudioService(  317): readsettings index:-1, from:volume_music_bt_a2dp_hp
D/AudioService(  317): readsettings index:-1, from:volume_music_bt_a2dp_spk
D/AudioService(  317): readsettings index:-1, from:volume_music_aux_digital
D/AudioService(  317): readsettings index:-1, from:volume_music_analog_dock
D/AudioService(  317): readsettings index:-1, from:volume_music_digital_dock
D/AudioService(  317): readsettings index:-1, from:volume_music_usb_accessory
D/AudioService(  317): readsettings index:-1, from:volume_music_usb_device
D/AudioService(  317): readsettings index:-1, from:volume_music_fm_device
D/AudioService(  317): readsettings index:-1, from:volume_music_fm_tx_device
D/AudioService(  317): readsettings index:-1, from:volume_music_direct_output
D/AudioService(  317): readsettings index:-1, from:volume_music_hdmi
D/AudioService(  317): readsettings index:11, from:volume_music
D/AudioService(  317): put device 80000  stream STREAM_FM volume setting 110 into catch
D/AudioService(  317): update volume cache setting, stream:STREAM_SYSTEM, device:, index:50, sync lastAudible? false
D/AudioService(  317): update volume cache setting, stream:STREAM_SYSTEM, device:speaker, index:50, sync lastAudible? false
D/AudioService(  317): update volume cache setting, stream:STREAM_SYSTEM, device:, index:50, sync lastAudible? true
D/AudioService(  317): update volume cache setting, stream:STREAM_SYSTEM, device:speaker, index:50, sync lastAudible? true
D/AudioService(  317): update volume cache setting, stream:STREAM_NOTIFICATION, device:, index:50, sync lastAudible? false
D/AudioService(  317): update volume cache setting, stream:STREAM_NOTIFICATION, device:speaker, index:50, sync lastAudible? false
D/AudioService(  317): update volume cache setting, stream:STREAM_NOTIFICATION, device:, index:50, sync lastAudible? true
D/AudioService(  317): update volume cache setting, stream:STREAM_NOTIFICATION, device:speaker, index:50, sync lastAudible? true
D/AudioService(  317): update volume cache setting, stream:STREAM_SYSTEM_ENFORCED, device:, index:50, sync lastAudible? false
D/AudioService(  317): update volume cache setting, stream:STREAM_SYSTEM_ENFORCED, device:speaker, index:50, sync lastAudible? false
D/AudioService(  317): update volume cache setting, stream:STREAM_SYSTEM_ENFORCED, device:, index:50, sync lastAudible? true
D/AudioService(  317): update volume cache setting, stream:STREAM_SYSTEM_ENFORCED, device:speaker, index:50, sync lastAudible? true
D/AudioService(  317): update volume cache setting, stream:STREAM_DTMF, device:, index:107, sync lastAudible? false
D/AudioService(  317): update volume cache setting, stream:STREAM_DTMF, device:speaker, index:107, sync lastAudible? false
D/AudioService(  317): update volume cache setting, stream:STREAM_DTMF, device:, index:107, sync lastAudible? true
D/AudioService(  317): update volume cache setting, stream:STREAM_DTMF, device:speaker, index:107, sync lastAudible? true
D/AudioService(  317): update volume cache setting, stream:STREAM_TTS, device:, index:110, sync lastAudible? false
D/AudioService(  317): update volume cache setting, stream:STREAM_TTS, device:headphone, index:70, sync lastAudible? false
D/AudioService(  317): update volume cache setting, stream:STREAM_TTS, device:speaker, index:100, sync lastAudible? false
D/AudioService(  317): update volume cache setting, stream:STREAM_TTS, device:headset, index:70, sync lastAudible? false
D/AudioService(  317): update volume cache setting, stream:STREAM_TTS, device:, index:110, sync lastAudible? true
D/AudioService(  317): update volume cache setting, stream:STREAM_TTS, device:headphone, index:70, sync lastAudible? true
D/AudioService(  317): update volume cache setting, stream:STREAM_TTS, device:speaker, index:100, sync lastAudible? true
D/AudioService(  317): update volume cache setting, stream:STREAM_TTS, device:headset, index:70, sync lastAudible? true
D/AudioService(  317): update volume cache setting, stream:STREAM_FM, device:, index:110, sync lastAudible? false
D/AudioService(  317): update volume cache setting, stream:STREAM_FM, device:headphone, index:70, sync lastAudible? false
D/AudioService(  317): update volume cache setting, stream:STREAM_FM, device:speaker, index:100, sync lastAudible? false
D/AudioService(  317): update volume cache setting, stream:STREAM_FM, device:headset, index:70, sync lastAudible? false
D/AudioService(  317): update volume cache setting, stream:STREAM_FM, device:, index:110, sync lastAudible? true
D/AudioService(  317): update volume cache setting, stream:STREAM_FM, device:headphone, index:70, sync lastAudible? true
D/AudioService(  317): update volume cache setting, stream:STREAM_FM, device:speaker, index:100, sync lastAudible? true
D/AudioService(  317): update volume cache setting, stream:STREAM_FM, device:headset, index:70, sync lastAudible? true
D/AudioService(  317): setRingerModeInt 2 to 2
D/AudioService(  317): mRingerModeExtreamedStreams= 0
D/AudioService(  317): mRingerModeMutedStreams= 0
W/AudioService(  317): onReevaluateRemote()
D/AudioService(  317): getCustomizedFile=/system/customize/CID/default.xml
D/CustomizationParser(  317): +matchTagAttribute[category]:AudioService
D/CustomizationParser(  317): category:system
D/CustomizationParser(  317): category:application
D/CustomizationParser(  317): BootConfiguration:null
D/CustomizationParser(  317): ShutdownConfiguration:null
D/CustomizationParser(  317): category:SettingsProvider
D/CustomizationParser(  317): category:Settings
D/CustomizationParser(  317): category:AutomotiveHome
D/CustomizationParser(  317): category:framework
D/CustomizationParser(  317): category:AudioService
D/CustomizationParser(  317): -matchTagAttribute[category]:true
D/CustomizationParser(  317): +matchTagAttribute[module]:res
D/CustomizationParser(  317): module:res
D/CustomizationParser(  317): -matchTagAttribute[module]:true
D/CustomizationParser(  317): +matchTagAttribute[function]:values
D/CustomizationParser(  317): function:values
D/CustomizationParser(  317): -matchTagAttribute[function]:true
D/CustomizationParser(  317): +matchTagAttribute[set]:single
D/CustomizationParser(  317): set:single
D/CustomizationParser(  317): -matchTagAttribute[set]:true
D/CUST_AudioService(  317): enable_listen_notify > true
D/CustomizationParser(  317): +matchTagAttribute[set]:single
D/CustomizationParser(  317): -matchTagAttribute[set]:false
D/CustomizationParser(  317): +matchTagAttribute[function]:values
D/CustomizationParser(  317): -matchTagAttribute[function]:false
D/CustomizationParser(  317): +matchTagAttribute[module]:res
D/CustomizationParser(  317): -matchTagAttribute[module]:false
D/CustomizationParser(  317): +matchTagAttribute[category]:AudioService
D/CustomizationParser(  317): -matchTagAttribute[category]:false
D/AudioService(  317): enable listen notify !!
D/AudioAlert(  317): read DB, is check box selected: false, time occupied: 0, duration: 72000000
I/SystemServer(  317): Dock Observer
W/DockObserver(  317): This kernel does not have dock station support
I/SystemServer(  317): Wired Accessory Observer
W/WiredAccessoryObserver(  317): This kernel does not have usb audio support
W/WiredAccessoryObserver(  317): n com.htc.socialnetwork.plurk.permission.useprovider
W/WiredAccessoryObserver(  317): This kernel does not have Listen notification support
W/WiredAccessoryObserver(  317): This kernel does not have HDMI audio support
I/SystemServer(  317): USB Service
D/libc    (  317): pt_debug : pthread_create->start_routine=0x40863735, tls=0x58809f00, arg=0x52a41628
D/libc    (  317): pt_debug : __thread_entry->func=0x40863735
D/libc    (  317): , tls=0x58809f00, arg=0x52a41628
W/UsbDeviceManager(  317): Error FileReader reader4ats
W/UsbDeviceManager(  317): java.io.FileNotFoundException: /sys/devices/platform/android_usb/ats: open failed: ENOENT (No such file or directory)
W/UsbDeviceManager(  317): 	at libcore.io.IoBridge.open(IoBridge.java)
W/UsbDeviceManager(  317): 	at java.io.FileInputStream.<init>(FileInputStream.java)
W/UsbDeviceManager(  317): 	at java.io.FileInputStream.<init>(FileInputStream.java)
W/UsbDeviceManager(  317): 	at java.io.FileReader.<init>(FileReader.java)
W/UsbDeviceManager(  317): 	at com.android.server.usb.UsbDeviceManager$UsbHandler.<init>(UsbDeviceManager.java)
W/UsbDeviceManager(  317): 	at com.android.server.usb.UsbDeviceManager.<init>(UsbDeviceManager.java)
W/UsbDeviceManager(  317): 	at com.android.server.usb.UsbService.<init>(UsbService.java)
W/UsbDeviceManager(  317): 	at com.android.server.ServerThread.run(SystemServer.java)
W/UsbDeviceManager(  317): Caused by: libcore.io.ErrnoException: open failed: ENOENT (No such file or directory)
W/UsbDeviceManager(  317): 	at libcore.io.Posix.open(Native Method)
W/UsbDeviceManager(  317): 	at libcore.io.BlockGuardOs.open(BlockGuardOs.java)
W/UsbDeviceManager(  317): 	... 8 more
D/UsbDeviceManager(  317): [USBNET] UsbHandler: mDefaultKernelFunctions= mass_storage,adb,diag
D/UsbDeviceManager(  317): [USBNET] UsbHandler: Skip Check Default
D/UsbDeviceManager(  317): [USBNET] UsbHandler: mDefaultFunctions=mass_storage,adb; mCurrentFunctions=adb
D/UsbDeviceManager(  317): [USBNET] mSecureKey= unknown
D/UsbDeviceManager(  317): [USBNET] handleMessage: 0; mConnected=false, mConfiguration=false
I/SystemServer(  317): Serial Service
I/SystemServer(  317): UI Mode Manager Service
D/UiModeManager(  317): checkAppPackageInstalled: ApplicationInfo{41d44798 com.htc.android.htcsetupwizard}, Time spent = 0
I/SystemServer(  317): Backup Service
D/libc    (  317): pt_debug : pthread_create->start_routine=0x40863735, tls=0x58b09f00, arg=0x52a42560
D/libc    (  317): pt_debug : __thread_entry->func=0x40863735
D/libc    (  317): , tls=0x58b09f00, arg=0x52a42560
V/BackupManagerService(  317): Initializing package tracking
V/BackupManagerService(  317): No ancestral data
V/BackupManagerService(  317): addPackageParticipantsLocked: all
I/BackupManagerService(  317): New app android never backed up; scheduling
D/BackupManagerService(  317): Now staging backup of android
I/BackupManagerService(  317): New app com.android.browser never backed up; scheduling
D/BackupManagerService(  317): Now staging backup of com.android.browser
I/BackupManagerService(  317): New app com.android.providers.settings never backed up; scheduling
D/BackupManagerService(  317): Now staging backup of com.android.providers.settings
I/BackupManagerService(  317): New app com.android.providers.telephony never backed up; scheduling
D/BackupManagerService(  317): Now staging backup of com.android.providers.telephony
I/BackupManagerService(  317): New app com.android.providers.userdictionary never backed up; scheduling
D/BackupManagerService(  317): Now staging backup of com.android.providers.userdictionary
I/BackupManagerService(  317): New app com.android.sharedstoragebackup never backed up; scheduling
D/BackupManagerService(  317): Now staging backup of com.android.sharedstoragebackup
I/BackupManagerService(  317): New app com.android.vending never backed up; scheduling
D/BackupManagerService(  317): Now staging backup of com.android.vending
I/BackupManagerService(  317): New app com.htc.android.htcime never backed up; scheduling
D/BackupManagerService(  317): Now staging backup of com.htc.android.htcime
I/BackupManagerService(  317): New app com.htc.android.mail never backed up; scheduling
D/BackupManagerService(  317): Now staging backup of com.htc.android.mail
I/BackupManagerService(  317): New app com.htc.android.worldclock never backed up; scheduling
D/BackupManagerService(  317): Now staging backup of com.htc.android.worldclock
I/BackupManagerService(  317): New app com.htc.backup never backed up; scheduling
D/BackupManagerService(  317): Now staging backup of com.htc.backup
I/BackupManagerService(  317): New app com.htc.home.personalize never backed up; scheduling
D/BackupManagerService(  317): Now staging backup of com.htc.home.personalize
I/BackupManagerService(  317): New app com.htc.launcher never backed up; scheduling
D/BackupManagerService(  317): Now staging backup of com.htc.launcher
I/BackupManagerService(  317): New app com.htc.plugin.news never backed up; scheduling
D/BackupManagerService(  317): Now staging backup of com.htc.plugin.news
I/BackupManagerService(  317): New app com.htc.provider.settings never backed up; scheduling
D/BackupManagerService(  317): Now staging backup of com.htc.provider.settings
I/BackupManagerService(  317): New app com.htc.sdm never backed up; scheduling
D/BackupManagerService(  317): Now staging backup of com.htc.sdm
I/BackupManagerService(  317): New app com.htc.sync.provider.weather never backed up; scheduling
D/BackupManagerService(  317): Now staging backup of com.htc.sync.provider.weather
I/BackupManagerService(  317): New app com.htc.task never backed up; scheduling
D/BackupManagerService(  317): Now staging backup of com.htc.task
I/BackupManagerService(  317): New app com.htc.usage never backed up; scheduling
D/BackupManagerService(  317): Now staging backup of com.htc.usage
V/BackupManagerService(  317): Registering transport android/com.android.internal.backup.LocalTransport = com.android.internal.backup.LocalTransport@41eadbb8
V/BackupManagerService(  317): Starting with transport com.google.android.backup/.BackupTransportService
V/BackupManagerService(  317): Binding to Google transport
I/BackupManagerService(  317): Found stale backup journal, scheduling
I/BackupManagerService(  317):   android
I/BackupManagerService(  317):   com.android.browser
I/BackupManagerService(  317):   com.android.providers.settings
I/BackupManagerService(  317):   com.android.providers.telephony
I/BackupManagerService(  317):   com.android.providers.userdictionary
I/BackupManagerService(  317):   com.android.sharedstoragebackup
I/BackupManagerService(  317):   com.android.vending
I/BackupManagerService(  317):   com.htc.android.htcime
I/BackupManagerService(  317):   com.htc.android.mail
I/BackupManagerService(  317):   com.htc.android.worldclock
I/BackupManagerService(  317):   com.htc.backup
I/BackupManagerService(  317):   com.htc.home.personalize
I/BackupManagerService(  317):   com.htc.launcher
I/BackupManagerService(  317):   com.htc.plugin.news
I/BackupManagerService(  317):   com.htc.provider.settings
I/BackupManagerService(  317):   com.htc.sdm
I/BackupManagerService(  317):   com.htc.sync.provider.weather
I/BackupManagerService(  317):   com.htc.task
I/BackupManagerService(  317):   com.htc.usage
I/BackupManagerService(  317): Backup enabled => false
I/BackupManagerService(  317): Opting out of backup
I/SystemServer(  317): AppWidget Service
I/SystemServer(  317): Recognition Service
I/SystemServer(  317): DiskStats Service
I/SystemServer(  317): SamplingProfiler Service
I/SystemServer(  317): NetworkTimeUpdateService
I/SystemServer(  317): User Behavior Logging Service
D/UserBehaviorLoggingService(  317): [renewTellHTCUIMode2PolicyBundle] add TellHtc Uimode: normal into policy bundle.
I/dalvikvm-heap(  317): Grow heap (frag case) to 16.089MB for 524304-byte allocation
D/libc    (  317): pt_debug : pthread_create->start_routine=0x40863735, tls=0x5550bf00, arg=0x528e6988
D/libc    (  317): pt_debug : __thread_entry->func=0x40863735
D/libc    (  317): , tls=0x5550bf00, arg=0x528e6988
D/BrcmBtServiceLoader(  317): Initializing....
D/BrcmBtServiceLoader(  317): ********BT/Fm services configured to run in system process...
D/BrcmBtServiceLoader(  317): Starting FM services...
D/FmServiceManager(  317): init() called 
I/FmServiceManager(  317): *********Initializing Fm Service Settings*******
D/FmServiceManager(  317): fm_svcst_bluetooth_fm_receiver_service[0]: isServiceSupported=  true;  SERVICES_STARTUP_ENABLED= true
D/FmServiceManager(  317): fm_svcst_bluetooth_fm_transmitter_service[1]: isServiceSupported=  true;  SERVICES_STARTUP_ENABLED= true
D/FmServiceManager(  317): ****Registering Fm Service bluetooth_fm_receiver_service: com.broadcom.bt.service.fm.FmReceiverService****
D/FmServiceManager(  317): ****Registering Fm Service bluetooth_fm_transmitter_service: com.broadcom.bt.service.fm.FmTransmitterService****
D/FmServiceManager(  317): onEnabled()
D/FmServiceManager(  317): ***startService(): Starting service: bluetooth_fm_receiver_service***
D/FmReceiverService(  317): start
D/FmReceiverService(  317): startFM_Loop()
D/FmServiceManager(  317): ***startService(): Starting service: bluetooth_fm_transmitter_service***
V/FmTransmitterService(  317): start
D/FmTransmitterService(  317): startFmTransmit_Loop()
I/BrcmBtServiceLoader(  317): Loading bluetooth services as system service
I/SystemServer(  317): CommonTimeManagementService
I/SystemServer(  317): WirelessDisplay Service
W/dalvikvm(  317): Exception Ljava/lang/UnsatisfiedLinkError; thrown while initializing Lcom/htc/server/WirelessDisplayService;
E/SystemServer(  317): Failure starting WirelessDisplay Service 
E/SystemServer(  317): java.lang.ExceptionInInitializerError
E/SystemServer(  317): 	at com.android.server.ServerThread.run(SystemServer.java)
E/SystemServer(  317): Caused by: java.lang.UnsatisfiedLinkError: Cannot load library: reloc_library[1306]:   108 cannot locate 'GetQueueFd'...
E/SystemServer(  317): 
E/SystemServer(  317): 	at java.lang.Runtime.loadLibrary(Runtime.java)
E/SystemServer(  317): 	at java.lang.System.loadLibrary(System.java)
E/SystemServer(  317): 	at com.htc.server.WirelessDisplayService.<clinit>(WirelessDisplayService.java)
E/SystemServer(  317): 	... 1 more
I/SystemServer(  317): WFD SessionManager Service
D/SessionManagerService(  317): SessionManagerService ctor
D/SessionManagerService(  317): Reinitializing callback list
D/SessionManagerService(  317): teardown()
D/SessionManagerService(  317): No session in progress
D/SessionManagerService(  317): Cleanup any existing sessions. ret: 0
D/WFDNative(  317): try to load libwfdrtsp.so
W/dalvikvm(  317): Exception Ljava/lang/UnsatisfiedLinkError; thrown while initializing Lcom/qualcomm/wfd/WFDNative;
F/SystemServer(  317): BOOT FAILURE starting SuperUser Request Observer
F/SystemServer(  317): java.lang.NoClassDefFoundError: [generic]
F/SystemServer(  317): 	at dalvik.system.NativeStart.main(Native Method)
I/WindowManager(  317): SAFE MODE not enabled
D/libc    (  317): pt_debug : pthread_create->start_routine=0x40863735, tls=0x57a32f00, arg=0x50197c98
D/libc    (  317): pt_debug : __thread_entry->func=0x40863735
D/libc    (  317): , tls=0x57a32f00, arg=0x50197c98
E/SystemServer(  317): Failure starting WFD SessionManager Service 
E/SystemServer(  317): java.lang.ExceptionInInitializerError
E/SystemServer(  317): 	at com.qualcomm.wfd.service.SessionManagerService.<init>(SessionManagerService.java)
E/SystemServer(  317): 	at com.android.server.ServerThread.run(SystemServer.java)
E/SystemServer(  317): Caused by: java.lang.UnsatisfiedLinkError: Library wfdrtsp not found; tried [/system/lib/libwfdrtsp.so]
E/SystemServer(  317): 	at java.lang.Runtime.loadLibrary(Runtime.java)
E/SystemServer(  317): 	at java.lang.System.loadLibrary(System.java)
E/SystemServer(  317): 	at com.qualcomm.wfd.WFDNative.<clinit>(WFDNative.java)
E/SystemServer(  317): 	... 2 more
I/SystemServer(  317): CertBlacklister
I/SystemServer(  317): SuperUser Request Observer
W/SystemServer(  317): ***********************************************
D/PowerManagerService(  317): acquireWakeLock(420f0658): PARTIAL_WAKE_LOCK , tag=*vibrator*, flags=0x1, pid=317, uid=1000, mUserState=0x3
D/PowerManagerService(  317): releaseWakeLock(420f0658): PARTIAL_WAKE_LOCK , tag=*vibrator*, flags=0x1
E/SQLiteLog(  317): (5) statement aborts at 1: [PRAGMA journal_mode=TRUNCATE;] 
D/KeyguardViewMediator(  317): onSystemReady
D/KeyguardViewMediator(  317): password timeout now
D/StatusBarManager(  317): disable:0 pkgName=android threadName=android.server.ServerThread token=android.os.Binder@41fc96f8
D/PowerManagerService(  317): acquireWakeLock(4215c7f0): PARTIAL_WAKE_LOCK , tag=show keyguard, flags=0x1, pid=317, uid=1000, mUserState=0x3
D/ViewRootImpl(  317): disable SystemServer HW acceleration
W/Sensors (  317): Enabling LightSensor, mEnabled = 0, new state = 1
D/PowerManagerService(  317): system ready!
W/Sensors (  317): Enabling LightSensor end
D/PowerManagerService(  317): ALG=0, lsvalue=-1(0th)->160(3th), last_level=-1, lValue=-1->87, bValue=255, kValue=0, mPowerState=0x3, mSkippedScreenOn=false, mInitialAnimation=false, immediate=false
V/LightsService(  317): setLight #2: color=#ffffffff
D/lights  (  317): set_light_buttons_func: on=16777215 brightness=255
V/LightsService(  317): setLight #1: color=#ff000000
E/lights  (  317): write_int failed to open /sys/class/leds/keyboard-backlight/brightness
I/ActivityManager(  317): System now ready
I/SystemServer(  317): Making services ready
D/SystemServer(  317): Starting service: Intent { cmp=com.android.systemui/.SystemUIService }
I/Zygote  (  317): Process: zygote socket opened
V/LightsService(  317): setLight #0: color=#ff8d8d8d
D/libc    (  108): pt_debug : pthread_create->start_routine=0x40863735, tls=0x4f8a7f00, arg=0x416183f0
D/libc    (  424): pt_debug : pthread_create->start_routine=0x40862ca5, tls=0x4f8a7f00, arg=0x4ee94960
D/libc    (  424): pt_debug : __thread_entry->func=0x40862ca5
D/libc    (  424): , tls=0x4f8a7f00, arg=0x4ee94960
D/libc    (  424): pt_debug : pthread_create->start_routine=0x40862ca5, tls=0x4f9a7f00, arg=0x4daad0d0
D/libc    (  424): pt_debug : __thread_entry->func=0x40862ca5
D/libc    (  424): , tls=0x4f9a7f00, arg=0x4daad0d0
D/libc    (  424): pt_debug : pthread_create->start_routine=0x40862ca5, tls=0x4faa7f00, arg=0x52e66400
D/libc    (  424): pt_debug : __thread_entry->func=0x40862ca5
D/libc    (  424): , tls=0x4faa7f00, arg=0x52e66400
D/libc    (  424): pt_debug : pthread_create->start_routine=0x40863735, tls=0x5339ef00, arg=0x52dde1e0
D/libc    (  424): pt_debug : __thread_entry->func=0x40863735
D/libc    (  424): , tls=0x5339ef00, arg=0x52dde1e0
D/libc    (  424): pt_debug : pthread_create->start_routine=0x40863735, tls=0x5349ef00, arg=0x528c0008
D/libc    (  424): pt_debug : __thread_entry->func=0x40863735
D/libc    (  424): , tls=0x5349ef00, arg=0x528c0008
D/libc    (  424): pt_debug : pthread_create->start_routine=0x40863735, tls=0x5359ef00, arg=0x52c82b38
D/libc    (  424): pt_debug : __thread_entry->func=0x40863735
D/libc    (  424): , tls=0x5359ef00, arg=0x52c82b38
D/libc    (  108): pt_debug : __thread_entry->func=0x40863735
D/libc    (  108): , tls=0x4f8a7f00, arg=0x416183f0
D/libc    (  108): pt_debug : pthread_create->start_routine=0x40863735, tls=0x4f9a7f00, arg=0x4ef0fb68
D/libc    (  108): pt_debug : __thread_entry->func=0x40863735
D/libc    (  108): , tls=0x4f9a7f00, arg=0x4ef0fb68
D/libc    (  108): pt_debug : pthread_create->start_routine=0x40863735, tls=0x4faa7f00, arg=0x531cd008
D/libc    (  108): pt_debug : __thread_entry->func=0x40863735
D/libc    (  108): , tls=0x4faa7f00, arg=0x531cd008
V/LightsService(  317): setLight #0: color=#ff8c8c8c
I/ActivityManager(  317): Start proc com.android.systemui for service com.android.systemui/.SystemUIService: pid=424 uid=1000 gids={3006, 1015, 3002, 3001, 3003, 1028, 5011, 3007}
D/NetworkManagementService(  317): enabling bandwidth control
W/asset   (  317): Copying FileAsset 0x528e7980 (zip:/system/app/HtcLockScreen_5_DD_DS.apk:/resources.arsc) to buffer size 179660 to make it aligned.
V/LightsService(  317): setLight #0: color=#ff8b8b8b
D/libc    (  424): pt_debug : pthread_create->start_routine=0x400806b1, tls=0x5389cf00, arg=0x507fc1f8
D/libc    (  424): pt_debug : __thread_entry->func=0x400806b1
D/libc    (  424): , tls=0x5389cf00, arg=0x507fc1f8
D/libc    (  424): pt_debug : pthread_create->start_routine=0x400806b1, tls=0x5399cf00, arg=0x4e4d7f88
D/libc    (  424): pt_debug : __thread_entry->func=0x400806b1
D/libc    (  424): , tls=0x5399cf00, arg=0x4e4d7f88
V/LightsService(  317): setLight #0: color=#ff8a8a8a
V/LightsService(  317): setLight #0: color=#ff898989
V/LightsService(  317): setLight #0: color=#ff888888
E/Trace   (  424): error opening trace file: No such file or directory (2)
V/LightsService(  317): setLight #0: color=#ff878787
V/LightsService(  317): setLight #0: color=#ff868686
V/LightsService(  317): setLight #0: color=#ff858585
V/LightsService(  317): setLight #0: color=#ff848484
V/LightsService(  317): setLight #0: color=#ff838383
V/LightsService(  317): setLight #0: color=#ff828282
V/NetworkStatsFactory(  317): readNetworkStatsDetail(-1) start
V/NetworkStatsFactory(  317): readNetworkStatsDetail(-1) line 0, tooks 2 ms
V/LightsService(  317): setLight #0: color=#ff818181
V/LightsService(  317): setLight #0: color=#ff808080
D/NetworkPolicy(  317): Network-before1
D/NetworkPolicy(  317): Network-after-ics1
D/NetworkPolicy(  317): Network-final1
V/LightsService(  317): setLight #0: color=#ff7f7f7f
D/HtcFooter(  317): force disable footerbar shrink
D/HtcFooter(  317): layerDrawableIndex = 0
V/LightsService(  317): setLight #0: color=#ff7e7e7e
V/LightsService(  317): setLight #0: color=#ff7d7d7d
V/LightsService(  317): setLight #0: color=#ff7c7c7c
V/LightsService(  317): setLight #0: color=#ff7b7b7b
D/HtcFooter(  317): force disable footerbar shrink
D/HtcFooter(  317): layerDrawableIndex = 0
V/LightsService(  317): setLight #0: color=#ff7a7a7a
V/LightsService(  317): setLight #0: color=#ff797979
D/UsbDeviceManager(  317): systemReady
D/UsbDeviceManager(  317): [USBNET] handleMessage: 3; mConnected=true, mConfiguration=true
D/UsbDeviceManager(  317): [USBNET] SYSTEM_READY and mConnected, isLocked= false
D/libc    (  317): pt_debug : pthread_create->start_routine=0x40863735, tls=0x57a32f00, arg=0x528e1f18
D/libc    (  317): pt_debug : __thread_entry->func=0x40863735
D/libc    (  317): , tls=0x57a32f00, arg=0x528e1f18
V/LightsService(  317): setLight #0: color=#ff787878
I/ActivityManager(  317): Config changed: {1.0 0mcc0mnc en_GB sw320dp w320dp h455dp nrml port finger -keyb/v/h -nav/h s.3 skin=default fontsize=3 hasNavBar=-1}
W/RecognitionManagerService(  317): no available voice recognition services found
D/libc    (  317): pt_debug : pthread_create->start_routine=0x40863735, tls=0x57a32f00, arg=0x507a05e0
D/libc    (  317): pt_debug : __thread_entry->func=0x40863735
D/libc    (  317): , tls=0x57a32f00, arg=0x507a05e0
V/LightsService(  317): setLight #0: color=#ff777777
V/LightsService(  317): setLight #0: color=#ff767676
V/LightsService(  317): setLight #0: color=#ff757575
V/LightsService(  317): setLight #0: color=#ff747474
D/HtcLockScreen(  317): UnlockScreen: setVisibility :4
D/LockPatternKeyguardView(  317): **** UPDATE SCREEN: mode=LockScreen last mode=LockScreen, force = false
V/LightsService(  317): setLight #0: color=#ff737373
W/asset   (  317): Copying FileAsset 0x52bfb910 (zip:/system/app/HtcMusicWidget.apk:/resources.arsc) to buffer size 14684 to make it aligned.
V/LightsService(  317): setLight #0: color=#ff727272
D/libc    (  317): pt_debug : pthread_create->start_routine=0x40863735, tls=0x57df1f00, arg=0x52abf1b0
D/libc    (  317): pt_debug : __thread_entry->func=0x40863735
D/libc    (  317): , tls=0x57df1f00, arg=0x52abf1b0
W/HtcLockScreen(  317): updateIdleViewMode~ not start
W/HtcLockScreen(  317): resumeIdleScreen~ not start
V/LightsService(  317): setLight #0: color=#ff717171
D/HtcLockScreen(  317): UnlockScreen: setVisibility :8
W/HtcLockScreen(  317): updateIdleViewMode~ not start
V/LightsService(  317): setLight #0: color=#ff707070
V/LightsService(  317): setLight #0: color=#ff6f6f6f
D/libc    (  108): pt_debug : pthread_create->start_routine=0x40863735, tls=0x4f8a7f00, arg=0x416183f0
D/libc    (  471): pt_debug : pthread_create->start_routine=0x40862ca5, tls=0x4f8a7f00, arg=0x40e13ce8
D/libc    (  108): pt_debug : __thread_entry->func=0x40863735
D/libc    (  108): , tls=0x4f8a7f00, arg=0x416183f0
D/libc    (  108): pt_debug : pthread_create->start_routine=0x40863735, tls=0x4f9a7f00, arg=0x52dde1e0
D/libc    (  108): pt_debug : __thread_entry->func=0x40863735
D/libc    (  108): , tls=0x4f9a7f00, arg=0x52dde1e0
D/libc    (  108): pt_debug : pthread_create->start_routine=0x40863735, tls=0x4faa7f00, arg=0x4ef0fb68
D/libc    (  108): pt_debug : __thread_entry->func=0x40863735
D/libc    (  108): , tls=0x4faa7f00, arg=0x4ef0fb68
V/LightsService(  317): setLight #0: color=#ff6e6e6e
V/KeyguardViewManager(  317): KGVM: Set visibility on com.android.internal.policy.impl.KeyguardViewManager$KeyguardViewHost@41be1a80 to 6291456
I/ActivityManager(  317): Start proc com.google.android.gsf.login for service com.google.android.gsf.login/com.google.android.gsf.loginservice.GoogleLoginService: pid=471 uid=10015 gids={3003, 1015, 1028, 1007, 3002, 3001, 1006, 2001, 3006}
D/libc    (  471): pt_debug : __thread_entry->func=0x40862ca5
D/libc    (  471): , tls=0x4f8a7f00, arg=0x40e13ce8
D/libc    (  471): pt_debug : pthread_create->start_routine=0x40862ca5, tls=0x4f9a7f00, arg=0x4fb873f0
D/libc    (  471): pt_debug : __thread_entry->func=0x40862ca5
D/libc    (  471): , tls=0x4f9a7f00, arg=0x4fb873f0
D/libc    (  471): pt_debug : pthread_create->start_routine=0x40862ca5, tls=0x4faa7f00, arg=0x507fc1f8
D/libc    (  471): pt_debug : __thread_entry->func=0x40862ca5
D/libc    (  471): , tls=0x4faa7f00, arg=0x507fc1f8
D/libc    (  471): pt_debug : pthread_create->start_routine=0x40862ca5, tls=0x5339ef00, arg=0x507370c8
V/LightsService(  317): setLight #0: color=#ff6d6d6d
D/libc    (  471): pt_debug : __thread_entry->func=0x40862ca5
D/libc    (  471): , tls=0x5339ef00, arg=0x507370c8
D/libc    (  471): pt_debug : pthread_create->start_routine=0x40863735, tls=0x5349ef00, arg=0x528c0008
D/libc    (  471): pt_debug : __thread_entry->func=0x40863735
D/libc    (  471): , tls=0x5349ef00, arg=0x528c0008
D/libc    (  108): pt_debug : pthread_create->start_routine=0x40863735, tls=0x4f8a7f00, arg=0x416183f0
D/libc    (  471): pt_debug : pthread_create->start_routine=0x40863735, tls=0x5359ef00, arg=0x52c82b38
D/libc    (  471): pt_debug : __thread_entry->func=0x40863735
D/libc    (  471): , tls=0x5359ef00, arg=0x52c82b38
D/libc    (  471): pt_debug : pthread_create->start_routine=0x40863735, tls=0x5369ef00, arg=0x528d9360
D/libc    (  479): pt_debug : pthread_create->start_routine=0x40862ca5, tls=0x4f8a7f00, arg=0x4fb873f0
D/libc    (  471): pt_debug : __thread_entry->func=0x40863735
D/libc    (  471): , tls=0x5369ef00, arg=0x528d9360
D/libc    (  108): pt_debug : __thread_entry->func=0x40863735
D/libc    (  108): , tls=0x4f8a7f00, arg=0x416183f0
D/libc    (  108): pt_debug : pthread_create->start_routine=0x40863735, tls=0x4f9a7f00, arg=0x531cd008
D/libc    (  108): pt_debug : __thread_entry->func=0x40863735
D/libc    (  108): , tls=0x4f9a7f00, arg=0x531cd008
D/libc    (  108): pt_debug : pthread_create->start_routine=0x40863735, tls=0x4faa7f00, arg=0x52dde1e0
D/libc    (  108): pt_debug : __thread_entry->func=0x40863735
D/libc    (  108): , tls=0x4faa7f00, arg=0x52dde1e0
I/ActivityManager(  317): Start proc com.htc.idlescreen.base for content provider com.htc.idlescreen.base/.setting.SettingProvider: pid=479 uid=10062 gids={1028}
D/PowerManager(  317): customizeScreenDelay(32550, false, 0x2, -1, -1, -1)
D/libc    (  479): pt_debug : __thread_entry->func=0x40862ca5
D/libc    (  479): , tls=0x4f8a7f00, arg=0x4fb873f0
D/libc    (  479): pt_debug : pthread_create->start_routine=0x40862ca5, tls=0x4f9a7f00, arg=0x507370c8
D/libc    (  479): pt_debug : __thread_entry->func=0x40862ca5
D/libc    (  479): , tls=0x4f9a7f00, arg=0x507370c8
D/PowerManagerService(  317): acquireWakeLock(41e61810): FULL_WAKE_LOCK ACQUIRE_CAUSES_WAKEUP , tag=keyguard, flags=0x1000001a, pid=317, uid=1000, mUserState=0x3
V/LightsService(  317): setLight #0: color=#ff6c6c6c
D/libc    (  479): pt_debug : pthread_create->start_routine=0x40862ca5, tls=0x4faa7f00, arg=0x4ee93528
D/libc    (  471): pt_debug : pthread_create->start_routine=0x400806b1, tls=0x5399cf00, arg=0x5017b508
D/libc    (  479): pt_debug : __thread_entry->func=0x40862ca5
D/libc    (  479): , tls=0x4faa7f00, arg=0x4ee93528
D/libc    (  471): pt_debug : __thread_entry->func=0x400806b1
D/libc    (  471): , tls=0x5399cf00, arg=0x5017b508
D/libc    (  479): pt_debug : pthread_create->start_routine=0x40862ca5, tls=0x5339ef00, arg=0x52f518e8
D/libc    (  479): pt_debug : __thread_entry->func=0x40862ca5
D/libc    (  479): , tls=0x5339ef00, arg=0x52f518e8
D/libc    (  479): pt_debug : pthread_create->start_routine=0x40863735, tls=0x5349ef00, arg=0x528c0008
D/libc    (  479): pt_debug : __thread_entry->func=0x40863735
D/libc    (  479): , tls=0x5349ef00, arg=0x528c0008
D/libc    (  479): pt_debug : pthread_create->start_routine=0x40863735, tls=0x5359ef00, arg=0x52c82b38
D/libc    (  471): pt_debug : pthread_create->start_routine=0x400806b1, tls=0x53a9cf00, arg=0x52eba058
D/StatusBarManager(  317): disable:16777216 pkgName=android threadName=WindowManagerPolicy token=android.os.Binder@41fc96f8
V/LightsService(  317): setLight #0: color=#ff6b6b6b
I/Choreographer(  317): Skipped 84 frames!  The application may be doing too much work on its main thread.
D/PowerManagerService(  317): releaseWakeLock(4215c7f0): PARTIAL_WAKE_LOCK , tag=show keyguard, flags=0x1
D/libc    (  479): pt_debug : __thread_entry->func=0x40863735
D/libc    (  479): , tls=0x5359ef00, arg=0x52c82b38
D/libc    (  471): pt_debug : __thread_entry->func=0x400806b1
D/libc    (  471): , tls=0x53a9cf00, arg=0x52eba058
D/libc    (  479): pt_debug : pthread_create->start_routine=0x40863735, tls=0x5369ef00, arg=0x528d9360
D/libc    (  479): pt_debug : __thread_entry->func=0x40863735
D/libc    (  479): , tls=0x5369ef00, arg=0x528d9360
V/LightsService(  317): setLight #0: color=#ff6a6a6a
D/libc    (  479): pt_debug : pthread_create->start_routine=0x400806b1, tls=0x5399cf00, arg=0x4ee93548
D/libc    (  479): pt_debug : __thread_entry->func=0x400806b1
D/libc    (  479): , tls=0x5399cf00, arg=0x4ee93548
D/libc    (  479): pt_debug : pthread_create->start_routine=0x400806b1, tls=0x53a9cf00, arg=0x5017ffd0
D/libc    (  479): pt_debug : __thread_entry->func=0x400806b1
D/libc    (  479): , tls=0x53a9cf00, arg=0x5017ffd0
V/LightsService(  317): setLight #0: color=#ff696969
V/LightsService(  317): setLight #0: color=#ff686868
E/Trace   (  471): error opening trace file: No such file or directory (2)
D/libc    (  317): pt_debug : pthread_create->start_routine=0x400806b1, tls=0x584d9f00, arg=0x52d5e6d0
V/LightsService(  317): setLight #0: color=#ff676767
D/SystemUIService(  424): loading: class com.android.systemui.statusbar.phone.PhoneStatusBar
D/libc    (  317): pt_debug : __thread_entry->func=0x400806b1
D/libc    (  317): , tls=0x584d9f00, arg=0x52d5e6d0
E/Trace   (  479): error opening trace file: No such file or directory (2)
V/LightsService(  317): setLight #0: color=#ff666666
D/PowerManagerService(  317): releaseWakeLock(42042798): PARTIAL_WAKE_LOCK , tag=AudioOut_4, flags=0x1
D/HtcFooter(  317): force disable footerbar shrink
D/HtcFooter(  317): layerDrawableIndex = 0
V/LightsService(  317): setLight #0: color=#ff656565
V/LightsService(  317): setLight #0: color=#ff646464
W/HtcLockScreen(  317): updateIdleViewMode~ not start
V/LightsService(  317): setLight #0: color=#ff636363
V/LightsService(  317): setLight #0: color=#ff626262
D/memalloc(  105): ion: Allocated buffer base:0x41f9d000 size:614400 fd:50
D/memalloc(  105): ion: Allocated buffer base:0x40fc9000 size:4096 fd:53
D/memalloc(  317): ion: Mapped buffer base:0x530e1000 size:614400 offset:0 fd:259
D/memalloc(  317): ion: Mapped buffer base:0x52db3000 size:4096 offset:0 fd:261
D/libc    (  105): pt_debug : pthread_create->start_routine=0x4010f6b1, tls=0x42793f00, arg=0x41766e28
W/HtcLockScreen(  317): updateIdleViewMode~ not start
D/libc    (  105): pt_debug : __thread_entry->func=0x4010f6b1
D/libc    (  105): , tls=0x42793f00, arg=0x41766e28
W/UsbDeviceManager(  317): Error FileReader reader
W/UsbDeviceManager(  317): java.io.FileNotFoundException: /sys/devices/platform/android_usb/usb_denied: open failed: ENOENT (No such file or directory)
W/UsbDeviceManager(  317): 	at libcore.io.IoBridge.open(IoBridge.java)
W/UsbDeviceManager(  317): 	at java.io.FileInputStream.<init>(FileInputStream.java)
W/UsbDeviceManager(  317): 	at java.io.FileInputStream.<init>(FileInputStream.java)
W/UsbDeviceManager(  317): 	at java.io.FileReader.<init>(FileReader.java)
W/UsbDeviceManager(  317): 	at com.android.server.usb.UsbDeviceManager$UsbHandler.isHtcMode(UsbDeviceManager.java)
W/UsbDeviceManager(  317): 	at com.android.server.usb.UsbDeviceManager$UsbHandler.handleMessage(UsbDeviceManager.java)
W/UsbDeviceManager(  317): 	at android.os.Handler.dispatchMessage(Handler.java)
W/UsbDeviceManager(  317): 	at android.os.Looper.loop(Looper.java)
W/UsbDeviceManager(  317): 	at android.os.HandlerThread.run(HandlerThread.java)
W/UsbDeviceManager(  317): Caused by: libcore.io.ErrnoException: open failed: ENOENT (No such file or directory)
W/UsbDeviceManager(  317): 	at libcore.io.Posix.open(Native Method)
W/UsbDeviceManager(  317): 	at libcore.io.BlockGuardOs.open(BlockGuardOs.java)
W/UsbDeviceManager(  317): 	... 9 more
V/LightsService(  317): setLight #0: color=#ff616161
V/LightsService(  317): setLight #0: color=#ff606060
D/UsbDeviceManager(  317): sendStickyBroadcast: SetCurrentFunctions= mass_storage,adb
I/ActivityThread(  479): Pub com.htc.idlescreen.base.help.remoteprovider: com.htc.idlescreen.base.setting.RemoteHelper
I/ActivityThread(  479): Pub com.htc.idlescreen.setting.provider: com.htc.idlescreen.base.setting.SettingProvider
V/LightsService(  317): setLight #0: color=#ff5f5f5f
V/LightsService(  317): setLight #0: color=#ff5e5e5e
D/SystemUIService(  424): running: com.android.systemui.statusbar.phone.PhoneStatusBar@41bb21d8
D/libc    (  317): pt_debug : pthread_create->start_routine=0x400806b1, tls=0x5984ff00, arg=0x52d60970
D/libc    (  317): pt_debug : __thread_entry->func=0x400806b1
D/libc    (  317): , tls=0x5984ff00, arg=0x52d60970
D/libc    (  317): pt_debug : pthread_create->start_routine=0x400806b1, tls=0x5994ff00, arg=0x52d611e8
D/libc    (  317): pt_debug : __thread_entry->func=0x400806b1
D/libc    (  317): , tls=0x5994ff00, arg=0x52d611e8
V/LightsService(  317): setLight #0: color=#ff5d5d5d
V/LightsService(  317): setLight #0: color=#ff5c5c5c
D/libc    (  479): pt_debug : pthread_create->start_routine=0x40863735, tls=0x53b9cf00, arg=0x4fab8170
D/libc    (  108): pt_debug : pthread_create->start_routine=0x40863735, tls=0x4f8a7f00, arg=0x416183f0
V/LightsService(  317): setLight #0: color=#ff5b5b5b
D/libc    (  108): pt_debug : __thread_entry->func=0x40863735
D/libc    (  108): , tls=0x4f8a7f00, arg=0x416183f0
D/libc    (  108): pt_debug : pthread_create->start_routine=0x40863735, tls=0x4f9a7f00, arg=0x4ef0fb68
D/libc    (  108): pt_debug : __thread_entry->func=0x40863735
D/libc    (  108): , tls=0x4f9a7f00, arg=0x4ef0fb68
D/libc    (  108): pt_debug : pthread_create->start_routine=0x40863735, tls=0x4faa7f00, arg=0x531cd008
D/libc    (  108): pt_debug : __thread_entry->func=0x40863735
D/libc    (  108): , tls=0x4faa7f00, arg=0x531cd008
I/ActivityManager(  317): Start proc android.process.media for broadcast com.android.providers.media/.UsbReceiver: pid=501 uid=10020 gids={1015, 1023, 1024, 5001, 1028, 2001, 3003, 3007, 5002}
V/LightsService(  317): setLight #0: color=#ff5a5a5a
I/StatusBarManagerService(  317): registerStatusBar bar=com.android.internal.statusbar.IStatusBar$Stub$Proxy@41dddee0
D/libc    (  501): pt_debug : pthread_create->start_routine=0x40862ca5, tls=0x4f8a7f00, arg=0x507fc1f8
D/libc    (  479): pt_debug : __thread_entry->func=0x40863735
D/libc    (  479): , tls=0x53b9cf00, arg=0x4fab8170
D/libc    (  501): pt_debug : __thread_entry->func=0x40862ca5
D/libc    (  501): , tls=0x4f8a7f00, arg=0x507fc1f8
D/libc    (  479): pt_debug : pthread_create->start_routine=0x400806b1, tls=0x53c9cf00, arg=0x52f05b48
V/LightsService(  317): setLight #0: color=#ff595959
D/libc    (  501): pt_debug : pthread_create->start_routine=0x40862ca5, tls=0x4f9a7f00, arg=0x4ee93528
D/libc    (  479): pt_debug : __thread_entry->func=0x400806b1
D/libc    (  479): , tls=0x53c9cf00, arg=0x52f05b48
D/libc    (  501): pt_debug : __thread_entry->func=0x40862ca5
D/libc    (  501): , tls=0x4f9a7f00, arg=0x4ee93528
D/libc    (  501): pt_debug : pthread_create->start_routine=0x40862ca5, tls=0x4faa7f00, arg=0x4fb85830
D/libc    (  501): pt_debug : __thread_entry->func=0x40862ca5
D/libc    (  501): , tls=0x4faa7f00, arg=0x4fb85830
D/libc    (  501): pt_debug : pthread_create->start_routine=0x40862ca5, tls=0x5339ef00, arg=0x52ff40b8
D/libc    (  501): pt_debug : __thread_entry->func=0x40862ca5
D/libc    (  501): , tls=0x5339ef00, arg=0x52ff40b8
D/libc    (  501): pt_debug : pthread_create->start_routine=0x40863735, tls=0x5349ef00, arg=0x528c0008
V/LightsService(  317): setLight #0: color=#ff585858
