I/SocialFeedProvider(  583): -onHostCommand
I/FeedProviderManager(  583): >>sync:false
D/libc    (  583): pt_debug : pthread_create->start_routine=0x40863735, tls=0x54a9cf00, arg=0x52ac1008
D/libc    (  583): pt_debug : __thread_entry->func=0x40863735
D/libc    (  583): , tls=0x54a9cf00, arg=0x52ac1008
D/libc    (  583): pt_debug : pthread_create->start_routine=0x40863735, tls=0x5499cf00, arg=0x52a5a008
D/libc    (  583): pt_debug : __thread_entry->func=0x40863735
D/libc    (  583): , tls=0x5499cf00, arg=0x52a5a008
D/libc    (  583): pt_debug : pthread_create->start_routine=0x40863735, tls=0x54b9cf00, arg=0x52ac16e8
D/libc    (  558): pt_debug : pthread_create->start_routine=0x40863735, tls=0x55032f00, arg=0x528be008
D/PowerManagerService(  317): acquireWakeLock(4201fef8): PARTIAL_WAKE_LOCK , tag=RILJ, flags=0x1, pid=558, uid=1001, mUserState=0x3
D/libc    (  583): pt_debug : __thread_entry->func=0x40863735
D/libc    (  583): , tls=0x54b9cf00, arg=0x52ac16e8
D/libc    (  583): pt_debug : pthread_create->start_routine=0x40863735, tls=0x54c9cf00, arg=0x52ac20d0
E/ActivityThread(  583): Failed to find provider info for com.android.calendar
D/PowerManagerService(  317): releaseWakeLock(4201fef8): PARTIAL_WAKE_LOCK , tag=RILJ, flags=0x1
I/FeedProviderManager(  583): onSyncCompleted: com.htc.feed.local.calendar.CalendarFeedProvider@41dd4070
D/libc    (  558): pt_debug : __thread_entry->func=0x40863735
D/libc    (  558): , tls=0x55032f00, arg=0x528be008
D/Socket_Alarm(  619): registerHTCSocketMonitorCallBack
I/SocialFeedProvider(  583): +sync, bSyncToLatest=false
D/libc    (  583): pt_debug : __thread_entry->func=0x40863735
D/libc    (  583): , tls=0x54c9cf00, arg=0x52ac20d0
I/SocialFeedProvider(  583): +connect socialManager
D/libc    (  108): pt_debug : pthread_create->start_routine=0x40863735, tls=0x4f8a7f00, arg=0x416183f0
D/libc    (  724): pt_debug : pthread_create->start_routine=0x40862ca5, tls=0x4f8a7f00, arg=0x4daad0d0
D/libc    (  108): pt_debug : __thread_entry->func=0x40863735
D/libc    (  108): , tls=0x4f8a7f00, arg=0x416183f0
D/libc    (  108): pt_debug : pthread_create->start_routine=0x40863735, tls=0x4f9a7f00, arg=0x4ef0fb68
D/libc    (  108): pt_debug : __thread_entry->func=0x40863735
D/libc    (  108): , tls=0x4f9a7f00, arg=0x4ef0fb68
D/libc    (  724): pt_debug : __thread_entry->func=0x40862ca5
D/libc    (  724): , tls=0x4f8a7f00, arg=0x4daad0d0
D/libc    (  108): pt_debug : pthread_create->start_routine=0x40863735, tls=0x4faa7f00, arg=0x531cd008
D/libc    (  724): pt_debug : pthread_create->start_routine=0x40862ca5, tls=0x4f9a7f00, arg=0x4daaca00
D/libc    (  724): pt_debug : __thread_entry->func=0x40862ca5
D/libc    (  724): , tls=0x4f9a7f00, arg=0x4daaca00
D/libc    (  108): pt_debug : __thread_entry->func=0x40863735
D/libc    (  108): , tls=0x4faa7f00, arg=0x531cd008
I/ActivityManager(  317): Start proc com.htc.opensense.social for service com.htc.opensense.social/.SocialManagerService: pid=724 uid=10017 gids={3003, 1015, 1028, 5001, 5011, 2001}
D/libc    (  724): pt_debug : pthread_create->start_routine=0x40862ca5, tls=0x4faa7f00, arg=0x52e66400
D/libc    (  724): pt_debug : __thread_entry->func=0x40862ca5
D/libc    (  724): , tls=0x4faa7f00, arg=0x52e66400
D/libc    (  724): pt_debug : pthread_create->start_routine=0x40862ca5, tls=0x5339ef00, arg=0x507370c8
I/Adreno200-EGL(  518): <qeglDrvAPI_eglInitialize:299>: EGL 1.4 QUALCOMM build: AU_LINUX_ANDROID_JB_REL_2.0.3_MR2.04.02.02.75.000_msm8625_JB_REL_2.0.3_CL3357771_release_AU (CL3357771)
I/Adreno200-EGL(  518): Build Date: 06/25/13 Tue
I/Adreno200-EGL(  518): Local Branch: 
I/Adreno200-EGL(  518): Remote Branch: m/jb_rel_2.0.3
I/Adreno200-EGL(  518): Local Patches: NONE
I/Adreno200-EGL(  518): Reconstruct Branch: AU_LINUX_ANDROID_JB_REL_2.0.3_MR2.04.02.02.75.000 +  NOTHING
D/libc    (  724): pt_debug : __thread_entry->func=0x40862ca5
D/libc    (  724): , tls=0x5339ef00, arg=0x507370c8
D/libc    (  724): pt_debug : pthread_create->start_routine=0x40863735, tls=0x5349ef00, arg=0x528c0008
D/libc    (  108): pt_debug : pthread_create->start_routine=0x40863735, tls=0x4f8a7f00, arg=0x416183f0
D/libc    (  108): pt_debug : __thread_entry->func=0x40863735
D/libc    (  108): , tls=0x4f8a7f00, arg=0x416183f0
D/libc    (  108): pt_debug : pthread_create->start_routine=0x40863735, tls=0x4f9a7f00, arg=0x52dde1e0
D/libc    (  108): pt_debug : __thread_entry->func=0x40863735
D/libc    (  108): , tls=0x4f9a7f00, arg=0x52dde1e0
D/libc    (  108): pt_debug : pthread_create->start_routine=0x40863735, tls=0x4faa7f00, arg=0x4ef0fb68
D/libc    (  724): pt_debug : __thread_entry->func=0x40863735
D/libc    (  724): , tls=0x5349ef00, arg=0x528c0008
D/libc    (  724): pt_debug : pthread_create->start_routine=0x40863735, tls=0x5359ef00, arg=0x52c82b38
D/libc    (  108): pt_debug : __thread_entry->func=0x40863735
D/libc    (  108): , tls=0x4faa7f00, arg=0x4ef0fb68
D/libc    (  733): pt_debug : pthread_create->start_routine=0x40862ca5, tls=0x4f8a7f00, arg=0x40e13ce8
I/ActivityManager(  317): Start proc com.htc.MediaCacheService for content provider com.htc.MediaCacheService/.main.MediaCacheProvider: pid=733 uid=10045 gids={1015, 1028}
D/libc    (  724): pt_debug : __thread_entry->func=0x40863735
D/libc    (  724): , tls=0x5359ef00, arg=0x52c82b38
D/libc    (  724): pt_debug : pthread_create->start_routine=0x40863735, tls=0x5369ef00, arg=0x528d9360
D/libc    (  733): pt_debug : __thread_entry->func=0x40862ca5
D/libc    (  733): , tls=0x4f8a7f00, arg=0x40e13ce8
D/libc    (  724): pt_debug : __thread_entry->func=0x40863735
D/libc    (  724): , tls=0x5369ef00, arg=0x528d9360
D/libc    (  733): pt_debug : pthread_create->start_routine=0x40862ca5, tls=0x4f9a7f00, arg=0x4daaca20
W/ActivityManager(  317): Activity idle timeout for ActivityRecord{41ffd268 com.htc.launcher/.Launcher}
D/libc    (  733): pt_debug : __thread_entry->func=0x40862ca5
D/libc    (  733): , tls=0x4f9a7f00, arg=0x4daaca20
D/libc    (  733): pt_debug : pthread_create->start_routine=0x40862ca5, tls=0x4faa7f00, arg=0x4fb873f0
I/ActivityManager(  317): Boot completed, send intent: android.intent.action.BOOT_COMPLETED
D/libc    (  733): pt_debug : __thread_entry->func=0x40862ca5
D/libc    (  733): , tls=0x4faa7f00, arg=0x4fb873f0
D/libc    (  733): pt_debug : pthread_create->start_routine=0x40862ca5, tls=0x5339ef00, arg=0x507fc1f8
D/Tethering(  317): onReceive Intent.ACTION_BOOT_COMPLETE
D/libc    (  733): pt_debug : __thread_entry->func=0x40862ca5
D/libc    (  733): , tls=0x5339ef00, arg=0x507fc1f8
D/libc    (  733): pt_debug : pthread_create->start_routine=0x40863735, tls=0x5349ef00, arg=0x528c0008
D/libc    (  733): pt_debug : __thread_entry->func=0x40863735
D/libc    (  733): , tls=0x5349ef00, arg=0x528c0008
D/libc    (  317): pt_debug : pthread_create->start_routine=0x40863735, tls=0x57332f00, arg=0x52ac4ab8
D/PowerManagerService(  317): bootCompleted
D/HtcPowerSaver(  317): Checking...
D/libc    (  733): pt_debug : pthread_create->start_routine=0x40863735, tls=0x5359ef00, arg=0x52c82b38
D/libc    (  724): pt_debug : pthread_create->start_routine=0x400806b1, tls=0x5399cf00, arg=0x507fc1f8
D/SIM_ICON(  424): updateSimState: state=NOT_READY
D/StatusBar.NetworkController(  424): dumpIconState[dataVisible=false dataIconId=(null) signalIconId=stat_sys_5signal_null lastIconLevel=0 wifiVisible=false wifiIconId=(null) simCardVisible=false simCardIconId=null airplaneMode=false]
D/CarrierLabel(  424): CarrierLabel mIntentReceiver : android.intent.action.SIM_STATE_CHANGED
W/CarrierLabel(  424): updateNetworkNameExt: mSimState = UNKNOWN
I/HtcPowerSaver(  317): >> updateStatus
D/libc    (  733): pt_debug : __thread_entry->func=0x40863735
D/libc    (  733): , tls=0x5359ef00, arg=0x52c82b38
D/libc    (  733): pt_debug : pthread_create->start_routine=0x40863735, tls=0x5369ef00, arg=0x528d9360
D/libc    (  317): pt_debug : __thread_entry->func=0x40863735
D/libc    (  317): , tls=0x57332f00, arg=0x52ac4ab8
D/libc    (  733): pt_debug : __thread_entry->func=0x40863735
D/libc    (  733): , tls=0x5369ef00, arg=0x528d9360
D/PowerManagerService(  317): acquireWakeLock(41fb11f8): PARTIAL_WAKE_LOCK , tag=RILJ, flags=0x1, pid=558, uid=1001, mUserState=0x3
D/libc    (  724): pt_debug : __thread_entry->func=0x400806b1
D/libc    (  724): , tls=0x5399cf00, arg=0x507fc1f8
D/libc    (  724): pt_debug : pthread_create->start_routine=0x400806b1, tls=0x53a9cf00, arg=0x4e4d7f98
D/libc    (  733): pt_debug : pthread_create->start_routine=0x400806b1, tls=0x5399cf00, arg=0x4ef98928
D/libc    (  724): pt_debug : __thread_entry->func=0x400806b1
D/libc    (  724): , tls=0x53a9cf00, arg=0x4e4d7f98
D/libc    (  733): pt_debug : __thread_entry->func=0x400806b1
D/libc    (  733): , tls=0x5399cf00, arg=0x4ef98928
D/libc    (  733): pt_debug : pthread_create->start_routine=0x400806b1, tls=0x53a9cf00, arg=0x529e4c58
D/libc    (  733): pt_debug : __thread_entry->func=0x400806b1
D/libc    (  733): , tls=0x53a9cf00, arg=0x529e4c58
D/Socket_Alarm(  619): set mSocketMonitor
D/libc    (  518): pt_debug : pthread_create->start_routine=0x529671cd, tls=0x54a2af00, arg=0x5297edd0
D/Socket_Alarm(  619): HTCSocketMonitorImpl::HTCSocketMonitorImpl
D/libc    (  518): pt_debug : __thread_entry->func=0x529671cd
D/libc    (  518): , tls=0x54a2af00, arg=0x5297edd0
D/memalloc(  105): ion: Allocated buffer base:0x422b6000 size:614400 fd:83
D/memalloc(  105): ion: Allocated buffer base:0x41733000 size:4096 fd:84
D/memalloc(  518): ion: Mapped buffer base:0x530e1000 size:614400 offset:0 fd:79
D/memalloc(  518): ion: Mapped buffer base:0x529b9000 size:4096 offset:0 fd:81
I/Prism.ProxyView(  583): onSizeChanged() w: 71, h: 100
I/Prism.ProxyView(  583): onSizeChanged() w: 71, h: 100
I/Prism.ProxyView(  583): onSizeChanged() w: 71, h: 100
I/Prism.ProxyView(  583): onSizeChanged() w: 71, h: 100
I/Prism.ProxyView(  583): onSizeChanged() w: 71, h: 100
D/PhoneApp(  558): EVENT_QUERY_MO_PACKAGES
D/libc    (  542): pt_debug : pthread_create->start_routine=0x40863735, tls=0x554e9f00, arg=0x52ed89d8
D/libc    (  542): pt_debug : __thread_entry->func=0x40863735
D/libc    (  542): , tls=0x554e9f00, arg=0x52ed89d8
D/libc    (  317): pt_debug : pthread_create->start_routine=0x40863735, tls=0x57ef1f00, arg=0x529d35a0
D/HtcPowerSaver(  317): broadcastIntent: intentString=com.android.server.htcpowersaver.action.OFF, nowStatus=8000
I/HtcPowerSaver(  317): PowerSaver (auto): plugged=true, enabled=true
I/HtcPowerSaver(  317): currentStatus=8000, currentLevel=100, enableLevel=-1, enable=false, mAutoModeOn=false, popDialog=false, statusChangeTo=8000
I/HtcPowerSaver(  317): << updateStatus
D/HtcDeviceInfoManager(  317): DevicePhoneStateListener.onCallStateChanged
D/libc    (  317): pt_debug : __thread_entry->func=0x40863735
D/libc    (  317): , tls=0x57ef1f00, arg=0x529d35a0
D/HtcDeviceInfoManager(  317): DevicePhoneStateListener.onCallStateChanged, phone disconnected
D/UPolicy (  317): [checkLatestPolicy] policy changed
D/ContactsEventQueueProcessor(  649): ContactsEventQueueProcessor.sleepThread() - mWakeUpLock.wait()
I/Choreographer(  583): Skipped 196 frames!  The application may be doing too much work on its main thread.
I/HTCIMMView(  542): [FixedWCL] adjustWCLHeight height:40
D/BluetoothService(  317): Received BOOT_COMPLETED or ACTION_QUICKBOOT_POWERON message
D/GestureService(  317): handleGestureEnabledSettingChangedLocked: mIsGestureEnabled=true
D/StatusBar.NetworkController(  424): updateNetworkName showSpn=false spn=null showPlmn=false plmn=null
D/StatusBar.NetworkController(  424): dumpIconState[dataVisible=false dataIconId=(null) signalIconId=stat_sys_5signal_null lastIconLevel=0 wifiVisible=false wifiIconId=(null) simCardVisible=false simCardIconId=null airplaneMode=false]
D/CarrierLabel(  424): CarrierLabel mIntentReceiver : android.provider.Telephony.SPN_STRINGS_UPDATED
D/CarrierLabel(  424): mServiceStatus : 3
W/CarrierLabel(  424): updateNetworkNameExt: mSimState = UNKNOWN
D/libc    (  317): pt_debug : pthread_create->start_routine=0x40863735, tls=0x57ef1f00, arg=0x52a23c58
E/Trace   (  733): error opening trace file: No such file or directory (2)
E/Trace   (  724): error opening trace file: No such file or directory (2)
D/MobileDataStateTracker(  317): default: Broadcast received: ignore android.intent.action.SERVICE_STATE
D/MobileDataStateTracker(  317): mms: Broadcast received: ignore android.intent.action.SERVICE_STATE
D/MobileDataStateTracker(  317): supl: Broadcast received: ignore android.intent.action.SERVICE_STATE
D/MobileDataStateTracker(  317): dun: Broadcast received: ignore android.intent.action.SERVICE_STATE
D/MobileDataStateTracker(  317): hipri: Broadcast received: ignore android.intent.action.SERVICE_STATE
D/MobileDataStateTracker(  317): fota: Broadcast received: ignore android.intent.action.SERVICE_STATE
D/MobileDataStateTracker(  317): ims: Broadcast received: ignore android.intent.action.SERVICE_STATE
D/MobileDataStateTracker(  317): null: Broadcast received: ignore android.intent.action.SERVICE_STATE
D/MobileDataStateTracker(  317): httpproxy: Broadcast received: ignore android.intent.action.SERVICE_STATE
D/MobileDataStateTracker(  317): admin: Broadcast received: ignore android.intent.action.SERVICE_STATE
D/MobileDataStateTracker(  317): internet: Broadcast received: ignore android.intent.action.SERVICE_STATE
D/MobileDataStateTracker(  317): null: Broadcast received: ignore android.intent.action.SERVICE_STATE
D/MobileDataStateTracker(  317): cmmail: Broadcast received: ignore android.intent.action.SERVICE_STATE
D/MobileDataStateTracker(  317): null: Broadcast received: ignore android.intent.action.SERVICE_STATE
D/MobileDataStateTracker(  317): cmail: Broadcast received: ignore android.intent.action.SERVICE_STATE
D/MobileDataStateTracker(  317): entitle: Broadcast received: ignore android.intent.action.SERVICE_STATE
D/MobileDataStateTracker(  317): null: Broadcast received: ignore android.intent.action.SERVICE_STATE
D/MobileDataStateTracker(  317): bip: Broadcast received: ignore android.intent.action.SERVICE_STATE
D/TELEPHONY_CALLBACK(  424): @onServiceStateChanged: 3 home null null null  Unknown CSS not supported -1 -1 RoamInd=-1 DefRoamInd=-1EriInd= -1EriMode= -1RadioPowerSv: false EmergOnly=false PhoneType: 1
D/libc    (  317): pt_debug : __thread_entry->func=0x40863735
D/libc    (  317): , tls=0x57ef1f00, arg=0x52a23c58
V/DevicePolicyManagerService(  317): Sending password expiration notifications for action android.intent.action.BOOT_COMPLETED
D/StateMachine(  317): handleMessage: E msg.what=131073
D/StateMachine(  317): processMsg: DriverLoadedState
D/WifiStateMachine(  317): DriverLoadedState{ what=131073 when=-2ms target=Handler (com.android.internal.util.StateMachine$SmHandler) {42258238} arg1=2 }
D/StateMachine(  317): processMsg: SoftApStartedState
D/WifiStateMachine(  317): SoftApStartedState{ what=131073 when=-2ms target=Handler (com.android.internal.util.StateMachine$SmHandler) {42258238} arg1=2 }
D/StateMachine(  317): processMsg: DefaultState
D/WifiStateMachine(  317): DefaultState{ what=131073 when=-3ms target=Handler (com.android.internal.util.StateMachine$SmHandler) {42258238} arg1=2 }
D/StateMachine(  317): handleMessage: X
D/StateMachine(  317): handleMessage: E msg.what=131083
D/StateMachine(  317): processMsg: DriverLoadedState
D/WifiStateMachine(  317): DriverLoadedState{ what=131083 when=-1ms target=Handler (com.android.internal.util.StateMachine$SmHandler) {42258238} }
D/libc    (  317): pt_debug : pthread_create->start_routine=0x40863735, tls=0x57ff1f00, arg=0x52a66888
D/WifiService(  317): updateDevicePolicy Exchange policy allowStatus = 1
D/WifiService(  317): updateWifiState(): wifiApEnabled: false, wifiApAirplaneMode: falsegetWifiEnabledState(): 2, getWifiApEnabledState: 11
D/WifiService(  317): updateWifiState(): mAirplaneModeOn.get(): false, mPersistWifiState.get(): 1
D/WifiService(  317): updateWifiState(): mEmergencyCallbackMode: false, mDeviceIdle: false, lockHeld: false, mStopWifiRequested:false
I/WifiService(  317): isSprintWifiRestricted(): false
I/WifiService(  317): isMdmWifiRestricted(): false
D/WifiService(  317): updateWifiState(): enable and start wifi
E/WifiHW  (  106): Failed to open wlan fw path param (No such file or directory)
E/SoftapController(  106): Softap fwReload - failed: -1
E/WifiStateMachine(  317): Failed to reload STA firmware java.lang.IllegalStateException: command '9 softap fwreload wlan0 STA' failed with '400 9 Softap operation failed (No such file or directory)'
D/PhoneInterfaceManager(  558): SinglePhone = true, 1, 40000000
D/libc    (  317): pt_debug : __thread_entry->func=0x40863735
D/libc    (  317): , tls=0x57ff1f00, arg=0x52a66888
D/libc    (  317): pt_debug : pthread_create->start_routine=0x40863735, tls=0x580f1f00, arg=0x52e9f338
E/DisplayListener(  317): Cabl Fail
I/MountService(  317): Do not inital ISO while usb connected
I/MountService(  317): Mounting 1th volume /storage/usb while boot up
I/MountService(  317): Mounting 2th volume /storage/emmc while boot up
D/libc    (  317): pt_debug : __thread_entry->func=0x40863735
D/libc    (  317): , tls=0x580f1f00, arg=0x52e9f338
D/libc    (  317): pt_debug : pthread_create->start_routine=0x400806b1, tls=0x581f1f00, arg=0x52e269d8
D/libc    (  317): pt_debug : pthread_create->start_routine=0x400806b1, tls=0x582f1f00, arg=0x52e2b930
D/libc    (  317): pt_debug : pthread_create->start_routine=0x40863735, tls=0x58c09f00, arg=0x52c6a560
I/MountService(  317): Mounting 3th volume /storage/sdcard0 while boot up
W/MountService(  317): Retry mount 0 time
E/DisplayListener(  317): Could not open listner socket
I/SearchManagerService(  317): Building list of searchable activities
D/libc    (  317): pt_debug : __thread_entry->func=0x400806b1
D/libc    (  317): , tls=0x581f1f00, arg=0x52e269d8
D/libc    (  317): pt_debug : __thread_entry->func=0x400806b1
D/libc    (  317): , tls=0x582f1f00, arg=0x52e2b930
D/libc    (  317): pt_debug : __thread_entry->func=0x40863735
D/libc    (  317): , tls=0x58c09f00, arg=0x52c6a560
V/DATA    (  558): [DPN] state=DISCONNECTED possible=false reason=radioTurnedOff apn=null type=httpproxy lp=<<null>> tech=0 roaming=false errorCause=0 carrier=null
D/DisplayListener(  317): Failed to connect to hdmi daemon
D/DisplayListener(  317): java.lang.IllegalStateException
D/DisplayListener(  317): 	at com.android.server.DisplayListener.listenToSocket(DisplayListener.java)
D/DisplayListener(  317): 	at com.android.server.DisplayListener.run(DisplayListener.java)
D/DisplayListener(  317): 	at java.lang.Thread.run(Thread.java)
D/DATA    (  558): [PhoneNotifier] update DcParam of httpproxy(14)
W/CommandListener(  106): Failed to retrieve HW addr for wlan0 (No such device)
E/WifiStateMachine(  317): Unable to change interface settings: java.lang.IllegalStateException: command '11 interface setcfg wlan0 0.0.0.0 0 down' failed with '400 11 Failed to set address (No such device)'
D/WifiStateMachine(  317): Supplicant start successful
D/libc    (  317): pt_debug : pthread_create->start_routine=0x40863735, tls=0x57ff1f00, arg=0x52a66888
D/libc    (  317): pt_debug : __thread_entry->func=0x40863735
D/libc    (  317): , tls=0x57ff1f00, arg=0x52a66888
D/StateMachine(  317): transitionTo: destState=SupplicantStartingState
D/StateMachine(  317): handleMessage: new destination call exit
D/StateMachine(  317): setupTempStateStackWithStatesToEnter: X mTempStateStackCount=1,curStateInfo: state=SoftApStartedState,active=true,parent=DefaultState
D/StateMachine(  317): invokeExitMethods: DriverLoadedState
D/StateMachine(  317): moveTempStackToStateStack: i=0,j=2
D/StateMachine(  317): moveTempStackToStateStack: X mStateStackTop=2,startingIndex=2,Top=SupplicantStartingState
D/StateMachine(  317): invokeEnterMethods: SupplicantStartingState
D/WifiStateMachine(  317): SupplicantStartingState
D/StateMachine(  317): handleMessage: X
D/StateMachine(  317): handleMessage: E msg.what=131144
D/StateMachine(  317): processMsg: SupplicantStartingState
D/WifiStateMachine(  317): SupplicantStartingState{ what=131144 when=-94ms target=Handler (com.android.internal.util.StateMachine$SmHandler) {42258238} arg1=1 }
D/StateMachine(  317): deferMessage: msg=131144
D/StateMachine(  317): handleMessage: X
D/StateMachine(  317): handleMessage: E msg.what=131085
D/StateMachine(  317): processMsg: SupplicantStartingState
D/WifiStateMachine(  317): SupplicantStartingState{ what=131085 when=-97ms target=Handler (com.android.internal.util.StateMachine$SmHandler) {42258238} }
D/StateMachine(  317): deferMessage: msg=131085
D/StateMachine(  317): handleMessage: X
D/StateMachine(  317): handleMessage: E msg.what=131149
D/StateMachine(  317): processMsg: SupplicantStartingState
D/WifiStateMachine(  317): SupplicantStartingState{ what=131149 when=-103ms target=Handler (com.android.internal.util.StateMachine$SmHandler) {42258238} }
D/StateMachine(  317): processMsg: SoftApStartedState
D/WifiStateMachine(  317): SoftApStartedState{ what=131149 when=-111ms target=Handler (com.android.internal.util.StateMachine$SmHandler) {42258238} }
D/StateMachine(  317): processMsg: DefaultState
D/WifiStateMachine(  317): DefaultState{ what=131149 when=-115ms target=Handler (com.android.internal.util.StateMachine$SmHandler) {42258238} }
D/StateMachine(  317): handleMessage: X
D/VoldCmdListener(  103): volume mount_encrypted /storage/sdcard0 {} {} off
D/DialerApp(  567): StateReceiver(): onServiceStateChanged state=3
I/TelephonyRegistry(  317): notifyDataConnection: state=0 isDataConnectivityPossible=false reason='radioTurnedOff' apn='null' apnType=httpproxy networkType=0 roaming=false errorCause=0preConn = []
D/StatusBar.NetworkController(  424): dumpState[hasService=false ServiceState=3 home null null null  Unknown CSS not supported -1 -1 RoamInd=-1 DefRoamInd=-1EriInd= -1EriMode= -1RadioPowerSv: false EmergOnly=false PhoneType: 1 IsCdma=false SimState=UNKNOWN GprsState=1 DataState=Disconnected DataActivity=NONE NetworkType=UNKNOWN HtcModemLinkOn=false]
D/libc    (  108): pt_debug : pthread_create->start_routine=0x40863735, tls=0x4f8a7f00, arg=0x416183f0
D/SIGNAL_ICON(  424): updateTelephonySignalStrength
D/SIGNAL_ICON(  424): fakeui srv=0 mTimerEnabled=false asu=99
D/SIGNAL_ICON(  424): no service, show x
D/DATA_ICON(  424): updateDataNetType: networkType=UNKNOWN
D/DATA_ICON(  424): updateDataIcon
D/libc    (  108): pt_debug : __thread_entry->func=0x40863735
D/libc    (  108): , tls=0x4f8a7f00, arg=0x416183f0
D/libc    (  108): pt_debug : pthread_create->start_routine=0x40863735, tls=0x4f9a7f00, arg=0x531cd008
D/libc    (  108): pt_debug : __thread_entry->func=0x40863735
D/libc    (  108): , tls=0x4f9a7f00, arg=0x531cd008
D/libc    (  108): pt_debug : pthread_create->start_routine=0x40863735, tls=0x4faa7f00, arg=0x52dde1e0
D/libc    (  108): pt_debug : __thread_entry->func=0x40863735
D/libc    (  108): , tls=0x4faa7f00, arg=0x52dde1e0
I/ActivityManager(  317): Start proc com.htc.widget.weatherclock for broadcast com.htc.widget.weatherclockagent/.WeatherClock4x1Receiver: pid=782 uid=10027 gids={3003, 1028}
D/StatusBar.NetworkController(  424): dumpIconState[dataVisible=false dataIconId=(null) signalIconId=stat_sys_5signal_null lastIconLevel=0 wifiVisible=false wifiIconId=(null) simCardVisible=false simCardIconId=null airplaneMode=false]
D/libc    (  567): pt_debug : pthread_create->start_routine=0x40863735, tls=0x5444df00, arg=0x528cc028
I/AudioService(  317): mBootCompleted !!!
D/AudioService(  317): [HtcBeatsEffect]loadSoundEffect id=-100
D/AudioService(  317): [HtcBeatsEffect]checkBeatsSupport mMirrorOn=false mHeadsetConnected=false mBTHeadsetConnected=false mHDMIOn=false mBeatsSpeaker=false
D/AudioService(  317): [HtcBeatsEffect]setParameters(global_effect=none)
D/libc    (  110): pt_debug : pthread_create->start_routine=0x400176b1, tls=0x4315af00, arg=0x42245358
D/AudioService(  317): broadcastSoundEffectChanged effect=800
D/MobileDataStateTracker(  317): httpproxy: Broadcast received: ACTION_ANY_DATA_CONNECTION_STATE_CHANGED mApnType=httpproxy == received apnType=httpproxy
D/AudioService(  317): getDeviceVolume from stream: 3, device: 4, volume: 7
D/AudioService(  317): getDeviceVolume from stream: 3, device: 8, volume: 7
D/MobileDataStateTracker(  317): httpproxy: Received state=DISCONNECTED, old=DISCONNECTED, reason=radioTurnedOff
V/WiredAccessoryObserver(  317): init()
V/DATA    (  558): [DPN] state=DISCONNECTED possible=false reason=radioTurnedOff apn=null type=entitle lp=<<null>> tech=0 roaming=false errorCause=0 carrier=null
D/DATA    (  558): [PhoneNotifier] update DcParam of entitle(9)
I/TelephonyRegistry(  317): notifyDataConnection: state=0 isDataConnectivityPossible=false reason='radioTurnedOff' apn='null' apnType=entitle networkType=0 roaming=false errorCause=0preConn = []
V/DATA    (  558): [DPN] state=DISCONNECTED possible=false reason=radioTurnedOff apn=null type=internet lp=<<null>> tech=0 roaming=false errorCause=0 carrier=null
D/UsbDeviceManager(  317): boot completed
D/MobileDataStateTracker(  317): httpproxy: mMobileDataState=DISCONNECTED mTeardownRequested=false got [AnyDataCSC] : type=httpproxy state=DISCONNECTED reason=radioTurnedOff apn=null roaming=false unavailable=true NetworkType=0 NetworkTypeName=UNKNOWN entitleError=0
D/DATA    (  558): [PhoneNotifier] update DcParam of internet(8)
D/libc    (  782): pt_debug : pthread_create->start_routine=0x40862ca5, tls=0x4f8a7f00, arg=0x40e13ce8
D/libc    (  110): pt_debug : __thread_entry->func=0x400176b1
D/libc    (  110): , tls=0x4315af00, arg=0x42245358
D/libc    (  567): pt_debug : __thread_entry->func=0x40863735
D/libc    (  567): , tls=0x5444df00, arg=0x528cc028
D/MobileDataStateTracker(  317): entitle: Broadcast received: ACTION_ANY_DATA_CONNECTION_STATE_CHANGED mApnType=entitle == received apnType=entitle
D/libc    (  782): pt_debug : __thread_entry->func=0x40862ca5
D/libc    (  782): , tls=0x4f8a7f00, arg=0x40e13ce8
D/UsbDeviceManager(  317): [USBNET] handleMessage: 4; mConnected=true, mConfiguration=true
I/TelephonyRegistry(  317): notifyDataConnection: state=0 isDataConnectivityPossible=false reason='radioTurnedOff' apn='null' apnType=internet networkType=0 roaming=false errorCause=0preConn = []
D/libc    (  567): pt_debug : pthread_create->start_routine=0x40863735, tls=0x5454df00, arg=0x528ccc70
D/KeyguardUpdateMonitor(  317): handleSimStateChange: intentValue = UNKNOWN state resolved to UNKNOWN , mSimState = READY
V/DATA    (  558): [DPN] state=DISCONNECTED possible=false reason=radioTurnedOff apn=null type=admin lp=<<null>> tech=0 roaming=false errorCause=0 carrier=null
D/libc    (  782): pt_debug : pthread_create->start_routine=0x40862ca5, tls=0x4f9a7f00, arg=0x4fb873f0
D/libc    (  567): pt_debug : __thread_entry->func=0x40863735
D/libc    (  567): , tls=0x5454df00, arg=0x528ccc70
D/libc    (  782): pt_debug : __thread_entry->func=0x40862ca5
D/libc    (  782): , tls=0x4f9a7f00, arg=0x4fb873f0
D/libc    (  782): pt_debug : pthread_create->start_routine=0x40862ca5, tls=0x4faa7f00, arg=0x4ee93528
I/PeopleApp(  567): Preload all people cursor with - displayOnlyPhones: false
D/libc    (  782): pt_debug : __thread_entry->func=0x40862ca5
D/libc    (  782): , tls=0x4faa7f00, arg=0x4ee93528
D/libc    (  782): pt_debug : pthread_create->start_routine=0x40862ca5, tls=0x5339ef00, arg=0x4ef99008
D/DATA    (  558): [PhoneNotifier] update DcParam of admin(10)
D/libc    (  782): pt_debug : __thread_entry->func=0x40862ca5
D/libc    (  782): , tls=0x5339ef00, arg=0x4ef99008
D/libc    (  782): pt_debug : pthread_create->start_routine=0x40863735, tls=0x5349ef00, arg=0x528c0008
D/GestureInputFilter(  317): Gesture input filter installed.
D/libc    (  782): pt_debug : __thread_entry->func=0x40863735
D/libc    (  782): , tls=0x5349ef00, arg=0x528c0008
D/libc    (  782): pt_debug : pthread_create->start_routine=0x40863735, tls=0x5359ef00, arg=0x52c82b38
W/WindowManager(  317): Window freeze timeout expired.
W/WindowManager(  317): Force clearing orientation change: Window{41b21668 Idlescreen:com.htc.idlescreen.shortcut paused=false}
I/TelephonyRegistry(  317): notifyDataConnection: state=0 isDataConnectivityPossible=false reason='radioTurnedOff' apn='null' apnType=admin networkType=0 roaming=false errorCause=0preConn = []
D/libc    (  782): pt_debug : __thread_entry->func=0x40863735
D/libc    (  782): , tls=0x5359ef00, arg=0x52c82b38
D/libc    (  782): pt_debug : pthread_create->start_routine=0x40863735, tls=0x5369ef00, arg=0x528d9360
D/libc    (  782): pt_debug : __thread_entry->func=0x40863735
D/libc    (  782): , tls=0x5369ef00, arg=0x528d9360
D/MobileDataStateTracker(  317): entitle: Received state=DISCONNECTED, old=DISCONNECTED, reason=radioTurnedOff
E/wpa_supplicant(  780): nl80211: Could not configure driver to use managed mode
E/wpa_supplicant(  780): Could not read interface wlan0 flags: No such device
E/wpa_supplicant(  780): wlan0: Failed to initialize driver interface
V/DATA    (  558): [DPN] state=DISCONNECTED possible=false reason=radioTurnedOff apn=null type=cmmail lp=<<null>> tech=0 roaming=false errorCause=0 carrier=null
D/MobileDataStateTracker(  317): entitle: mMobileDataState=DISCONNECTED mTeardownRequested=false got [AnyDataCSC] : type=entitle state=DISCONNECTED reason=radioTurnedOff apn=null roaming=false unavailable=true NetworkType=0 NetworkTypeName=UNKNOWN entitleError=0
D/DATA    (  558): [PhoneNotifier] update DcParam of cmmail(15)
D/libc    (  782): pt_debug : pthread_create->start_routine=0x400806b1, tls=0x5399cf00, arg=0x4ee93548
E/WVMExtractor(  110): Failed to open libwvm.so
D/libc    (  567): pt_debug : pthread_create->start_routine=0x40863735, tls=0x5444df00, arg=0x528ccc70
D/libc    (  110): pt_debug : pthread_create->start_routine=0x40848691, tls=0x43490f00, arg=0x4225c6bc
I/TelephonyRegistry(  317): notifyDataConnection: state=0 isDataConnectivityPossible=false reason='radioTurnedOff' apn='null' apnType=cmmail networkType=0 roaming=false errorCause=0preConn = []
D/BluetoothService(  317): Received BT_BOOTUP message
D/BluetoothService(  317): No need to turn BT during the phone rebooting
D/MobileDataStateTracker(  317): internet: Broadcast received: ACTION_ANY_DATA_CONNECTION_STATE_CHANGED mApnType=internet == received apnType=internet
V/DATA    (  558): [DPN] state=DISCONNECTED possible=false reason=radioTurnedOff apn=null type=fota lp=<<null>> tech=0 roaming=false errorCause=0 carrier=null
D/DATA    (  558): [PhoneNotifier] update DcParam of fota(6)
D/MobileDataStateTracker(  317): internet: Received state=DISCONNECTED, old=DISCONNECTED, reason=radioTurnedOff
I/TelephonyRegistry(  317): notifyDataConnection: state=0 isDataConnectivityPossible=false reason='radioTurnedOff' apn='null' apnType=fota networkType=0 roaming=false errorCause=0preConn = []
V/DATA    (  558): [DPN] state=DISCONNECTED possible=false reason=radioTurnedOff apn=null type=dun lp=<<null>> tech=0 roaming=false errorCause=0 carrier=null
D/libc    (  518): pt_debug : pthread_create->start_routine=0x40863735, tls=0x54b2af00, arg=0x529e3a70
D/libc    (  782): pt_debug : __thread_entry->func=0x400806b1
D/libc    (  782): , tls=0x5399cf00, arg=0x4ee93548
D/DATA    (  558): [PhoneNotifier] update DcParam of dun(3)
D/libc    (  110): pt_debug : __thread_entry->func=0x40848691
D/libc    (  110): , tls=0x43490f00, arg=0x4225c6bc
D/libc    (  110): pt_debug : pthread_create->start_routine=0x400176b1, tls=0x4363bf00, arg=0x42249e48
D/libc    (  567): pt_debug : __thread_entry->func=0x40863735
D/libc    (  567): , tls=0x5444df00, arg=0x528ccc70
I/TelephonyRegistry(  317): notifyDataConnection: state=0 isDataConnectivityPossible=false reason='radioTurnedOff' apn='null' apnType=dun networkType=0 roaming=false errorCause=0preConn = []
D/libc    (  558): pt_debug : pthread_create->start_routine=0x400806b1, tls=0x55132f00, arg=0x50743a00
D/libc    (  782): pt_debug : pthread_create->start_routine=0x400806b1, tls=0x53a9cf00, arg=0x4fb87258
I/ActivityThread(  724): Pub com.htc.opensense.social: com.htc.opensense.social.provider.SocialProvider
D/libc    (  782): pt_debug : __thread_entry->func=0x400806b1
D/libc    (  782): , tls=0x53a9cf00, arg=0x4fb87258
D/libc    (  558): pt_debug : __thread_entry->func=0x400806b1
D/libc    (  558): , tls=0x55132f00, arg=0x50743a00
D/libc    (  110): pt_debug : __thread_entry->func=0x400176b1
D/libc    (  110): , tls=0x4363bf00, arg=0x42249e48
D/libc    (  518): pt_debug : __thread_entry->func=0x40863735
D/libc    (  518): , tls=0x54b2af00, arg=0x529e3a70
I/Vold    (  103): /dev/block/vold/179:1 being considered for volume sdcard
D/MobileDataStateTracker(  317): internet: mMobileDataState=DISCONNECTED mTeardownRequested=false got [AnyDataCSC] : type=internet state=DISCONNECTED reason=radioTurnedOff apn=null roaming=false unavailable=true NetworkType=0 NetworkTypeName=UNKNOWN entitleError=0
D/MobileDataStateTracker(  317): admin: Broadcast received: ACTION_ANY_DATA_CONNECTION_STATE_CHANGED mApnType=admin == received apnType=admin
I/ActivityThread(  733): Pub htcmediacache: com.htc.MediaCacheService.main.MediaCacheProvider
V/DATA    (  558): [DPN] state=DISCONNECTED possible=false reason=radioTurnedOff apn=null type=supl lp=<<null>> tech=0 roaming=false errorCause=0 carrier=null
D/DATA    (  558): [PhoneNotifier] update DcParam of supl(2)
D/MobileDataStateTracker(  317): admin: Received state=DISCONNECTED, old=DISCONNECTED, reason=radioTurnedOff
I/TelephonyRegistry(  317): notifyDataConnection: state=0 isDataConnectivityPossible=false reason='radioTurnedOff' apn='null' apnType=supl networkType=0 roaming=false errorCause=0preConn = []
E/WVMExtractor(  110): Failed to open libwvm.so
D/MediaCacheProvider(  733): [MediaCacheProvider] call method begin getlist
V/DATA    (  558): [DPN] state=DISCONNECTED possible=false reason=radioTurnedOff apn=null type=hipri lp=<<null>> tech=0 roaming=false errorCause=0 carrier=null
D/MobileDataStateTracker(  317): admin: mMobileDataState=DISCONNECTED mTeardownRequested=false got [AnyDataCSC] : type=admin state=DISCONNECTED reason=radioTurnedOff apn=null roaming=false unavailable=true NetworkType=0 NetworkTypeName=UNKNOWN entitleError=0
D/MobileDataStateTracker(  317): cmmail: Broadcast received: ACTION_ANY_DATA_CONNECTION_STATE_CHANGED mApnType=cmmail == received apnType=cmmail
I/Choreographer(  518): Skipped 105 frames!  The application may be doing too much work on its main thread.
D/DATA    (  558): [PhoneNotifier] update DcParam of hipri(4)
I/TelephonyRegistry(  317): notifyDataConnection: state=0 isDataConnectivityPossible=false reason='radioTurnedOff' apn='null' apnType=hipri networkType=0 roaming=false errorCause=0preConn = []
I/ActivityThread(  724): Pub com.htc.settings.accountsync.SYNC: com.htc.opensense.syncprovider.SyncProvider
V/DATA    (  558): [DPN] state=DISCONNECTED possible=false reason=radioTurnedOff apn=null type=ims lp=<<null>> tech=0 roaming=false errorCause=0 carrier=null
D/MobileDataStateTracker(  317): cmmail: Received state=DISCONNECTED, old=DISCONNECTED, reason=radioTurnedOff
D/DATA    (  558): [PhoneNotifier] update DcParam of ims(5)
I/TelephonyRegistry(  317): notifyDataConnection: state=0 isDataConnectivityPossible=false reason='radioTurnedOff' apn='null' apnType=ims networkType=0 roaming=false errorCause=0preConn = []
V/DATA    (  558): [DPN] state=DISCONNECTED possible=false reason=radioTurnedOff apn=null type=default lp=<<null>> tech=0 roaming=false errorCause=0 carrier=null
E/Trace   (  782): error opening trace file: No such file or directory (2)
D/MobileDataStateTracker(  317): cmmail: mMobileDataState=DISCONNECTED mTeardownRequested=false got [AnyDataCSC] : type=cmmail state=DISCONNECTED reason=radioTurnedOff apn=null roaming=false unavailable=true NetworkType=0 NetworkTypeName=UNKNOWN entitleError=0
D/DATA    (  558): [PhoneNotifier] update DcParam of default(0)
D/MobileDataStateTracker(  317): fota: Broadcast received: ACTION_ANY_DATA_CONNECTION_STATE_CHANGED mApnType=fota == received apnType=fota
I/TelephonyRegistry(  317): notifyDataConnection: state=0 isDataConnectivityPossible=false reason='radioTurnedOff' apn='null' apnType=default networkType=0 roaming=false errorCause=0preConn = []
V/DATA    (  558): [DPN] state=DISCONNECTED possible=false reason=radioTurnedOff apn=null type=mms lp=<<null>> tech=0 roaming=false errorCause=0 carrier=null
D/SyncProvider(  724): onCreate
D/DATA    (  558): [PhoneNotifier] update DcParam of mms(1)
I/TelephonyRegistry(  317): notifyDataConnection: state=0 isDataConnectivityPossible=false reason='radioTurnedOff' apn='null' apnType=mms networkType=0 roaming=false errorCause=0preConn = []
I/ActivityThread(  724): Pub com.htc.providers.uploads: com.htc.providers.uploads.UploadProvider
V/DATA    (  558): [DPN] state=DISCONNECTED possible=false reason=radioTurnedOff apn=null type=bip lp=<<null>> tech=0 roaming=false errorCause=0 carrier=null
D/DATA    (  558): [PhoneNotifier] update DcParam of bip(17)
D/MobileDataStateTracker(  317): fota: Received state=DISCONNECTED, old=DISCONNECTED, reason=radioTurnedOff
D/MobileDataStateTracker(  317): fota: mMobileDataState=DISCONNECTED mTeardownRequested=false got [AnyDataCSC] : type=fota state=DISCONNECTED reason=radioTurnedOff apn=null roaming=false unavailable=true NetworkType=0 NetworkTypeName=UNKNOWN entitleError=0
I/TelephonyRegistry(  317): notifyDataConnection: state=0 isDataConnectivityPossible=false reason='radioTurnedOff' apn='null' apnType=bip networkType=0 roaming=false errorCause=0preConn = []
D/MobileDataStateTracker(  317): dun: Broadcast received: ACTION_ANY_DATA_CONNECTION_STATE_CHANGED mApnType=dun == received apnType=dun
V/DATA    (  558): [DPN] state=DISCONNECTED possible=false reason=null apn=null type=default lp=<<null>> tech=0 roaming=false errorCause=0 carrier=null
D/DATA    (  558): [PhoneNotifier] update DcParam of default(0)
D/MobileDataStateTracker(  317): dun: Received state=DISCONNECTED, old=DISCONNECTED, reason=radioTurnedOff
I/TelephonyRegistry(  317): notifyDataConnection: state=0 isDataConnectivityPossible=false reason='null' apn='null' apnType=default networkType=0 roaming=false errorCause=0preConn = []
W/Searchables(  317): No global search activity found
V/DATA    (  558): [DPN] state=DISCONNECTED possible=false reason=dataDetached apn=null type=default lp=<<null>> tech=0 roaming=false errorCause=0 carrier=null
D/DATA    (  558): [PhoneNotifier] update DcParam of default(0)
I/TelephonyRegistry(  317): notifyDataConnection: state=0 isDataConnectivityPossible=false reason='dataDetached' apn='null' apnType=default networkType=0 roaming=false errorCause=0preConn = []
D/libc    (  567): pt_debug : pthread_create->start_routine=0x40863735, tls=0x5444df00, arg=0x5291c288
D/MobileDataStateTracker(  317): dun: mMobileDataState=DISCONNECTED mTeardownRequested=false got [AnyDataCSC] : type=dun state=DISCONNECTED reason=radioTurnedOff apn=null roaming=false unavailable=true NetworkType=0 NetworkTypeName=UNKNOWN entitleError=0
D/MobileDataStateTracker(  317): supl: Broadcast received: ACTION_ANY_DATA_CONNECTION_STATE_CHANGED mApnType=supl == received apnType=supl
D/libc    (  567): pt_debug : __thread_entry->func=0x40863735
D/libc    (  567): , tls=0x5444df00, arg=0x5291c288
D/libc    (  110): pt_debug : pthread_create->start_routine=0x40848691, tls=0x434ebf00, arg=0x4225c744
V/DATA    (  558): [DPN] state=DISCONNECTED possible=false reason=roamingOff apn=null type=default lp=<<null>> tech=0 roaming=false errorCause=0 carrier=null
D/MobileDataStateTracker(  317): supl: Received state=DISCONNECTED, old=DISCONNECTED, reason=radioTurnedOff
D/DATA    (  558): [PhoneNotifier] update DcParam of default(0)
D/libc    (  110): pt_debug : __thread_entry->func=0x40848691
D/libc    (  110): , tls=0x434ebf00, arg=0x4225c744
D/libc    (  110): pt_debug : pthread_create->start_routine=0x400176b1, tls=0x436bdf00, arg=0x422385c0
I/TelephonyRegistry(  317): notifyDataConnection: state=0 isDataConnectivityPossible=false reason='roamingOff' apn='null' apnType=default networkType=0 roaming=false errorCause=0preConn = []
D/libc    (  110): pt_debug : pthread_create->start_routine=0x400176b1, tls=0x4384bf00, arg=0x42238360
D/libc    (  110): pt_debug : __thread_entry->func=0x400176b1
D/libc    (  110): , tls=0x436bdf00, arg=0x422385c0
D/libc    (  110): pt_debug : __thread_entry->func=0x400176b1
D/libc    (  110): , tls=0x4384bf00, arg=0x42238360
D/libc    (  108): pt_debug : pthread_create->start_routine=0x40863735, tls=0x4f8a7f00, arg=0x416183f0
E/OMXNodeInstance(  110): OMX_FreeBuffer for buffer header 0x41f48880 successful
E/OMXNodeInstance(  110): OMX_FreeBuffer for buffer header 0x41f48a90 successful
E/OMXNodeInstance(  110): OMX_FreeBuffer for buffer header 0x41f48bd0 successful
E/OMXNodeInstance(  110): OMX_FreeBuffer for buffer header 0x41f48cf8 successful
D/libc    (  108): pt_debug : __thread_entry->func=0x40863735
D/libc    (  108): , tls=0x4f8a7f00, arg=0x416183f0
D/libc    (  108): pt_debug : pthread_create->start_routine=0x40863735, tls=0x4f9a7f00, arg=0x4ef0fb68
D/libc    (  108): pt_debug : __thread_entry->func=0x40863735
D/libc    (  108): , tls=0x4f9a7f00, arg=0x4ef0fb68
D/libc    (  108): pt_debug : pthread_create->start_routine=0x40863735, tls=0x4faa7f00, arg=0x531cd008
D/libc    (  110): pt_debug : pthread_create->start_routine=0x400176b1, tls=0x4394bf00, arg=0x41f48b28
D/libc    (  108): pt_debug : __thread_entry->func=0x40863735
D/libc    (  108): , tls=0x4faa7f00, arg=0x531cd008
I/ActivityManager(  317): Start proc com.android.settings:remote for broadcast com.android.settings/.widget.SettingsAppWidgetProvider: pid=811 uid=1000 gids={3006, 1015, 3002, 3001, 3003, 1028, 5011, 3007}
D/UploadProvider(  724): UploadProvider is running
D/libc    (  811): pt_debug : pthread_create->start_routine=0x40862ca5, tls=0x4f8a7f00, arg=0x40e13ce8
D/libc    (  110): pt_debug : __thread_entry->func=0x400176b1
D/libc    (  110): , tls=0x4394bf00, arg=0x41f48b28
D/MobileDataStateTracker(  317): supl: mMobileDataState=DISCONNECTED mTeardownRequested=false got [AnyDataCSC] : type=supl state=DISCONNECTED reason=radioTurnedOff apn=null roaming=false unavailable=true NetworkType=0 NetworkTypeName=UNKNOWN entitleError=0
I/ActivityThread(  724): Pub com.htc.cachemanager: com.htc.opensense.cachemanager.CacheProvider
D/libc    (  811): pt_debug : __thread_entry->func=0x40862ca5
D/libc    (  811): , tls=0x4f8a7f00, arg=0x40e13ce8
D/MobileDataStateTracker(  317): hipri: Broadcast received: ACTION_ANY_DATA_CONNECTION_STATE_CHANGED mApnType=hipri == received apnType=hipri
E/OMXNodeInstance(  110): OMX_FreeBuffer for buffer header 0x41f486f8 successful
E/OMXNodeInstance(  110): OMX_FreeBuffer for buffer header 0x41f48640 successful
E/OMXNodeInstance(  110): OMX_FreeBuffer for buffer header 0x41f48570 successful
E/OMXNodeInstance(  110): OMX_FreeBuffer for buffer header 0x41f48430 successful
E/OMXNodeInstance(  110): OMX_FreeBuffer for buffer header 0x41f48750 successful
E/OMXNodeInstance(  110): OMX_FreeBuffer for buffer header 0x41f463e0 successful
E/OMXNodeInstance(  110): OMX_FreeBuffer for buffer header 0x4223bbc0 successful
E/OMXNodeInstance(  110): OMX_FreeBuffer for buffer header 0x4223bf38 successful
D/libc    (  811): pt_debug : pthread_create->start_routine=0x40862ca5, tls=0x4f9a7f00, arg=0x507370c8
D/libc    (  811): pt_debug : __thread_entry->func=0x40862ca5
D/libc    (  811): , tls=0x4f9a7f00, arg=0x507370c8
D/libc    (  811): pt_debug : pthread_create->start_routine=0x40862ca5, tls=0x4faa7f00, arg=0x4ee93528
I/ActivityThread(  724): Pub com.htc.plugin.news: com.htc.plugin.news.provider.NewsProvider
D/libc    (  811): pt_debug : __thread_entry->func=0x40862ca5
D/libc    (  811): , tls=0x4faa7f00, arg=0x4ee93528
D/libc    (  811): pt_debug : pthread_create->start_routine=0x40862ca5, tls=0x5339ef00, arg=0x4ef99008
D/MobileDataStateTracker(  317): hipri: Received state=DISCONNECTED, old=DISCONNECTED, reason=radioTurnedOff
D/libc    (  811): pt_debug : __thread_entry->func=0x40862ca5
D/libc    (  811): , tls=0x5339ef00, arg=0x4ef99008
D/libc    (  811): pt_debug : pthread_create->start_routine=0x40863735, tls=0x5349ef00, arg=0x528c0008
D/libc    (  811): pt_debug : __thread_entry->func=0x40863735
D/libc    (  811): , tls=0x5349ef00, arg=0x528c0008
D/libc    (  811): pt_debug : pthread_create->start_routine=0x40863735, tls=0x5359ef00, arg=0x52c82b38
D/DialerService(  567): DialerService start !!
D/libc    (  811): pt_debug : __thread_entry->func=0x40863735
D/libc    (  811): , tls=0x5359ef00, arg=0x52c82b38
D/libc    (  811): pt_debug : pthread_create->start_routine=0x40863735, tls=0x5369ef00, arg=0x528d9360
D/libc    (  811): pt_debug : __thread_entry->func=0x40863735
D/libc    (  811): , tls=0x5369ef00, arg=0x528d9360
D/MobileDataStateTracker(  317): hipri: mMobileDataState=DISCONNECTED mTeardownRequested=false got [AnyDataCSC] : type=hipri state=DISCONNECTED reason=radioTurnedOff apn=null roaming=false unavailable=true NetworkType=0 NetworkTypeName=UNKNOWN entitleError=0
D/MobileDataStateTracker(  317): ims: Broadcast received: ACTION_ANY_DATA_CONNECTION_STATE_CHANGED mApnType=ims == received apnType=ims
D/libc    (  567): pt_debug : pthread_create->start_routine=0x40863735, tls=0x5454df00, arg=0x5291d550
E/WVMExtractor(  110): Failed to open libwvm.so
D/libc    (  567): pt_debug : __thread_entry->func=0x40863735
D/libc    (  567): , tls=0x5454df00, arg=0x5291d550
D/PrismEventWrapper(  733): [LoadLayoutClass]-678
D/libc    (  811): pt_debug : pthread_create->start_routine=0x400806b1, tls=0x5399cf00, arg=0x4ee93548
D/MobileDataStateTracker(  317): ims: Received state=DISCONNECTED, old=DISCONNECTED, reason=radioTurnedOff
D/MobileDataStateTracker(  317): ims: mMobileDataState=DISCONNECTED mTeardownRequested=false got [AnyDataCSC] : type=ims state=DISCONNECTED reason=radioTurnedOff apn=null roaming=false unavailable=true NetworkType=0 NetworkTypeName=UNKNOWN entitleError=0
D/libc    (  811): pt_debug : __thread_entry->func=0x400806b1
D/libc    (  811): , tls=0x5399cf00, arg=0x4ee93548
D/MobileDataStateTracker(  317): default: Broadcast received: ACTION_ANY_DATA_CONNECTION_STATE_CHANGED mApnType=default == received apnType=default
I/AccountTypeManager(  567): Loaded meta-data for 4 account types, 2 accounts in 361ms(wall) 25ms(cpu)
D/libc    (  811): pt_debug : pthread_create->start_routine=0x400806b1, tls=0x53a9cf00, arg=0x52ff4730
D/MobileDataStateTracker(  317): default: Received state=DISCONNECTED, old=DISCONNECTED, reason=radioTurnedOff
D/libc    (  811): pt_debug : __thread_entry->func=0x400806b1
D/libc    (  811): , tls=0x53a9cf00, arg=0x52ff4730
D/MobileDataStateTracker(  317): default: mMobileDataState=DISCONNECTED mTeardownRequested=false got [AnyDataCSC] : type=default state=DISCONNECTED reason=radioTurnedOff apn=null roaming=false unavailable=true NetworkType=0 NetworkTypeName=UNKNOWN entitleError=0
D/MobileDataStateTracker(  317): mms: Broadcast received: ACTION_ANY_DATA_CONNECTION_STATE_CHANGED mApnType=mms == received apnType=mms
D/libc    (  110): pt_debug : pthread_create->start_routine=0x40848691, tls=0x43647f00, arg=0x4225c72c
D/MobileDataStateTracker(  317): mms: Received state=DISCONNECTED, old=DISCONNECTED, reason=radioTurnedOff
E/Trace   (  811): error opening trace file: No such file or directory (2)
D/libc    (  110): pt_debug : __thread_entry->func=0x40848691
D/libc    (  110): , tls=0x43647f00, arg=0x4225c72c
D/MobileDataStateTracker(  317): mms: mMobileDataState=DISCONNECTED mTeardownRequested=false got [AnyDataCSC] : type=mms state=DISCONNECTED reason=radioTurnedOff apn=null roaming=false unavailable=true NetworkType=0 NetworkTypeName=UNKNOWN entitleError=0
D/MobileDataStateTracker(  317): bip: Broadcast received: ACTION_ANY_DATA_CONNECTION_STATE_CHANGED mApnType=bip == received apnType=bip
D/libc    (  110): pt_debug : pthread_create->start_routine=0x400176b1, tls=0x437eaf00, arg=0x42239db0
D/libc    (  110): pt_debug : pthread_create->start_routine=0x400176b1, tls=0x4394ff00, arg=0x42239ee0
D/libc    (  110): pt_debug : __thread_entry->func=0x400176b1
D/libc    (  110): , tls=0x4394ff00, arg=0x42239ee0
D/libc    (  110): pt_debug : __thread_entry->func=0x400176b1
D/libc    (  110): , tls=0x437eaf00, arg=0x42239db0
D/MobileDataStateTracker(  317): bip: Received state=DISCONNECTED, old=DISCONNECTED, reason=radioTurnedOff
D/Vold    (  103): Volume sdcard state changing 1 (Idle-Unmounted) -> 3 (Checking)
E/OMXNodeInstance(  110): OMX_FreeBuffer for buffer header 0x4223a690 successful
E/OMXNodeInstance(  110): OMX_FreeBuffer for buffer header 0x4223a8a0 successful
E/OMXNodeInstance(  110): OMX_FreeBuffer for buffer header 0x4223a9e0 successful
E/OMXNodeInstance(  110): OMX_FreeBuffer for buffer header 0x4223ab08 successful
D/libc    (  110): pt_debug : pthread_create->start_routine=0x400176b1, tls=0x43a4ff00, arg=0x4223ab30
D/libc    (  110): pt_debug : __thread_entry->func=0x400176b1
D/libc    (  110): , tls=0x43a4ff00, arg=0x4223ab30
D/MobileDataStateTracker(  317): bip: mMobileDataState=DISCONNECTED mTeardownRequested=false got [AnyDataCSC] : type=bip state=DISCONNECTED reason=radioTurnedOff apn=null roaming=false unavailable=true NetworkType=0 NetworkTypeName=UNKNOWN entitleError=0
D/MobileDataStateTracker(  317): default: Broadcast received: ACTION_ANY_DATA_CONNECTION_STATE_CHANGED mApnType=default == received apnType=default
D/MountService(  317): volume state changed for /storage/sdcard0 (unmounted -> checking)
I/StorageNotification(  424): Media {/storage/sdcard0} state changed from {unmounted} -> {checking}
D/MountService(  317): sendStorageIntent Intent { act=android.intent.action.MEDIA_CHECKING dat=file (has extras) }
D/MobileDataStateTracker(  317): default: Received state=DISCONNECTED, old=DISCONNECTED, reason=(unspecified)
E/OMXNodeInstance(  110): OMX_FreeBuffer for buffer header 0x4223a508 successful
E/OMXNodeInstance(  110): OMX_FreeBuffer for buffer header 0x4223a450 successful
